Archive member included to satisfy reference by file (symbol)

C:/Users/16844/Desktop/gimbal111/gimbal/USER/components/algorithm/AHRS.lib(ahrs.o)
                              CMakeFiles/gimbal_task.elf.dir/USER/application/Task/INS_task.c.obj (AHRS_init)
C:/Users/16844/Desktop/gimbal111/gimbal/Middlewares/ST/ARM/DSP/Lib/libarm_cortexM4lf_math.a(arm_sin_f32.o)
                              CMakeFiles/gimbal_task.elf.dir/USER/application/module/gimbal/gimbal.c.obj (arm_sin_f32)
C:/Users/16844/Desktop/gimbal111/gimbal/Middlewares/ST/ARM/DSP/Lib/libarm_cortexM4lf_math.a(arm_cos_f32.o)
                              CMakeFiles/gimbal_task.elf.dir/USER/application/module/gimbal/gimbal.c.obj (arm_cos_f32)
C:/Users/16844/Desktop/gimbal111/gimbal/Middlewares/ST/ARM/DSP/Lib/libarm_cortexM4lf_math.a(arm_common_tables.o)
                              C:/Users/16844/Desktop/gimbal111/gimbal/Middlewares/ST/ARM/DSP/Lib/libarm_cortexM4lf_math.a(arm_sin_f32.o) (sinTable_f32)
C:/ClionToolChain/gcc-arm-none-eabi-10.3-2021.10/bin/../lib/gcc/arm-none-eabi/13.3.1/thumb/v7e-m+fp/hard\libgcc.a(_arm_muldf3.o)
                              CMakeFiles/gimbal_task.elf.dir/USER/application/Task/led_task.c.obj (__aeabi_dmul)
C:/ClionToolChain/gcc-arm-none-eabi-10.3-2021.10/bin/../lib/gcc/arm-none-eabi/13.3.1/thumb/v7e-m+fp/hard\libgcc.a(_arm_addsubdf3.o)
                              CMakeFiles/gimbal_task.elf.dir/USER/components/device/DJI_Motor/DJI_Motor.c.obj (__aeabi_dsub)
C:/ClionToolChain/gcc-arm-none-eabi-10.3-2021.10/bin/../lib/gcc/arm-none-eabi/13.3.1/thumb/v7e-m+fp/hard\libgcc.a(_arm_muldivdf3.o)
                              CMakeFiles/gimbal_task.elf.dir/USER/application/Task/led_task.c.obj (__aeabi_ddiv)
C:/ClionToolChain/gcc-arm-none-eabi-10.3-2021.10/bin/../lib/gcc/arm-none-eabi/13.3.1/thumb/v7e-m+fp/hard\libgcc.a(_arm_cmpdf2.o)
                              CMakeFiles/gimbal_task.elf.dir/USER/components/device/DJI_Motor/DJI_Motor.c.obj (__aeabi_dcmpgt)
C:/ClionToolChain/gcc-arm-none-eabi-10.3-2021.10/bin/../lib/gcc/arm-none-eabi/13.3.1/thumb/v7e-m+fp/hard\libgcc.a(_arm_truncdfsf2.o)
                              CMakeFiles/gimbal_task.elf.dir/USER/application/Task/led_task.c.obj (__aeabi_d2f)
C:/ClionToolChain/gcc-arm-none-eabi-10.3-2021.10/bin/../lib/gcc/arm-none-eabi/13.3.1/thumb/v7e-m+fp/hard\libgcc.a(_aeabi_uldivmod.o)
                              CMakeFiles/gimbal_task.elf.dir/Drivers/STM32F4xx_HAL_Driver/Src/stm32f4xx_hal_rcc.c.obj (__aeabi_uldivmod)
C:/ClionToolChain/gcc-arm-none-eabi-10.3-2021.10/bin/../lib/gcc/arm-none-eabi/13.3.1/thumb/v7e-m+fp/hard\libgcc.a(_udivmoddi4.o)
                              C:/ClionToolChain/gcc-arm-none-eabi-10.3-2021.10/bin/../lib/gcc/arm-none-eabi/13.3.1/thumb/v7e-m+fp/hard\libgcc.a(_aeabi_uldivmod.o) (__udivmoddi4)
C:/ClionToolChain/gcc-arm-none-eabi-10.3-2021.10/bin/../lib/gcc/arm-none-eabi/13.3.1/thumb/v7e-m+fp/hard\libgcc.a(_dvmd_tls.o)
                              C:/ClionToolChain/gcc-arm-none-eabi-10.3-2021.10/bin/../lib/gcc/arm-none-eabi/13.3.1/thumb/v7e-m+fp/hard\libgcc.a(_aeabi_uldivmod.o) (__aeabi_ldiv0)
C:/ClionToolChain/gcc-arm-none-eabi-10.3-2021.10/bin/../lib/gcc/arm-none-eabi/13.3.1/thumb/v7e-m+fp/hard\libg.a(libc_a-exit.o)
                              C:/ClionToolChain/gcc-arm-none-eabi-10.3-2021.10/bin/../lib/gcc/arm-none-eabi/13.3.1/thumb/v7e-m+fp/hard/crt0.o (exit)
C:/ClionToolChain/gcc-arm-none-eabi-10.3-2021.10/bin/../lib/gcc/arm-none-eabi/13.3.1/thumb/v7e-m+fp/hard\libg.a(libc_a-malloc.o)
                              CMakeFiles/gimbal_task.elf.dir/USER/components/support/fifo.c.obj (malloc)
C:/ClionToolChain/gcc-arm-none-eabi-10.3-2021.10/bin/../lib/gcc/arm-none-eabi/13.3.1/thumb/v7e-m+fp/hard\libg.a(libc_a-mallocr.o)
                              C:/ClionToolChain/gcc-arm-none-eabi-10.3-2021.10/bin/../lib/gcc/arm-none-eabi/13.3.1/thumb/v7e-m+fp/hard\libg.a(libc_a-malloc.o) (_malloc_r)
C:/ClionToolChain/gcc-arm-none-eabi-10.3-2021.10/bin/../lib/gcc/arm-none-eabi/13.3.1/thumb/v7e-m+fp/hard\libg.a(libc_a-mlock.o)
                              C:/ClionToolChain/gcc-arm-none-eabi-10.3-2021.10/bin/../lib/gcc/arm-none-eabi/13.3.1/thumb/v7e-m+fp/hard\libg.a(libc_a-mallocr.o) (__malloc_lock)
C:/ClionToolChain/gcc-arm-none-eabi-10.3-2021.10/bin/../lib/gcc/arm-none-eabi/13.3.1/thumb/v7e-m+fp/hard\libg.a(libc_a-findfp.o)
                              CMakeFiles/gimbal_task.elf.dir/Middlewares/Third_Party/FreeRTOS/Source/tasks.c.obj (__sf)
C:/ClionToolChain/gcc-arm-none-eabi-10.3-2021.10/bin/../lib/gcc/arm-none-eabi/13.3.1/thumb/v7e-m+fp/hard\libg.a(libc_a-fwalk.o)
                              C:/ClionToolChain/gcc-arm-none-eabi-10.3-2021.10/bin/../lib/gcc/arm-none-eabi/13.3.1/thumb/v7e-m+fp/hard\libg.a(libc_a-findfp.o) (_fwalk_sglue)
C:/ClionToolChain/gcc-arm-none-eabi-10.3-2021.10/bin/../lib/gcc/arm-none-eabi/13.3.1/thumb/v7e-m+fp/hard\libg.a(libc_a-stdio.o)
[...]
Memory Configuration

Name             Origin             Length             Attributes
CCMRAM           0x10000000         0x00010000         xrw
RAM              0x20000000         0x00020000         xrw
FLASH            0x08000000         0x00100000         xr
*default*        0x00000000         0xffffffff

Linker script and memory map

LOAD C:/ClionToolChain/gcc-arm-none-eabi-10.3-2021.10/bin/../lib/gcc/arm-none-eabi/13.3.1/thumb/v7e-m+fp/hard/crti.o
LOAD C:/ClionToolChain/gcc-arm-none-eabi-10.3-2021.10/bin/../lib/gcc/arm-none-eabi/13.3.1/thumb/v7e-m+fp/hard/crtbegin.o
LOAD C:/ClionToolChain/gcc-arm-none-eabi-10.3-2021.10/bin/../lib/gcc/arm-none-eabi/13.3.1/thumb/v7e-m+fp/hard/crt0.o
LOAD CMakeFiles/gimbal_task.elf.dir/Drivers/STM32F4xx_HAL_Driver/Src/stm32f4xx_hal.c.obj
LOAD CMakeFiles/gimbal_task.elf.dir/Drivers/STM32F4xx_HAL_Driver/Src/stm32f4xx_hal_adc.c.obj
LOAD CMakeFiles/gimbal_task.elf.dir/Drivers/STM32F4xx_HAL_Driver/Src/stm32f4xx_hal_adc_ex.c.obj
LOAD CMakeFiles/gimbal_task.elf.dir/Drivers/STM32F4xx_HAL_Driver/Src/stm32f4xx_hal_can.c.obj
LOAD CMakeFiles/gimbal_task.elf.dir/Drivers/STM32F4xx_HAL_Driver/Src/stm32f4xx_hal_cortex.c.obj
LOAD CMakeFiles/gimbal_task.elf.dir/Drivers/STM32F4xx_HAL_Driver/Src/stm32f4xx_hal_crc.c.obj
LOAD CMakeFiles/gimbal_task.elf.dir/Drivers/STM32F4xx_HAL_Driver/Src/stm32f4xx_hal_dma.c.obj
LOAD CMakeFiles/gimbal_task.elf.dir/Drivers/STM32F4xx_HAL_Driver/Src/stm32f4xx_hal_dma_ex.c.obj
LOAD CMakeFiles/gimbal_task.elf.dir/Drivers/STM32F4xx_HAL_Driver/Src/stm32f4xx_hal_exti.c.obj
LOAD CMakeFiles/gimbal_task.elf.dir/Drivers/STM32F4xx_HAL_Driver/Src/stm32f4xx_hal_flash.c.obj
LOAD CMakeFiles/gimbal_task.elf.dir/Drivers/STM32F4xx_HAL_Driver/Src/stm32f4xx_hal_flash_ex.c.obj
LOAD CMakeFiles/gimbal_task.elf.dir/Drivers/STM32F4xx_HAL_Driver/Src/stm32f4xx_hal_flash_ramfunc.c.obj
LOAD CMakeFiles/gimbal_task.elf.dir/Drivers/STM32F4xx_HAL_Driver/Src/stm32f4xx_hal_gpio.c.obj
LOAD CMakeFiles/gimbal_task.elf.dir/Drivers/STM32F4xx_HAL_Driver/Src/stm32f4xx_hal_i2c.c.obj
LOAD CMakeFiles/gimbal_task.elf.dir/Drivers/STM32F4xx_HAL_Driver/Src/stm32f4xx_hal_i2c_ex.c.obj
LOAD CMakeFiles/gimbal_task.elf.dir/Drivers/STM32F4xx_HAL_Driver/Src/stm32f4xx_hal_pcd.c.obj
LOAD CMakeFiles/gimbal_task.elf.dir/Drivers/STM32F4xx_HAL_Driver/Src/stm32f4xx_hal_pcd_ex.c.obj
LOAD CMakeFiles/gimbal_task.elf.dir/Drivers/STM32F4xx_HAL_Driver/Src/stm32f4xx_hal_pwr.c.obj
LOAD CMakeFiles/gimbal_task.elf.dir/Drivers/STM32F4xx_HAL_Driver/Src/stm32f4xx_hal_pwr_ex.c.obj
LOAD CMakeFiles/gimbal_task.elf.dir/Drivers/STM32F4xx_HAL_Driver/Src/stm32f4xx_hal_rcc.c.obj
LOAD CMakeFiles/gimbal_task.elf.dir/Drivers/STM32F4xx_HAL_Driver/Src/stm32f4xx_hal_rcc_ex.c.obj
LOAD CMakeFiles/gimbal_task.elf.dir/Drivers/STM32F4xx_HAL_Driver/Src/stm32f4xx_hal_rng.c.obj
LOAD CMakeFiles/gimbal_task.elf.dir/Drivers/STM32F4xx_HAL_Driver/Src/stm32f4xx_hal_rtc.c.obj
LOAD CMakeFiles/gimbal_task.elf.dir/Drivers/STM32F4xx_HAL_Driver/Src/stm32f4xx_hal_rtc_ex.c.obj
LOAD CMakeFiles/gimbal_task.elf.dir/Drivers/STM32F4xx_HAL_Driver/Src/stm32f4xx_hal_spi.c.obj
LOAD CMakeFiles/gimbal_task.elf.dir/Drivers/STM32F4xx_HAL_Driver/Src/stm32f4xx_hal_tim.c.obj
LOAD CMakeFiles/gimbal_task.elf.dir/Drivers/STM32F4xx_HAL_Driver/Src/stm32f4xx_hal_tim_ex.c.obj
LOAD CMakeFiles/gimbal_task.elf.dir/Drivers/STM32F4xx_HAL_Driver/Src/stm32f4xx_hal_uart.c.obj
LOAD CMakeFiles/gimbal_task.elf.dir/Drivers/STM32F4xx_HAL_Driver/Src/stm32f4xx_ll_adc.c.obj
LOAD CMakeFiles/gimbal_task.elf.dir/Drivers/STM32F4xx_HAL_Driver/Src/stm32f4xx_ll_usb.c.obj
LOAD CMakeFiles/gimbal_task.elf.dir/Middlewares/ST/STM32_USB_Device_Library/Class/CDC/Src/usbd_cdc.c.obj
LOAD CMakeFiles/gimbal_task.elf.dir/Middlewares/ST/STM32_USB_Device_Library/Core/Src/usbd_core.c.obj
LOAD CMakeFiles/gimbal_task.elf.dir/Middlewares/ST/STM32_USB_Device_Library/Core/Src/usbd_ctlreq.c.obj
LOAD CMakeFiles/gimbal_task.elf.dir/Middlewares/ST/STM32_USB_Device_Library/Core/Src/usbd_ioreq.c.obj
LOAD CMakeFiles/gimbal_task.elf.dir/Middlewares/Third_Party/FreeRTOS/Source/CMSIS_RTOS/cmsis_os.c.obj
LOAD CMakeFiles/gimbal_task.elf.dir/Middlewares/Third_Party/FreeRTOS/Source/croutine.c.obj
LOAD CMakeFiles/gimbal_task.elf.dir/Middlewares/Third_Party/FreeRTOS/Source/event_groups.c.obj
LOAD CMakeFiles/gimbal_task.elf.dir/Middlewares/Third_Party/FreeRTOS/Source/list.c.obj
LOAD CMakeFiles/gimbal_task.elf.dir/Middlewares/Third_Party/FreeRTOS/Source/portable/GCC/ARM_CM4F/port.c.obj
LOAD CMakeFiles/gimbal_task.elf.dir/Middlewares/Third_Party/FreeRTOS/Source/portable/MemMang/heap_4.c.obj
LOAD CMakeFiles/gimbal_task.elf.dir/Middlewares/Third_Party/FreeRTOS/Source/queue.c.obj
LOAD CMakeFiles/gimbal_task.elf.dir/Middlewares/Third_Party/FreeRTOS/Source/stream_buffer.c.obj
LOAD CMakeFiles/gimbal_task.elf.dir/Middlewares/Third_Party/FreeRTOS/Source/tasks.c.obj
LOAD CMakeFiles/gimbal_task.elf.dir/Middlewares/Third_Party/FreeRTOS/Source/timers.c.obj
LOAD CMakeFiles/gimbal_task.elf.dir/Src/adc.c.obj
LOAD CMakeFiles/gimbal_task.elf.dir/Src/can.c.obj
LOAD CMakeFiles/gimbal_task.elf.dir/Src/crc.c.obj
LOAD CMakeFiles/gimbal_task.elf.dir/Src/dma.c.obj
LOAD CMakeFiles/gimbal_task.elf.dir/Src/freertos.c.obj
LOAD CMakeFiles/gimbal_task.elf.dir/Src/gpio.c.obj
LOAD CMakeFiles/gimbal_task.elf.dir/Src/i2c.c.obj
LOAD CMakeFiles/gimbal_task.elf.dir/Src/main.c.obj
LOAD CMakeFiles/gimbal_task.elf.dir/Src/rng.c.obj
LOAD CMakeFiles/gimbal_task.elf.dir/Src/rtc.c.obj
LOAD CMakeFiles/gimbal_task.elf.dir/Src/spi.c.obj
LOAD CMakeFiles/gimbal_task.elf.dir/Src/stm32f4xx_hal_msp.c.obj
LOAD CMakeFiles/gimbal_task.elf.dir/Src/stm32f4xx_hal_timebase_tim.c.obj
LOAD CMakeFiles/gimbal_task.elf.dir/Src/stm32f4xx_it.c.obj
LOAD CMakeFiles/gimbal_task.elf.dir/Src/syscalls.c.obj
LOAD CMakeFiles/gimbal_task.elf.dir/Src/sysmem.c.obj
LOAD CMakeFiles/gimbal_task.elf.dir/Src/system_stm32f4xx.c.obj
LOAD CMakeFiles/gimbal_task.elf.dir/Src/tim.c.obj
LOAD CMakeFiles/gimbal_task.elf.dir/Src/usart.c.obj
LOAD CMakeFiles/gimbal_task.elf.dir/Src/usb_device.c.obj
LOAD CMakeFiles/gimbal_task.elf.dir/Src/usbd_cdc_if.c.obj
LOAD CMakeFiles/gimbal_task.elf.dir/Src/usbd_conf.c.obj
LOAD CMakeFiles/gimbal_task.elf.dir/Src/usbd_desc.c.obj
LOAD CMakeFiles/gimbal_task.elf.dir/Startup/startup_stm32f407ighx.s.obj
LOAD CMakeFiles/gimbal_task.elf.dir/USER/application/Task/INS_task.c.obj
LOAD CMakeFiles/gimbal_task.elf.dir/USER/application/Task/gimbal_task.c.obj
LOAD CMakeFiles/gimbal_task.elf.dir/USER/application/Task/led_task.c.obj
LOAD CMakeFiles/gimbal_task.elf.dir/USER/application/Task/usb_task.c.obj
LOAD CMakeFiles/gimbal_task.elf.dir/USER/application/callback/Can_Callback.c.obj
LOAD CMakeFiles/gimbal_task.elf.dir/USER/application/callback/usb_callback.c.obj
LOAD CMakeFiles/gimbal_task.elf.dir/USER/application/module/gimbal/gimbal.c.obj
LOAD CMakeFiles/gimbal_task.elf.dir/USER/application/module/gimbal/gimbal_behaviour.c.obj
LOAD CMakeFiles/gimbal_task.elf.dir/USER/application/module/imu/imu.c.obj
LOAD CMakeFiles/gimbal_task.elf.dir/USER/components/algorithm/AHRS_middleware.c.obj
LOAD CMakeFiles/gimbal_task.elf.dir/USER/components/algorithm/user_lib.c.obj
LOAD CMakeFiles/gimbal_task.elf.dir/USER/components/bsp/bsp_adc.c.obj
LOAD CMakeFiles/gimbal_task.elf.dir/USER/components/bsp/bsp_buzzer.c.obj
LOAD CMakeFiles/gimbal_task.elf.dir/USER/components/bsp/bsp_can.c.obj
LOAD CMakeFiles/gimbal_task.elf.dir/USER/components/bsp/bsp_crc32.c.obj
LOAD CMakeFiles/gimbal_task.elf.dir/USER/components/bsp/bsp_delay.c.obj
LOAD CMakeFiles/gimbal_task.elf.dir/USER/components/bsp/bsp_flash.c.obj
LOAD CMakeFiles/gimbal_task.elf.dir/USER/components/bsp/bsp_fric.c.obj
LOAD CMakeFiles/gimbal_task.elf.dir/USER/components/bsp/bsp_i2c.c.obj
LOAD CMakeFiles/gimbal_task.elf.dir/USER/components/bsp/bsp_imu_pwm.c.obj
LOAD CMakeFiles/gimbal_task.elf.dir/USER/components/bsp/bsp_laser.c.obj
LOAD CMakeFiles/gimbal_task.elf.dir/USER/components/bsp/bsp_led.c.obj
LOAD CMakeFiles/gimbal_task.elf.dir/USER/components/bsp/bsp_rc.c.obj
LOAD CMakeFiles/gimbal_task.elf.dir/USER/components/bsp/bsp_rng.c.obj
LOAD CMakeFiles/gimbal_task.elf.dir/USER/components/bsp/bsp_servo_pwm.c.obj
LOAD CMakeFiles/gimbal_task.elf.dir/USER/components/bsp/bsp_spi.c.obj
LOAD CMakeFiles/gimbal_task.elf.dir/USER/components/bsp/bsp_usart.c.obj
LOAD CMakeFiles/gimbal_task.elf.dir/USER/components/controller/pid.c.obj
LOAD CMakeFiles/gimbal_task.elf.dir/USER/components/device/DJI_Motor/DJI_Motor.c.obj
LOAD CMakeFiles/gimbal_task.elf.dir/USER/components/device/DM/DM_4310.c.obj
LOAD CMakeFiles/gimbal_task.elf.dir/USER/components/device/DT7/DT7.c.obj
LOAD CMakeFiles/gimbal_task.elf.dir/USER/components/device/bmi088/BMI088Middleware.c.obj
LOAD CMakeFiles/gimbal_task.elf.dir/USER/components/device/bmi088/BMI088driver.c.obj
LOAD CMakeFiles/gimbal_task.elf.dir/USER/components/device/ist8310/ist8310driver.c.obj
LOAD CMakeFiles/gimbal_task.elf.dir/USER/components/device/ist8310/ist8310driver_middleware.c.obj
LOAD CMakeFiles/gimbal_task.elf.dir/USER/components/support/CRC8_CRC16.c.obj
LOAD CMakeFiles/gimbal_task.elf.dir/USER/components/support/fifo.c.obj
LOAD CMakeFiles/gimbal_task.elf.dir/USER/components/support/mem_mang4.c.obj
LOAD C:/Users/16844/Desktop/gimbal111/gimbal/USER/components/algorithm/AHRS.lib
LOAD C:/Users/16844/Desktop/gimbal111/gimbal/Middlewares/ST/ARM/DSP/Lib/libarm_cortexM4lf_math.a
START GROUP
LOAD C:/ClionToolChain/gcc-arm-none-eabi-10.3-2021.10/bin/../lib/gcc/arm-none-eabi/13.3.1/thumb/v7e-m+fp/hard\libgcc.a
LOAD C:/ClionToolChain/gcc-arm-none-eabi-10.3-2021.10/bin/../lib/gcc/arm-none-eabi/13.3.1/thumb/v7e-m+fp/hard\libg.a
LOAD C:/ClionToolChain/gcc-arm-none-eabi-10.3-2021.10/bin/../lib/gcc/arm-none-eabi/13.3.1/thumb/v7e-m+fp/hard\libc.a
END GROUP
LOAD C:/ClionToolChain/gcc-arm-none-eabi-10.3-2021.10/bin/../lib/gcc/arm-none-eabi/13.3.1/thumb/v7e-m+fp/hard/crtend.o
LOAD C:/ClionToolChain/gcc-arm-none-eabi-10.3-2021.10/bin/../lib/gcc/arm-none-eabi/13.3.1/thumb/v7e-m+fp/hard/crtn.o
                0x20020000                        _estack = (ORIGIN (RAM) + LENGTH (RAM))
                0x00002000                        _Min_Heap_Size = 0x2000
                0x00002000                        _Min_Stack_Size = 0x2000

.isr_vector     0x08000000      0x188
                0x08000000                        . = ALIGN (0x4)
 *(.isr_vector)
 .isr_vector    0x08000000      0x188 CMakeFiles/gimbal_task.elf.dir/Startup/startup_stm32f407ighx.s.obj
                0x08000000                g_pfnVectors
                0x08000188                        . = ALIGN (0x4)

.text           0x080001c0    0x114d0
                0x080001c0                        . = ALIGN (0x4)
 *(.text)
 .text          0x080001c0      0x378 C:/ClionToolChain/gcc-arm-none-eabi-10.3-2021.10/bin/../lib/gcc/arm-none-eabi/13.3.1/thumb/v7e-m+fp/hard\libgcc.a(_arm_addsubdf3.o)
                0x080001c0                __aeabi_drsub
                0x080001c8                __aeabi_dsub
                0x080001c8                __subdf3
                0x080001cc                __aeabi_dadd
                0x080001cc                __adddf3
                0x08000444                __floatunsidf
                0x08000444                __aeabi_ui2d
                0x08000464                __floatsidf
                0x08000464                __aeabi_i2d
                0x08000488                __aeabi_f2d
                0x08000488                __extendsfdf2
                0x080004cc                __floatundidf
                0x080004cc                __aeabi_ul2d
                0x080004dc                __floatdidf
                0x080004dc                __aeabi_l2d
 .text          0x08000538      0x424 C:/ClionToolChain/gcc-arm-none-eabi-10.3-2021.10/bin/../lib/gcc/arm-none-eabi/13.3.1/thumb/v7e-m+fp/hard\libgcc.a(_arm_muldivdf3.o)
                0x08000538                __aeabi_dmul
                0x08000538                __muldf3
                0x0800078c                __divdf3
                0x0800078c                __aeabi_ddiv
 .text          0x0800095c      0x110 C:/ClionToolChain/gcc-arm-none-eabi-10.3-2021.10/bin/../lib/gcc/arm-none-eabi/13.3.1/thumb/v7e-m+fp/hard\libgcc.a(_arm_cmpdf2.o)
                0x0800095c                __gtdf2
                0x0800095c                __gedf2
                0x08000964                __ltdf2
                0x08000964                __ledf2
                0x0800096c                __nedf2
                0x0800096c                __eqdf2
                0x0800096c                __cmpdf2
                0x080009e8                __aeabi_cdrcmple
                0x080009f8                __aeabi_cdcmpeq
                0x080009f8                __aeabi_cdcmple
                0x08000a08                __aeabi_dcmpeq
                0x08000a1c                __aeabi_dcmplt
                0x08000a30                __aeabi_dcmple
                0x08000a44                __aeabi_dcmpge
                0x08000a58                __aeabi_dcmpgt
 .text          0x08000a6c       0xa0 C:/ClionToolChain/gcc-arm-none-eabi-10.3-2021.10/bin/../lib/gcc/arm-none-eabi/13.3.1/thumb/v7e-m+fp/hard\libgcc.a(_arm_truncdfsf2.o)
                0x08000a6c                __truncdfsf2
                0x08000a6c                __aeabi_d2f
 .text          0x08000b0c       0x30 C:/ClionToolChain/gcc-arm-none-eabi-10.3-2021.10/bin/../lib/gcc/arm-none-eabi/13.3.1/thumb/v7e-m+fp/hard\libgcc.a(_aeabi_uldivmod.o)
                0x08000b0c                __aeabi_uldivmod
 .text          0x08000b3c        0x4 C:/ClionToolChain/gcc-arm-none-eabi-10.3-2021.10/bin/../lib/gcc/arm-none-eabi/13.3.1/thumb/v7e-m+fp/hard\libgcc.a(_dvmd_tls.o)
                0x08000b3c                __aeabi_idiv0
                0x08000b3c                __aeabi_ldiv0
 .text          0x08000b40      0x134 C:/ClionToolChain/gcc-arm-none-eabi-10.3-2021.10/bin/../lib/gcc/arm-none-eabi/13.3.1/thumb/v7e-m+fp/hard\libg.a(libc_a-memcpy.o)
                0x08000b40                memcpy
 *fill*         0x08000c74        0xc 
 .text          0x08000c80       0xd8 C:/ClionToolChain/gcc-arm-none-eabi-10.3-2021.10/bin/../lib/gcc/arm-none-eabi/13.3.1/thumb/v7e-m+fp/hard\libg.a(libc_a-strlen.o)
                0x08000c80                strlen
 .text          0x08000d58       0x9a C:/ClionToolChain/gcc-arm-none-eabi-10.3-2021.10/bin/../lib/gcc/arm-none-eabi/13.3.1/thumb/v7e-m+fp/hard\libg.a(libc_a-aeabi_memset-soft.o)
                0x08000d58                __aeabi_memset8
                0x08000d58                __aeabi_memset4
                0x08000d58                __aeabi_memset
 *(.text*)
 *fill*         0x08000df2        0x2 
 .text.deregister_tm_clones
                0x08000df4       0x1c C:/ClionToolChain/gcc-arm-none-eabi-10.3-2021.10/bin/../lib/gcc/arm-none-eabi/13.3.1/thumb/v7e-m+fp/hard/crtbegin.o
 .text.register_tm_clones
                0x08000e10       0x24 C:/ClionToolChain/gcc-arm-none-eabi-10.3-2021.10/bin/../lib/gcc/arm-none-eabi/13.3.1/thumb/v7e-m+fp/hard/crtbegin.o
 .text.__do_global_dtors_aux
                0x08000e34       0x28 C:/ClionToolChain/gcc-arm-none-eabi-10.3-2021.10/bin/../lib/gcc/arm-none-eabi/13.3.1/thumb/v7e-m+fp/hard/crtbegin.o
 .text.frame_dummy
                0x08000e5c       0x24 C:/ClionToolChain/gcc-arm-none-eabi-10.3-2021.10/bin/../lib/gcc/arm-none-eabi/13.3.1/thumb/v7e-m+fp/hard/crtbegin.o
 .text.HAL_Init
                0x08000e80       0x34 CMakeFiles/gimbal_task.elf.dir/Drivers/STM32F4xx_HAL_Driver/Src/stm32f4xx_hal.c.obj
                0x08000e80                HAL_Init
 .text.HAL_IncTick
                0x08000eb4       0x18 CMakeFiles/gimbal_task.elf.dir/Drivers/STM32F4xx_HAL_Driver/Src/stm32f4xx_hal.c.obj
                0x08000eb4                HAL_IncTick
 .text.HAL_GetTick
                0x08000ecc        0xc CMakeFiles/gimbal_task.elf.dir/Drivers/STM32F4xx_HAL_Driver/Src/stm32f4xx_hal.c.obj
                0x08000ecc                HAL_GetTick
 .text.HAL_Delay
                0x08000ed8       0x28 CMakeFiles/gimbal_task.elf.dir/Drivers/STM32F4xx_HAL_Driver/Src/stm32f4xx_hal.c.obj
                0x08000ed8                HAL_Delay
 .text.ADC_Init
                0x08000f00      0x134 CMakeFiles/gimbal_task.elf.dir/Drivers/STM32F4xx_HAL_Driver/Src/stm32f4xx_hal_adc.c.obj
 .text.HAL_ADC_Init
                0x08001034       0x56 CMakeFiles/gimbal_task.elf.dir/Drivers/STM32F4xx_HAL_Driver/Src/stm32f4xx_hal_adc.c.obj
                0x08001034                HAL_ADC_Init
 *fill*         0x0800108a        0x2 
 .text.HAL_ADC_ConfigChannel
                0x0800108c      0x194 CMakeFiles/gimbal_task.elf.dir/Drivers/STM32F4xx_HAL_Driver/Src/stm32f4xx_hal_adc.c.obj
                0x0800108c                HAL_ADC_ConfigChannel
 .text.HAL_CAN_Init
                0x08001220      0x14c CMakeFiles/gimbal_task.elf.dir/Drivers/STM32F4xx_HAL_Driver/Src/stm32f4xx_hal_can.c.obj
                0x08001220                HAL_CAN_Init
 .text.HAL_CAN_ConfigFilter
                0x0800136c      0x138 CMakeFiles/gimbal_task.elf.dir/Drivers/STM32F4xx_HAL_Driver/Src/stm32f4xx_hal_can.c.obj
                0x0800136c                HAL_CAN_ConfigFilter
 .text.HAL_CAN_Start
                0x080014a4       0x5c CMakeFiles/gimbal_task.elf.dir/Drivers/STM32F4xx_HAL_Driver/Src/stm32f4xx_hal_can.c.obj
                0x080014a4                HAL_CAN_Start
 .text.HAL_CAN_AddTxMessage
                0x08001500       0xea CMakeFiles/gimbal_task.elf.dir/Drivers/STM32F4xx_HAL_Driver/Src/stm32f4xx_hal_can.c.obj
                0x08001500                HAL_CAN_AddTxMessage
 .text.HAL_CAN_GetRxMessage
                0x080015ea      0x16a CMakeFiles/gimbal_task.elf.dir/Drivers/STM32F4xx_HAL_Driver/Src/stm32f4xx_hal_can.c.obj
                0x080015ea                HAL_CAN_GetRxMessage
 .text.HAL_CAN_ActivateNotification
                0x08001754       0x24 CMakeFiles/gimbal_task.elf.dir/Drivers/STM32F4xx_HAL_Driver/Src/stm32f4xx_hal_can.c.obj
                0x08001754                HAL_CAN_ActivateNotification
 .text.HAL_CAN_TxMailbox0CompleteCallback
                0x08001778        0x2 CMakeFiles/gimbal_task.elf.dir/Drivers/STM32F4xx_HAL_Driver/Src/stm32f4xx_hal_can.c.obj
                0x08001778                HAL_CAN_TxMailbox0CompleteCallback
 .text.HAL_CAN_TxMailbox1CompleteCallback
                0x0800177a        0x2 CMakeFiles/gimbal_task.elf.dir/Drivers/STM32F4xx_HAL_Driver/Src/stm32f4xx_hal_can.c.obj
                0x0800177a                HAL_CAN_TxMailbox1CompleteCallback
 .text.HAL_CAN_TxMailbox2CompleteCallback
                0x0800177c        0x2 CMakeFiles/gimbal_task.elf.dir/Drivers/STM32F4xx_HAL_Driver/Src/stm32f4xx_hal_can.c.obj
                0x0800177c                HAL_CAN_TxMailbox2CompleteCallback
 .text.HAL_CAN_TxMailbox0AbortCallback
                0x0800177e        0x2 CMakeFiles/gimbal_task.elf.dir/Drivers/STM32F4xx_HAL_Driver/Src/stm32f4xx_hal_can.c.obj
                0x0800177e                HAL_CAN_TxMailbox0AbortCallback
 .text.HAL_CAN_TxMailbox1AbortCallback
                0x08001780        0x2 CMakeFiles/gimbal_task.elf.dir/Drivers/STM32F4xx_HAL_Driver/Src/stm32f4xx_hal_can.c.obj
                0x08001780                HAL_CAN_TxMailbox1AbortCallback
 .text.HAL_CAN_TxMailbox2AbortCallback
                0x08001782        0x2 CMakeFiles/gimbal_task.elf.dir/Drivers/STM32F4xx_HAL_Driver/Src/stm32f4xx_hal_can.c.obj
                0x08001782                HAL_CAN_TxMailbox2AbortCallback
 .text.HAL_CAN_RxFifo0FullCallback
                0x08001784        0x2 CMakeFiles/gimbal_task.elf.dir/Drivers/STM32F4xx_HAL_Driver/Src/stm32f4xx_hal_can.c.obj
                0x08001784                HAL_CAN_RxFifo0FullCallback
 .text.HAL_CAN_RxFifo1MsgPendingCallback
                0x08001786        0x2 CMakeFiles/gimbal_task.elf.dir/Drivers/STM32F4xx_HAL_Driver/Src/stm32f4xx_hal_can.c.obj
                0x08001786                HAL_CAN_RxFifo1MsgPendingCallback
 .text.HAL_CAN_RxFifo1FullCallback
                0x08001788        0x2 CMakeFiles/gimbal_task.elf.dir/Drivers/STM32F4xx_HAL_Driver/Src/stm32f4xx_hal_can.c.obj
                0x08001788                HAL_CAN_RxFifo1FullCallback
 .text.HAL_CAN_SleepCallback
                0x0800178a        0x2 CMakeFiles/gimbal_task.elf.dir/Drivers/STM32F4xx_HAL_Driver/Src/stm32f4xx_hal_can.c.obj
                0x0800178a                HAL_CAN_SleepCallback
 .text.HAL_CAN_WakeUpFromRxMsgCallback
                0x0800178c        0x2 CMakeFiles/gimbal_task.elf.dir/Drivers/STM32F4xx_HAL_Driver/Src/stm32f4xx_hal_can.c.obj
                0x0800178c                HAL_CAN_WakeUpFromRxMsgCallback
 .text.HAL_CAN_ErrorCallback
                0x0800178e        0x2 CMakeFiles/gimbal_task.elf.dir/Drivers/STM32F4xx_HAL_Driver/Src/stm32f4xx_hal_can.c.obj
                0x0800178e                HAL_CAN_ErrorCallback
 .text.HAL_CAN_IRQHandler
                0x08001790      0x250 CMakeFiles/gimbal_task.elf.dir/Drivers/STM32F4xx_HAL_Driver/Src/stm32f4xx_hal_can.c.obj
                0x08001790                HAL_CAN_IRQHandler
 .text.__NVIC_EnableIRQ
                0x080019e0       0x1c CMakeFiles/gimbal_task.elf.dir/Drivers/STM32F4xx_HAL_Driver/Src/stm32f4xx_hal_cortex.c.obj
 .text.__NVIC_SetPriority
                0x080019fc       0x28 CMakeFiles/gimbal_task.elf.dir/Drivers/STM32F4xx_HAL_Driver/Src/stm32f4xx_hal_cortex.c.obj
 .text.NVIC_EncodePriority
                0x08001a24       0x3e CMakeFiles/gimbal_task.elf.dir/Drivers/STM32F4xx_HAL_Driver/Src/stm32f4xx_hal_cortex.c.obj
 *fill*         0x08001a62        0x2 
 .text.HAL_NVIC_SetPriorityGrouping
                0x08001a64       0x24 CMakeFiles/gimbal_task.elf.dir/Drivers/STM32F4xx_HAL_Driver/Src/stm32f4xx_hal_cortex.c.obj
                0x08001a64                HAL_NVIC_SetPriorityGrouping
 .text.HAL_NVIC_SetPriority
                0x08001a88       0x20 CMakeFiles/gimbal_task.elf.dir/Drivers/STM32F4xx_HAL_Driver/Src/stm32f4xx_hal_cortex.c.obj
                0x08001a88                HAL_NVIC_SetPriority
 .text.HAL_NVIC_EnableIRQ
                0x08001aa8        0x8 CMakeFiles/gimbal_task.elf.dir/Drivers/STM32F4xx_HAL_Driver/Src/stm32f4xx_hal_cortex.c.obj
                0x08001aa8                HAL_NVIC_EnableIRQ
 .text.HAL_CRC_Init
                0x08001ab0       0x1e CMakeFiles/gimbal_task.elf.dir/Drivers/STM32F4xx_HAL_Driver/Src/stm32f4xx_hal_crc.c.obj
                0x08001ab0                HAL_CRC_Init
 *fill*         0x08001ace        0x2 
 .text.DMA_CalcBaseAndBitshift
                0x08001ad0       0x3c CMakeFiles/gimbal_task.elf.dir/Drivers/STM32F4xx_HAL_Driver/Src/stm32f4xx_hal_dma.c.obj
 .text.DMA_CheckFifoParam
                0x08001b0c       0x8e CMakeFiles/gimbal_task.elf.dir/Drivers/STM32F4xx_HAL_Driver/Src/stm32f4xx_hal_dma.c.obj
 *fill*         0x08001b9a        0x2 
 .text.HAL_DMA_Init
                0x08001b9c       0xcc CMakeFiles/gimbal_task.elf.dir/Drivers/STM32F4xx_HAL_Driver/Src/stm32f4xx_hal_dma.c.obj
                0x08001b9c                HAL_DMA_Init
 .text.HAL_DMA_Abort
                0x08001c68       0x94 CMakeFiles/gimbal_task.elf.dir/Drivers/STM32F4xx_HAL_Driver/Src/stm32f4xx_hal_dma.c.obj
                0x08001c68                HAL_DMA_Abort
 .text.HAL_DMA_Abort_IT
                0x08001cfc       0x26 CMakeFiles/gimbal_task.elf.dir/Drivers/STM32F4xx_HAL_Driver/Src/stm32f4xx_hal_dma.c.obj
                0x08001cfc                HAL_DMA_Abort_IT
 *fill*         0x08001d22        0x2 
 .text.HAL_DMA_IRQHandler
                0x08001d24      0x1dc CMakeFiles/gimbal_task.elf.dir/Drivers/STM32F4xx_HAL_Driver/Src/stm32f4xx_hal_dma.c.obj
                0x08001d24                HAL_DMA_IRQHandler
 .text.HAL_GPIO_Init
                0x08001f00      0x1ec CMakeFiles/gimbal_task.elf.dir/Drivers/STM32F4xx_HAL_Driver/Src/stm32f4xx_hal_gpio.c.obj
                0x08001f00                HAL_GPIO_Init
 .text.HAL_GPIO_WritePin
                0x080020ec        0xc CMakeFiles/gimbal_task.elf.dir/Drivers/STM32F4xx_HAL_Driver/Src/stm32f4xx_hal_gpio.c.obj
                0x080020ec                HAL_GPIO_WritePin
 .text.HAL_GPIO_EXTI_IRQHandler
                0x080020f8       0x1c CMakeFiles/gimbal_task.elf.dir/Drivers/STM32F4xx_HAL_Driver/Src/stm32f4xx_hal_gpio.c.obj
                0x080020f8                HAL_GPIO_EXTI_IRQHandler
 .text.I2C_IsAcknowledgeFailed
                0x08002114       0x32 CMakeFiles/gimbal_task.elf.dir/Drivers/STM32F4xx_HAL_Driver/Src/stm32f4xx_hal_i2c.c.obj
 .text.I2C_WaitOnFlagUntilTimeout
                0x08002146       0xaa CMakeFiles/gimbal_task.elf.dir/Drivers/STM32F4xx_HAL_Driver/Src/stm32f4xx_hal_i2c.c.obj
 .text.I2C_WaitOnMasterAddressFlagUntilTimeout
                0x080021f0       0xd6 CMakeFiles/gimbal_task.elf.dir/Drivers/STM32F4xx_HAL_Driver/Src/stm32f4xx_hal_i2c.c.obj
 .text.I2C_WaitOnTXEFlagUntilTimeout
                0x080022c6       0x5e CMakeFiles/gimbal_task.elf.dir/Drivers/STM32F4xx_HAL_Driver/Src/stm32f4xx_hal_i2c.c.obj
 .text.I2C_RequestMemoryWrite
                0x08002324       0xd8 CMakeFiles/gimbal_task.elf.dir/Drivers/STM32F4xx_HAL_Driver/Src/stm32f4xx_hal_i2c.c.obj
 .text.I2C_RequestMemoryRead
                0x080023fc      0x154 CMakeFiles/gimbal_task.elf.dir/Drivers/STM32F4xx_HAL_Driver/Src/stm32f4xx_hal_i2c.c.obj
 .text.I2C_WaitOnBTFFlagUntilTimeout
                0x08002550       0x5e CMakeFiles/gimbal_task.elf.dir/Drivers/STM32F4xx_HAL_Driver/Src/stm32f4xx_hal_i2c.c.obj
 .text.I2C_WaitOnRXNEFlagUntilTimeout
                0x080025ae       0x78 CMakeFiles/gimbal_task.elf.dir/Drivers/STM32F4xx_HAL_Driver/Src/stm32f4xx_hal_i2c.c.obj
 *fill*         0x08002626        0x2 
 .text.HAL_I2C_Init
                0x08002628      0x1bc CMakeFiles/gimbal_task.elf.dir/Drivers/STM32F4xx_HAL_Driver/Src/stm32f4xx_hal_i2c.c.obj
                0x08002628                HAL_I2C_Init
 .text.HAL_I2C_Mem_Write
                0x080027e4      0x164 CMakeFiles/gimbal_task.elf.dir/Drivers/STM32F4xx_HAL_Driver/Src/stm32f4xx_hal_i2c.c.obj
                0x080027e4                HAL_I2C_Mem_Write
 .text.HAL_I2C_Mem_Read
                0x08002948      0x2f8 CMakeFiles/gimbal_task.elf.dir/Drivers/STM32F4xx_HAL_Driver/Src/stm32f4xx_hal_i2c.c.obj
                0x08002948                HAL_I2C_Mem_Read
 .text.PCD_WriteEmptyTxFifo
                0x08002c40       0xd0 CMakeFiles/gimbal_task.elf.dir/Drivers/STM32F4xx_HAL_Driver/Src/stm32f4xx_hal_pcd.c.obj
 .text.HAL_PCD_Init
                0x08002d10      0x102 CMakeFiles/gimbal_task.elf.dir/Drivers/STM32F4xx_HAL_Driver/Src/stm32f4xx_hal_pcd.c.obj
                0x08002d10                HAL_PCD_Init
 .text.HAL_PCD_Start
                0x08002e12       0x44 CMakeFiles/gimbal_task.elf.dir/Drivers/STM32F4xx_HAL_Driver/Src/stm32f4xx_hal_pcd.c.obj
                0x08002e12                HAL_PCD_Start
 *fill*         0x08002e56        0x2 
 .text.PCD_EP_OutXfrComplete_int
                0x08002e58      0x104 CMakeFiles/gimbal_task.elf.dir/Drivers/STM32F4xx_HAL_Driver/Src/stm32f4xx_hal_pcd.c.obj
 .text.PCD_EP_OutSetupPacket_int
                0x08002f5c       0x50 CMakeFiles/gimbal_task.elf.dir/Drivers/STM32F4xx_HAL_Driver/Src/stm32f4xx_hal_pcd.c.obj
 .text.HAL_PCD_SetAddress
                0x08002fac       0x26 CMakeFiles/gimbal_task.elf.dir/Drivers/STM32F4xx_HAL_Driver/Src/stm32f4xx_hal_pcd.c.obj
                0x08002fac                HAL_PCD_SetAddress
 .text.HAL_PCD_EP_Open
                0x08002fd2       0x8c CMakeFiles/gimbal_task.elf.dir/Drivers/STM32F4xx_HAL_Driver/Src/stm32f4xx_hal_pcd.c.obj
                0x08002fd2                HAL_PCD_EP_Open
 .text.HAL_PCD_EP_Close
                0x0800305e       0x70 CMakeFiles/gimbal_task.elf.dir/Drivers/STM32F4xx_HAL_Driver/Src/stm32f4xx_hal_pcd.c.obj
                0x0800305e                HAL_PCD_EP_Close
 .text.HAL_PCD_EP_Receive
                0x080030ce       0x4a CMakeFiles/gimbal_task.elf.dir/Drivers/STM32F4xx_HAL_Driver/Src/stm32f4xx_hal_pcd.c.obj
                0x080030ce                HAL_PCD_EP_Receive
 .text.HAL_PCD_EP_GetRxCount
                0x08003118       0x12 CMakeFiles/gimbal_task.elf.dir/Drivers/STM32F4xx_HAL_Driver/Src/stm32f4xx_hal_pcd.c.obj
                0x08003118                HAL_PCD_EP_GetRxCount
 .text.HAL_PCD_EP_Transmit
                0x0800312a       0x4a CMakeFiles/gimbal_task.elf.dir/Drivers/STM32F4xx_HAL_Driver/Src/stm32f4xx_hal_pcd.c.obj
                0x0800312a                HAL_PCD_EP_Transmit
 .text.HAL_PCD_EP_SetStall
                0x08003174       0x86 CMakeFiles/gimbal_task.elf.dir/Drivers/STM32F4xx_HAL_Driver/Src/stm32f4xx_hal_pcd.c.obj
                0x08003174                HAL_PCD_EP_SetStall
 .text.HAL_PCD_EP_ClrStall
                0x080031fa       0x74 CMakeFiles/gimbal_task.elf.dir/Drivers/STM32F4xx_HAL_Driver/Src/stm32f4xx_hal_pcd.c.obj
                0x080031fa                HAL_PCD_EP_ClrStall
 .text.HAL_PCD_EP_Abort
                0x0800326e       0x34 CMakeFiles/gimbal_task.elf.dir/Drivers/STM32F4xx_HAL_Driver/Src/stm32f4xx_hal_pcd.c.obj
                0x0800326e                HAL_PCD_EP_Abort
 .text.HAL_PCD_IRQHandler
                0x080032a2      0x5be CMakeFiles/gimbal_task.elf.dir/Drivers/STM32F4xx_HAL_Driver/Src/stm32f4xx_hal_pcd.c.obj
                0x080032a2                HAL_PCD_IRQHandler
 .text.HAL_PCDEx_SetTxFiFo
                0x08003860       0x4c CMakeFiles/gimbal_task.elf.dir/Drivers/STM32F4xx_HAL_Driver/Src/stm32f4xx_hal_pcd_ex.c.obj
                0x08003860                HAL_PCDEx_SetTxFiFo
 .text.HAL_PCDEx_SetRxFiFo
                0x080038ac        0x8 CMakeFiles/gimbal_task.elf.dir/Drivers/STM32F4xx_HAL_Driver/Src/stm32f4xx_hal_pcd_ex.c.obj
                0x080038ac                HAL_PCDEx_SetRxFiFo
 .text.HAL_PCDEx_LPM_Callback
                0x080038b4        0x2 CMakeFiles/gimbal_task.elf.dir/Drivers/STM32F4xx_HAL_Driver/Src/stm32f4xx_hal_pcd_ex.c.obj
                0x080038b4                HAL_PCDEx_LPM_Callback
 *fill*         0x080038b6        0x2 
 .text.HAL_RCC_OscConfig
                0x080038b8      0x3f8 CMakeFiles/gimbal_task.elf.dir/Drivers/STM32F4xx_HAL_Driver/Src/stm32f4xx_hal_rcc.c.obj
                0x080038b8                HAL_RCC_OscConfig
 .text.HAL_RCC_GetSysClockFreq
                0x08003cb0       0xa8 CMakeFiles/gimbal_task.elf.dir/Drivers/STM32F4xx_HAL_Driver/Src/stm32f4xx_hal_rcc.c.obj
                0x08003cb0                HAL_RCC_GetSysClockFreq
 .text.HAL_RCC_ClockConfig
                0x08003d58      0x160 CMakeFiles/gimbal_task.elf.dir/Drivers/STM32F4xx_HAL_Driver/Src/stm32f4xx_hal_rcc.c.obj
                0x08003d58                HAL_RCC_ClockConfig
 .text.HAL_RCC_GetHCLKFreq
                0x08003eb8        0xc CMakeFiles/gimbal_task.elf.dir/Drivers/STM32F4xx_HAL_Driver/Src/stm32f4xx_hal_rcc.c.obj
                0x08003eb8                HAL_RCC_GetHCLKFreq
 .text.HAL_RCC_GetPCLK1Freq
                0x08003ec4       0x20 CMakeFiles/gimbal_task.elf.dir/Drivers/STM32F4xx_HAL_Driver/Src/stm32f4xx_hal_rcc.c.obj
                0x08003ec4                HAL_RCC_GetPCLK1Freq
 .text.HAL_RCC_GetPCLK2Freq
                0x08003ee4       0x20 CMakeFiles/gimbal_task.elf.dir/Drivers/STM32F4xx_HAL_Driver/Src/stm32f4xx_hal_rcc.c.obj
                0x08003ee4                HAL_RCC_GetPCLK2Freq
 .text.HAL_RCC_GetClockConfig
                0x08003f04       0x3c CMakeFiles/gimbal_task.elf.dir/Drivers/STM32F4xx_HAL_Driver/Src/stm32f4xx_hal_rcc.c.obj
                0x08003f04                HAL_RCC_GetClockConfig
 .text.HAL_RCCEx_PeriphCLKConfig
                0x08003f40      0x154 CMakeFiles/gimbal_task.elf.dir/Drivers/STM32F4xx_HAL_Driver/Src/stm32f4xx_hal_rcc_ex.c.obj
                0x08003f40                HAL_RCCEx_PeriphCLKConfig
 .text.HAL_RNG_Init
                0x08004094       0x2e CMakeFiles/gimbal_task.elf.dir/Drivers/STM32F4xx_HAL_Driver/Src/stm32f4xx_hal_rng.c.obj
                0x08004094                HAL_RNG_Init
 *fill*         0x080040c2        0x2 
 .text.HAL_RTC_WaitForSynchro
                0x080040c4       0x34 CMakeFiles/gimbal_task.elf.dir/Drivers/STM32F4xx_HAL_Driver/Src/stm32f4xx_hal_rtc.c.obj
                0x080040c4                HAL_RTC_WaitForSynchro
 .text.RTC_EnterInitMode
                0x080040f8       0x46 CMakeFiles/gimbal_task.elf.dir/Drivers/STM32F4xx_HAL_Driver/Src/stm32f4xx_hal_rtc.c.obj
                0x080040f8                RTC_EnterInitMode
 .text.RTC_ExitInitMode
                0x0800413e       0x2a CMakeFiles/gimbal_task.elf.dir/Drivers/STM32F4xx_HAL_Driver/Src/stm32f4xx_hal_rtc.c.obj
                0x0800413e                RTC_ExitInitMode
 .text.HAL_RTC_Init
                0x08004168       0x9e CMakeFiles/gimbal_task.elf.dir/Drivers/STM32F4xx_HAL_Driver/Src/stm32f4xx_hal_rtc.c.obj
                0x08004168                HAL_RTC_Init
 *fill*         0x08004206        0x2 
 .text.SPI_WaitFlagStateUntilTimeout
                0x08004208       0xc8 CMakeFiles/gimbal_task.elf.dir/Drivers/STM32F4xx_HAL_Driver/Src/stm32f4xx_hal_spi.c.obj
 .text.SPI_EndRxTxTransaction
                0x080042d0       0x80 CMakeFiles/gimbal_task.elf.dir/Drivers/STM32F4xx_HAL_Driver/Src/stm32f4xx_hal_spi.c.obj
 .text.HAL_SPI_Init
                0x08004350       0xbe CMakeFiles/gimbal_task.elf.dir/Drivers/STM32F4xx_HAL_Driver/Src/stm32f4xx_hal_spi.c.obj
                0x08004350                HAL_SPI_Init
 .text.HAL_SPI_TransmitReceive
                0x0800440e      0x254 CMakeFiles/gimbal_task.elf.dir/Drivers/STM32F4xx_HAL_Driver/Src/stm32f4xx_hal_spi.c.obj
                0x0800440e                HAL_SPI_TransmitReceive
 *fill*         0x08004662        0x2 
 .text.TIM_OC1_SetConfig
                0x08004664       0x70 CMakeFiles/gimbal_task.elf.dir/Drivers/STM32F4xx_HAL_Driver/Src/stm32f4xx_hal_tim.c.obj
 .text.TIM_OC3_SetConfig
                0x080046d4       0x70 CMakeFiles/gimbal_task.elf.dir/Drivers/STM32F4xx_HAL_Driver/Src/stm32f4xx_hal_tim.c.obj
 .text.TIM_OC4_SetConfig
                0x08004744       0x50 CMakeFiles/gimbal_task.elf.dir/Drivers/STM32F4xx_HAL_Driver/Src/stm32f4xx_hal_tim.c.obj
 .text.TIM_TI1_ConfigInputStage
                0x08004794       0x26 CMakeFiles/gimbal_task.elf.dir/Drivers/STM32F4xx_HAL_Driver/Src/stm32f4xx_hal_tim.c.obj
 .text.TIM_TI2_ConfigInputStage
                0x080047ba       0x28 CMakeFiles/gimbal_task.elf.dir/Drivers/STM32F4xx_HAL_Driver/Src/stm32f4xx_hal_tim.c.obj
 .text.TIM_ITRx_SetConfig
                0x080047e2       0x10 CMakeFiles/gimbal_task.elf.dir/Drivers/STM32F4xx_HAL_Driver/Src/stm32f4xx_hal_tim.c.obj
 *fill*         0x080047f2        0x2 
 .text.HAL_TIM_Base_Start_IT
                0x080047f4       0x88 CMakeFiles/gimbal_task.elf.dir/Drivers/STM32F4xx_HAL_Driver/Src/stm32f4xx_hal_tim.c.obj
                0x080047f4                HAL_TIM_Base_Start_IT
 .text.HAL_TIM_PWM_MspInit
                0x0800487c        0x2 CMakeFiles/gimbal_task.elf.dir/Drivers/STM32F4xx_HAL_Driver/Src/stm32f4xx_hal_tim.c.obj
                0x0800487c                HAL_TIM_PWM_MspInit
 .text.HAL_TIM_OC_DelayElapsedCallback
                0x0800487e        0x2 CMakeFiles/gimbal_task.elf.dir/Drivers/STM32F4xx_HAL_Driver/Src/stm32f4xx_hal_tim.c.obj
                0x0800487e                HAL_TIM_OC_DelayElapsedCallback
 .text.HAL_TIM_IC_CaptureCallback
                0x08004880        0x2 CMakeFiles/gimbal_task.elf.dir/Drivers/STM32F4xx_HAL_Driver/Src/stm32f4xx_hal_tim.c.obj
                0x08004880                HAL_TIM_IC_CaptureCallback
 .text.HAL_TIM_PWM_PulseFinishedCallback
                0x08004882        0x2 CMakeFiles/gimbal_task.elf.dir/Drivers/STM32F4xx_HAL_Driver/Src/stm32f4xx_hal_tim.c.obj
                0x08004882                HAL_TIM_PWM_PulseFinishedCallback
 .text.HAL_TIM_TriggerCallback
                0x08004884        0x2 CMakeFiles/gimbal_task.elf.dir/Drivers/STM32F4xx_HAL_Driver/Src/stm32f4xx_hal_tim.c.obj
                0x08004884                HAL_TIM_TriggerCallback
 .text.HAL_TIM_IRQHandler
                0x08004886      0x15e CMakeFiles/gimbal_task.elf.dir/Drivers/STM32F4xx_HAL_Driver/Src/stm32f4xx_hal_tim.c.obj
                0x08004886                HAL_TIM_IRQHandler
 .text.TIM_Base_SetConfig
                0x080049e4       0xd0 CMakeFiles/gimbal_task.elf.dir/Drivers/STM32F4xx_HAL_Driver/Src/stm32f4xx_hal_tim.c.obj
                0x080049e4                TIM_Base_SetConfig
 .text.HAL_TIM_Base_Init
                0x08004ab4       0x58 CMakeFiles/gimbal_task.elf.dir/Drivers/STM32F4xx_HAL_Driver/Src/stm32f4xx_hal_tim.c.obj
                0x08004ab4                HAL_TIM_Base_Init
 .text.HAL_TIM_PWM_Init
                0x08004b0c       0x58 CMakeFiles/gimbal_task.elf.dir/Drivers/STM32F4xx_HAL_Driver/Src/stm32f4xx_hal_tim.c.obj
                0x08004b0c                HAL_TIM_PWM_Init
 .text.TIM_OC2_SetConfig
                0x08004b64       0x70 CMakeFiles/gimbal_task.elf.dir/Drivers/STM32F4xx_HAL_Driver/Src/stm32f4xx_hal_tim.c.obj
                0x08004b64                TIM_OC2_SetConfig
 .text.HAL_TIM_PWM_ConfigChannel
                0x08004bd4       0xdc CMakeFiles/gimbal_task.elf.dir/Drivers/STM32F4xx_HAL_Driver/Src/stm32f4xx_hal_tim.c.obj
                0x08004bd4                HAL_TIM_PWM_ConfigChannel
 .text.TIM_ETR_SetConfig
                0x08004cb0       0x1a CMakeFiles/gimbal_task.elf.dir/Drivers/STM32F4xx_HAL_Driver/Src/stm32f4xx_hal_tim.c.obj
                0x08004cb0                TIM_ETR_SetConfig
 .text.HAL_TIM_ConfigClockSource
                0x08004cca       0xfe CMakeFiles/gimbal_task.elf.dir/Drivers/STM32F4xx_HAL_Driver/Src/stm32f4xx_hal_tim.c.obj
                0x08004cca                HAL_TIM_ConfigClockSource
 .text.TIM_CCxChannelCmd
                0x08004dc8       0x1e CMakeFiles/gimbal_task.elf.dir/Drivers/STM32F4xx_HAL_Driver/Src/stm32f4xx_hal_tim.c.obj
                0x08004dc8                TIM_CCxChannelCmd
 *fill*         0x08004de6        0x2 
 .text.HAL_TIM_PWM_Start
                0x08004de8      0x104 CMakeFiles/gimbal_task.elf.dir/Drivers/STM32F4xx_HAL_Driver/Src/stm32f4xx_hal_tim.c.obj
                0x08004de8                HAL_TIM_PWM_Start
 .text.HAL_TIMEx_MasterConfigSynchronization
                0x08004eec       0x8c CMakeFiles/gimbal_task.elf.dir/Drivers/STM32F4xx_HAL_Driver/Src/stm32f4xx_hal_tim_ex.c.obj
                0x08004eec                HAL_TIMEx_MasterConfigSynchronization
 .text.HAL_TIMEx_ConfigBreakDeadTime
                0x08004f78       0x52 CMakeFiles/gimbal_task.elf.dir/Drivers/STM32F4xx_HAL_Driver/Src/stm32f4xx_hal_tim_ex.c.obj
                0x08004f78                HAL_TIMEx_ConfigBreakDeadTime
 .text.HAL_TIMEx_CommutCallback
                0x08004fca        0x2 CMakeFiles/gimbal_task.elf.dir/Drivers/STM32F4xx_HAL_Driver/Src/stm32f4xx_hal_tim_ex.c.obj
                0x08004fca                HAL_TIMEx_CommutCallback
 .text.HAL_TIMEx_BreakCallback
                0x08004fcc        0x2 CMakeFiles/gimbal_task.elf.dir/Drivers/STM32F4xx_HAL_Driver/Src/stm32f4xx_hal_tim_ex.c.obj
                0x08004fcc                HAL_TIMEx_BreakCallback
 .text.UART_EndRxTransfer
                0x08004fce       0x5c CMakeFiles/gimbal_task.elf.dir/Drivers/STM32F4xx_HAL_Driver/Src/stm32f4xx_hal_uart.c.obj
 .text.UART_Transmit_IT
                0x0800502a       0x60 CMakeFiles/gimbal_task.elf.dir/Drivers/STM32F4xx_HAL_Driver/Src/stm32f4xx_hal_uart.c.obj
 *fill*         0x0800508a        0x2 
 .text.UART_SetConfig
                0x0800508c      0x110 CMakeFiles/gimbal_task.elf.dir/Drivers/STM32F4xx_HAL_Driver/Src/stm32f4xx_hal_uart.c.obj
 .text.HAL_UART_Init
                0x0800519c       0x60 CMakeFiles/gimbal_task.elf.dir/Drivers/STM32F4xx_HAL_Driver/Src/stm32f4xx_hal_uart.c.obj
                0x0800519c                HAL_UART_Init
 .text.HAL_UART_TxCpltCallback
                0x080051fc        0x2 CMakeFiles/gimbal_task.elf.dir/Drivers/STM32F4xx_HAL_Driver/Src/stm32f4xx_hal_uart.c.obj
                0x080051fc                HAL_UART_TxCpltCallback
 .text.UART_EndTransmit_IT
                0x080051fe       0x1a CMakeFiles/gimbal_task.elf.dir/Drivers/STM32F4xx_HAL_Driver/Src/stm32f4xx_hal_uart.c.obj
 .text.HAL_UART_RxCpltCallback
                0x08005218        0x2 CMakeFiles/gimbal_task.elf.dir/Drivers/STM32F4xx_HAL_Driver/Src/stm32f4xx_hal_uart.c.obj
                0x08005218                HAL_UART_RxCpltCallback
 .text.HAL_UART_ErrorCallback
                0x0800521a        0x2 CMakeFiles/gimbal_task.elf.dir/Drivers/STM32F4xx_HAL_Driver/Src/stm32f4xx_hal_uart.c.obj
                0x0800521a                HAL_UART_ErrorCallback
 .text.UART_DMAAbortOnError
                0x0800521c        0xe CMakeFiles/gimbal_task.elf.dir/Drivers/STM32F4xx_HAL_Driver/Src/stm32f4xx_hal_uart.c.obj
 .text.HAL_UARTEx_RxEventCallback
                0x0800522a        0x2 CMakeFiles/gimbal_task.elf.dir/Drivers/STM32F4xx_HAL_Driver/Src/stm32f4xx_hal_uart.c.obj
                0x0800522a                HAL_UARTEx_RxEventCallback
 .text.UART_Receive_IT
                0x0800522c       0xe6 CMakeFiles/gimbal_task.elf.dir/Drivers/STM32F4xx_HAL_Driver/Src/stm32f4xx_hal_uart.c.obj
 *fill*         0x08005312        0x2 
 .text.HAL_UART_IRQHandler
                0x08005314      0x2a0 CMakeFiles/gimbal_task.elf.dir/Drivers/STM32F4xx_HAL_Driver/Src/stm32f4xx_hal_uart.c.obj
                0x08005314                HAL_UART_IRQHandler
 .text.USB_CoreReset
                0x080055b4       0x58 CMakeFiles/gimbal_task.elf.dir/Drivers/STM32F4xx_HAL_Driver/Src/stm32f4xx_ll_usb.c.obj
 .text.USB_CoreInit
                0x0800560c       0x92 CMakeFiles/gimbal_task.elf.dir/Drivers/STM32F4xx_HAL_Driver/Src/stm32f4xx_ll_usb.c.obj
                0x0800560c                USB_CoreInit
 *fill*         0x0800569e        0x2 
 .text.USB_SetTurnaroundTime
                0x080056a0       0xe4 CMakeFiles/gimbal_task.elf.dir/Drivers/STM32F4xx_HAL_Driver/Src/stm32f4xx_ll_usb.c.obj
                0x080056a0                USB_SetTurnaroundTime
 .text.USB_EnableGlobalInt
                0x08005784        0xc CMakeFiles/gimbal_task.elf.dir/Drivers/STM32F4xx_HAL_Driver/Src/stm32f4xx_ll_usb.c.obj
                0x08005784                USB_EnableGlobalInt
 .text.USB_DisableGlobalInt
                0x08005790        0xc CMakeFiles/gimbal_task.elf.dir/Drivers/STM32F4xx_HAL_Driver/Src/stm32f4xx_ll_usb.c.obj
                0x08005790                USB_DisableGlobalInt
 .text.USB_FlushTxFifo
                0x0800579c       0x4a CMakeFiles/gimbal_task.elf.dir/Drivers/STM32F4xx_HAL_Driver/Src/stm32f4xx_ll_usb.c.obj
                0x0800579c                USB_FlushTxFifo
 .text.USB_FlushRxFifo
                0x080057e6       0x46 CMakeFiles/gimbal_task.elf.dir/Drivers/STM32F4xx_HAL_Driver/Src/stm32f4xx_ll_usb.c.obj
                0x080057e6                USB_FlushRxFifo
 .text.USB_SetDevSpeed
                0x0800582c        0xe CMakeFiles/gimbal_task.elf.dir/Drivers/STM32F4xx_HAL_Driver/Src/stm32f4xx_ll_usb.c.obj
                0x0800582c                USB_SetDevSpeed
 *fill*         0x0800583a        0x2 
 .text.USB_DevInit
                0x0800583c      0x194 CMakeFiles/gimbal_task.elf.dir/Drivers/STM32F4xx_HAL_Driver/Src/stm32f4xx_ll_usb.c.obj
                0x0800583c                USB_DevInit
 .text.USB_GetDevSpeed
                0x080059d0       0x22 CMakeFiles/gimbal_task.elf.dir/Drivers/STM32F4xx_HAL_Driver/Src/stm32f4xx_ll_usb.c.obj
                0x080059d0                USB_GetDevSpeed
 .text.USB_ActivateEndpoint
                0x080059f2       0x9a CMakeFiles/gimbal_task.elf.dir/Drivers/STM32F4xx_HAL_Driver/Src/stm32f4xx_ll_usb.c.obj
                0x080059f2                USB_ActivateEndpoint
 .text.USB_DeactivateEndpoint
                0x08005a8c       0xe0 CMakeFiles/gimbal_task.elf.dir/Drivers/STM32F4xx_HAL_Driver/Src/stm32f4xx_ll_usb.c.obj
                0x08005a8c                USB_DeactivateEndpoint
 .text.USB_EPStopXfer
                0x08005b6c       0xbe CMakeFiles/gimbal_task.elf.dir/Drivers/STM32F4xx_HAL_Driver/Src/stm32f4xx_ll_usb.c.obj
                0x08005b6c                USB_EPStopXfer
 .text.USB_WritePacket
                0x08005c2a       0x2e CMakeFiles/gimbal_task.elf.dir/Drivers/STM32F4xx_HAL_Driver/Src/stm32f4xx_ll_usb.c.obj
                0x08005c2a                USB_WritePacket
 .text.USB_EPStartXfer
                0x08005c58      0x244 CMakeFiles/gimbal_task.elf.dir/Drivers/STM32F4xx_HAL_Driver/Src/stm32f4xx_ll_usb.c.obj
                0x08005c58                USB_EPStartXfer
 .text.USB_ReadPacket
                0x08005e9c       0x46 CMakeFiles/gimbal_task.elf.dir/Drivers/STM32F4xx_HAL_Driver/Src/stm32f4xx_ll_usb.c.obj
                0x08005e9c                USB_ReadPacket
 .text.USB_EPSetStall
                0x08005ee2       0x5a CMakeFiles/gimbal_task.elf.dir/Drivers/STM32F4xx_HAL_Driver/Src/stm32f4xx_ll_usb.c.obj
                0x08005ee2                USB_EPSetStall
 .text.USB_EPClearStall
                0x08005f3c       0x5c CMakeFiles/gimbal_task.elf.dir/Drivers/STM32F4xx_HAL_Driver/Src/stm32f4xx_ll_usb.c.obj
                0x08005f3c                USB_EPClearStall
 .text.USB_SetDevAddress
                0x08005f98       0x20 CMakeFiles/gimbal_task.elf.dir/Drivers/STM32F4xx_HAL_Driver/Src/stm32f4xx_ll_usb.c.obj
                0x08005f98                USB_SetDevAddress
 .text.USB_DevConnect
                0x08005fb8       0x1c CMakeFiles/gimbal_task.elf.dir/Drivers/STM32F4xx_HAL_Driver/Src/stm32f4xx_ll_usb.c.obj
                0x08005fb8                USB_DevConnect
 .text.USB_DevDisconnect
                0x08005fd4       0x1c CMakeFiles/gimbal_task.elf.dir/Drivers/STM32F4xx_HAL_Driver/Src/stm32f4xx_ll_usb.c.obj
                0x08005fd4                USB_DevDisconnect
 .text.USB_ReadInterrupts
                0x08005ff0        0x8 CMakeFiles/gimbal_task.elf.dir/Drivers/STM32F4xx_HAL_Driver/Src/stm32f4xx_ll_usb.c.obj
                0x08005ff0                USB_ReadInterrupts
 .text.USB_ReadDevAllOutEpInterrupt
                0x08005ff8       0x10 CMakeFiles/gimbal_task.elf.dir/Drivers/STM32F4xx_HAL_Driver/Src/stm32f4xx_ll_usb.c.obj
                0x08005ff8                USB_ReadDevAllOutEpInterrupt
 .text.USB_ReadDevAllInEpInterrupt
                0x08006008       0x10 CMakeFiles/gimbal_task.elf.dir/Drivers/STM32F4xx_HAL_Driver/Src/stm32f4xx_ll_usb.c.obj
                0x08006008                USB_ReadDevAllInEpInterrupt
 .text.USB_ReadDevOutEPInterrupt
                0x08006018       0x12 CMakeFiles/gimbal_task.elf.dir/Drivers/STM32F4xx_HAL_Driver/Src/stm32f4xx_ll_usb.c.obj
                0x08006018                USB_ReadDevOutEPInterrupt
 .text.USB_ReadDevInEPInterrupt
                0x0800602a       0x24 CMakeFiles/gimbal_task.elf.dir/Drivers/STM32F4xx_HAL_Driver/Src/stm32f4xx_ll_usb.c.obj
                0x0800602a                USB_ReadDevInEPInterrupt
 .text.USB_GetMode
                0x0800604e        0x8 CMakeFiles/gimbal_task.elf.dir/Drivers/STM32F4xx_HAL_Driver/Src/stm32f4xx_ll_usb.c.obj
                0x0800604e                USB_GetMode
 .text.USB_SetCurrentMode
                0x08006056       0x62 CMakeFiles/gimbal_task.elf.dir/Drivers/STM32F4xx_HAL_Driver/Src/stm32f4xx_ll_usb.c.obj
                0x08006056                USB_SetCurrentMode
 .text.USB_ActivateSetup
                0x080060b8       0x1c CMakeFiles/gimbal_task.elf.dir/Drivers/STM32F4xx_HAL_Driver/Src/stm32f4xx_ll_usb.c.obj
                0x080060b8                USB_ActivateSetup
 .text.USB_EP0_OutStart
                0x080060d4       0x60 CMakeFiles/gimbal_task.elf.dir/Drivers/STM32F4xx_HAL_Driver/Src/stm32f4xx_ll_usb.c.obj
                0x080060d4                USB_EP0_OutStart
 .text.USBD_CDC_EP0_RxReady
                0x08006134       0x40 CMakeFiles/gimbal_task.elf.dir/Middlewares/ST/STM32_USB_Device_Library/Class/CDC/Src/usbd_cdc.c.obj
 .text.USBD_CDC_GetDeviceQualifierDescriptor
                0x08006174        0xc CMakeFiles/gimbal_task.elf.dir/Middlewares/ST/STM32_USB_Device_Library/Class/CDC/Src/usbd_cdc.c.obj
                0x08006174                USBD_CDC_GetDeviceQualifierDescriptor
 .text.USBD_CDC_GetOtherSpeedCfgDesc
                0x08006180       0x48 CMakeFiles/gimbal_task.elf.dir/Middlewares/ST/STM32_USB_Device_Library/Class/CDC/Src/usbd_cdc.c.obj
 .text.USBD_CDC_GetFSCfgDesc
                0x080061c8       0x48 CMakeFiles/gimbal_task.elf.dir/Middlewares/ST/STM32_USB_Device_Library/Class/CDC/Src/usbd_cdc.c.obj
 .text.USBD_CDC_GetHSCfgDesc
                0x08006210       0x48 CMakeFiles/gimbal_task.elf.dir/Middlewares/ST/STM32_USB_Device_Library/Class/CDC/Src/usbd_cdc.c.obj
 .text.USBD_CDC_DataOut
                0x08006258       0x38 CMakeFiles/gimbal_task.elf.dir/Middlewares/ST/STM32_USB_Device_Library/Class/CDC/Src/usbd_cdc.c.obj
 .text.USBD_CDC_DataIn
                0x08006290       0x7c CMakeFiles/gimbal_task.elf.dir/Middlewares/ST/STM32_USB_Device_Library/Class/CDC/Src/usbd_cdc.c.obj
 .text.USBD_CDC_Setup
                0x0800630c      0x11a CMakeFiles/gimbal_task.elf.dir/Middlewares/ST/STM32_USB_Device_Library/Class/CDC/Src/usbd_cdc.c.obj
 .text.USBD_CDC_DeInit
                0x08006426       0x64 CMakeFiles/gimbal_task.elf.dir/Middlewares/ST/STM32_USB_Device_Library/Class/CDC/Src/usbd_cdc.c.obj
 .text.USBD_CDC_Init
                0x0800648a       0xee CMakeFiles/gimbal_task.elf.dir/Middlewares/ST/STM32_USB_Device_Library/Class/CDC/Src/usbd_cdc.c.obj
 .text.USBD_CDC_RegisterInterface
                0x08006578       0x16 CMakeFiles/gimbal_task.elf.dir/Middlewares/ST/STM32_USB_Device_Library/Class/CDC/Src/usbd_cdc.c.obj
                0x08006578                USBD_CDC_RegisterInterface
 .text.USBD_CDC_SetTxBuffer
                0x0800658e       0x1c CMakeFiles/gimbal_task.elf.dir/Middlewares/ST/STM32_USB_Device_Library/Class/CDC/Src/usbd_cdc.c.obj
                0x0800658e                USBD_CDC_SetTxBuffer
 .text.USBD_CDC_SetRxBuffer
                0x080065aa       0x18 CMakeFiles/gimbal_task.elf.dir/Middlewares/ST/STM32_USB_Device_Library/Class/CDC/Src/usbd_cdc.c.obj
                0x080065aa                USBD_CDC_SetRxBuffer
 .text.USBD_CDC_TransmitPacket
                0x080065c2       0x36 CMakeFiles/gimbal_task.elf.dir/Middlewares/ST/STM32_USB_Device_Library/Class/CDC/Src/usbd_cdc.c.obj
                0x080065c2                USBD_CDC_TransmitPacket
 .text.USBD_CDC_ReceivePacket
                0x080065f8       0x38 CMakeFiles/gimbal_task.elf.dir/Middlewares/ST/STM32_USB_Device_Library/Class/CDC/Src/usbd_cdc.c.obj
                0x080065f8                USBD_CDC_ReceivePacket
 .text.USBD_Init
                0x08006630       0x2e CMakeFiles/gimbal_task.elf.dir/Middlewares/ST/STM32_USB_Device_Library/Core/Src/usbd_core.c.obj
                0x08006630                USBD_Init
 .text.USBD_RegisterClass
                0x0800665e       0x40 CMakeFiles/gimbal_task.elf.dir/Middlewares/ST/STM32_USB_Device_Library/Core/Src/usbd_core.c.obj
                0x0800665e                USBD_RegisterClass
 .text.USBD_Start
                0x0800669e        0x8 CMakeFiles/gimbal_task.elf.dir/Middlewares/ST/STM32_USB_Device_Library/Core/Src/usbd_core.c.obj
                0x0800669e                USBD_Start
 .text.USBD_SetClassConfig
                0x080066a6       0x12 CMakeFiles/gimbal_task.elf.dir/Middlewares/ST/STM32_USB_Device_Library/Core/Src/usbd_core.c.obj
                0x080066a6                USBD_SetClassConfig
 .text.USBD_ClrClassConfig
                0x080066b8       0x12 CMakeFiles/gimbal_task.elf.dir/Middlewares/ST/STM32_USB_Device_Library/Core/Src/usbd_core.c.obj
                0x080066b8                USBD_ClrClassConfig
 .text.USBD_LL_SetupStage
                0x080066ca       0x58 CMakeFiles/gimbal_task.elf.dir/Middlewares/ST/STM32_USB_Device_Library/Core/Src/usbd_core.c.obj
                0x080066ca                USBD_LL_SetupStage
 .text.USBD_LL_Reset
                0x08006722       0x66 CMakeFiles/gimbal_task.elf.dir/Middlewares/ST/STM32_USB_Device_Library/Core/Src/usbd_core.c.obj
                0x08006722                USBD_LL_Reset
 .text.USBD_LL_SetSpeed
                0x08006788        0x6 CMakeFiles/gimbal_task.elf.dir/Middlewares/ST/STM32_USB_Device_Library/Core/Src/usbd_core.c.obj
                0x08006788                USBD_LL_SetSpeed
 .text.USBD_LL_Suspend
                0x0800678e       0x1e CMakeFiles/gimbal_task.elf.dir/Middlewares/ST/STM32_USB_Device_Library/Core/Src/usbd_core.c.obj
                0x0800678e                USBD_LL_Suspend
 .text.USBD_LL_Resume
                0x080067ac       0x1a CMakeFiles/gimbal_task.elf.dir/Middlewares/ST/STM32_USB_Device_Library/Core/Src/usbd_core.c.obj
                0x080067ac                USBD_LL_Resume
 .text.USBD_LL_SOF
                0x080067c6       0x22 CMakeFiles/gimbal_task.elf.dir/Middlewares/ST/STM32_USB_Device_Library/Core/Src/usbd_core.c.obj
                0x080067c6                USBD_LL_SOF
 .text.USBD_LL_IsoINIncomplete
                0x080067e8       0x2e CMakeFiles/gimbal_task.elf.dir/Middlewares/ST/STM32_USB_Device_Library/Core/Src/usbd_core.c.obj
                0x080067e8                USBD_LL_IsoINIncomplete
 .text.USBD_LL_IsoOUTIncomplete
                0x08006816       0x2e CMakeFiles/gimbal_task.elf.dir/Middlewares/ST/STM32_USB_Device_Library/Core/Src/usbd_core.c.obj
                0x08006816                USBD_LL_IsoOUTIncomplete
 .text.USBD_LL_DevConnected
                0x08006844        0x4 CMakeFiles/gimbal_task.elf.dir/Middlewares/ST/STM32_USB_Device_Library/Core/Src/usbd_core.c.obj
                0x08006844                USBD_LL_DevConnected
 .text.USBD_LL_DevDisconnected
                0x08006848       0x20 CMakeFiles/gimbal_task.elf.dir/Middlewares/ST/STM32_USB_Device_Library/Core/Src/usbd_core.c.obj
                0x08006848                USBD_LL_DevDisconnected
 .text.USBD_CoreFindIF
                0x08006868        0x4 CMakeFiles/gimbal_task.elf.dir/Middlewares/ST/STM32_USB_Device_Library/Core/Src/usbd_core.c.obj
                0x08006868                USBD_CoreFindIF
 .text.USBD_CoreFindEP
                0x0800686c        0x4 CMakeFiles/gimbal_task.elf.dir/Middlewares/ST/STM32_USB_Device_Library/Core/Src/usbd_core.c.obj
                0x0800686c                USBD_CoreFindEP
 .text.USBD_LL_DataOutStage
                0x08006870       0xca CMakeFiles/gimbal_task.elf.dir/Middlewares/ST/STM32_USB_Device_Library/Core/Src/usbd_core.c.obj
                0x08006870                USBD_LL_DataOutStage
 .text.USBD_LL_DataInStage
                0x0800693a       0xd8 CMakeFiles/gimbal_task.elf.dir/Middlewares/ST/STM32_USB_Device_Library/Core/Src/usbd_core.c.obj
                0x0800693a                USBD_LL_DataInStage
 .text.USBD_GetNextDesc
                0x08006a12        0xe CMakeFiles/gimbal_task.elf.dir/Middlewares/ST/STM32_USB_Device_Library/Core/Src/usbd_core.c.obj
                0x08006a12                USBD_GetNextDesc
 .text.USBD_GetEpDesc
                0x08006a20       0x3e CMakeFiles/gimbal_task.elf.dir/Middlewares/ST/STM32_USB_Device_Library/Core/Src/usbd_core.c.obj
                0x08006a20                USBD_GetEpDesc
 .text.USBD_GetLen
                0x08006a5e       0x14 CMakeFiles/gimbal_task.elf.dir/Middlewares/ST/STM32_USB_Device_Library/Core/Src/usbd_ctlreq.c.obj
 .text.USBD_ParseSetupRequest
                0x08006a72       0x28 CMakeFiles/gimbal_task.elf.dir/Middlewares/ST/STM32_USB_Device_Library/Core/Src/usbd_ctlreq.c.obj
                0x08006a72                USBD_ParseSetupRequest
 .text.USBD_CtlError
                0x08006a9a       0x14 CMakeFiles/gimbal_task.elf.dir/Middlewares/ST/STM32_USB_Device_Library/Core/Src/usbd_ctlreq.c.obj
                0x08006a9a                USBD_CtlError
 .text.USBD_GetDescriptor
                0x08006aae      0x18a CMakeFiles/gimbal_task.elf.dir/Middlewares/ST/STM32_USB_Device_Library/Core/Src/usbd_ctlreq.c.obj
 .text.USBD_SetAddress
                0x08006c38       0x50 CMakeFiles/gimbal_task.elf.dir/Middlewares/ST/STM32_USB_Device_Library/Core/Src/usbd_ctlreq.c.obj
 .text.USBD_SetConfig
                0x08006c88       0xcc CMakeFiles/gimbal_task.elf.dir/Middlewares/ST/STM32_USB_Device_Library/Core/Src/usbd_ctlreq.c.obj
 .text.USBD_GetConfig
                0x08006d54       0x40 CMakeFiles/gimbal_task.elf.dir/Middlewares/ST/STM32_USB_Device_Library/Core/Src/usbd_ctlreq.c.obj
 .text.USBD_GetStatus
                0x08006d94       0x38 CMakeFiles/gimbal_task.elf.dir/Middlewares/ST/STM32_USB_Device_Library/Core/Src/usbd_ctlreq.c.obj
 .text.USBD_SetFeature
                0x08006dcc       0x2a CMakeFiles/gimbal_task.elf.dir/Middlewares/ST/STM32_USB_Device_Library/Core/Src/usbd_ctlreq.c.obj
 .text.USBD_ClrFeature
                0x08006df6       0x26 CMakeFiles/gimbal_task.elf.dir/Middlewares/ST/STM32_USB_Device_Library/Core/Src/usbd_ctlreq.c.obj
 .text.USBD_StdDevReq
                0x08006e1c       0x76 CMakeFiles/gimbal_task.elf.dir/Middlewares/ST/STM32_USB_Device_Library/Core/Src/usbd_ctlreq.c.obj
                0x08006e1c                USBD_StdDevReq
 .text.USBD_StdItfReq
                0x08006e92       0x84 CMakeFiles/gimbal_task.elf.dir/Middlewares/ST/STM32_USB_Device_Library/Core/Src/usbd_ctlreq.c.obj
                0x08006e92                USBD_StdItfReq
 .text.USBD_StdEPReq
                0x08006f16      0x232 CMakeFiles/gimbal_task.elf.dir/Middlewares/ST/STM32_USB_Device_Library/Core/Src/usbd_ctlreq.c.obj
                0x08006f16                USBD_StdEPReq
 .text.USBD_GetString
                0x08007148       0x46 CMakeFiles/gimbal_task.elf.dir/Middlewares/ST/STM32_USB_Device_Library/Core/Src/usbd_ctlreq.c.obj
                0x08007148                USBD_GetString
 .text.USBD_CtlSendData
                0x0800718e       0x1c CMakeFiles/gimbal_task.elf.dir/Middlewares/ST/STM32_USB_Device_Library/Core/Src/usbd_ioreq.c.obj
                0x0800718e                USBD_CtlSendData
 .text.USBD_CtlContinueSendData
                0x080071aa       0x10 CMakeFiles/gimbal_task.elf.dir/Middlewares/ST/STM32_USB_Device_Library/Core/Src/usbd_ioreq.c.obj
                0x080071aa                USBD_CtlContinueSendData
 .text.USBD_CtlPrepareRx
                0x080071ba       0x22 CMakeFiles/gimbal_task.elf.dir/Middlewares/ST/STM32_USB_Device_Library/Core/Src/usbd_ioreq.c.obj
                0x080071ba                USBD_CtlPrepareRx
 .text.USBD_CtlContinueRx
                0x080071dc       0x10 CMakeFiles/gimbal_task.elf.dir/Middlewares/ST/STM32_USB_Device_Library/Core/Src/usbd_ioreq.c.obj
                0x080071dc                USBD_CtlContinueRx
 .text.USBD_CtlSendStatus
                0x080071ec       0x16 CMakeFiles/gimbal_task.elf.dir/Middlewares/ST/STM32_USB_Device_Library/Core/Src/usbd_ioreq.c.obj
                0x080071ec                USBD_CtlSendStatus
 .text.USBD_CtlReceiveStatus
                0x08007202       0x16 CMakeFiles/gimbal_task.elf.dir/Middlewares/ST/STM32_USB_Device_Library/Core/Src/usbd_ioreq.c.obj
                0x08007202                USBD_CtlReceiveStatus
 .text.makeFreeRtosPriority
                0x08007218        0xc CMakeFiles/gimbal_task.elf.dir/Middlewares/Third_Party/FreeRTOS/Source/CMSIS_RTOS/cmsis_os.c.obj
 .text.osKernelStart
                0x08007224        0xa CMakeFiles/gimbal_task.elf.dir/Middlewares/Third_Party/FreeRTOS/Source/CMSIS_RTOS/cmsis_os.c.obj
                0x08007224                osKernelStart
 .text.osThreadCreate
                0x0800722e       0x66 CMakeFiles/gimbal_task.elf.dir/Middlewares/Third_Party/FreeRTOS/Source/CMSIS_RTOS/cmsis_os.c.obj
                0x0800722e                osThreadCreate
 .text.osDelay  0x08007294        0xe CMakeFiles/gimbal_task.elf.dir/Middlewares/Third_Party/FreeRTOS/Source/CMSIS_RTOS/cmsis_os.c.obj
                0x08007294                osDelay
 .text.vListInitialise
                0x080072a2       0x16 CMakeFiles/gimbal_task.elf.dir/Middlewares/Third_Party/FreeRTOS/Source/list.c.obj
                0x080072a2                vListInitialise
 .text.vListInitialiseItem
                0x080072b8        0x6 CMakeFiles/gimbal_task.elf.dir/Middlewares/Third_Party/FreeRTOS/Source/list.c.obj
                0x080072b8                vListInitialiseItem
 .text.vListInsertEnd
                0x080072be       0x16 CMakeFiles/gimbal_task.elf.dir/Middlewares/Third_Party/FreeRTOS/Source/list.c.obj
                0x080072be                vListInsertEnd
 .text.vListInsert
                0x080072d4       0x32 CMakeFiles/gimbal_task.elf.dir/Middlewares/Third_Party/FreeRTOS/Source/list.c.obj
                0x080072d4                vListInsert
 .text.uxListRemove
                0x08007306       0x26 CMakeFiles/gimbal_task.elf.dir/Middlewares/Third_Party/FreeRTOS/Source/list.c.obj
                0x08007306                uxListRemove
 .text.prvTaskExitError
                0x0800732c       0x40 CMakeFiles/gimbal_task.elf.dir/Middlewares/Third_Party/FreeRTOS/Source/portable/GCC/ARM_CM4F/port.c.obj
 .text.prvPortStartFirstTask
                0x0800736c       0x28 CMakeFiles/gimbal_task.elf.dir/Middlewares/Third_Party/FreeRTOS/Source/portable/GCC/ARM_CM4F/port.c.obj
 .text.vPortEnableVFP
                0x08007394       0x14 CMakeFiles/gimbal_task.elf.dir/Middlewares/Third_Party/FreeRTOS/Source/portable/GCC/ARM_CM4F/port.c.obj
 .text.pxPortInitialiseStack
                0x080073a8       0x2c CMakeFiles/gimbal_task.elf.dir/Middlewares/Third_Party/FreeRTOS/Source/portable/GCC/ARM_CM4F/port.c.obj
                0x080073a8                pxPortInitialiseStack
 *fill*         0x080073d4        0xc 
 .text.SVC_Handler
                0x080073e0       0x24 CMakeFiles/gimbal_task.elf.dir/Middlewares/Third_Party/FreeRTOS/Source/portable/GCC/ARM_CM4F/port.c.obj
                0x080073e0                SVC_Handler
 .text.vPortEnterCritical
                0x08007404       0x44 CMakeFiles/gimbal_task.elf.dir/Middlewares/Third_Party/FreeRTOS/Source/portable/GCC/ARM_CM4F/port.c.obj
                0x08007404                vPortEnterCritical
 .text.vPortExitCritical
                0x08007448       0x2c CMakeFiles/gimbal_task.elf.dir/Middlewares/Third_Party/FreeRTOS/Source/portable/GCC/ARM_CM4F/port.c.obj
                0x08007448                vPortExitCritical
 *fill*         0x08007474        0xc 
 .text.PendSV_Handler
                0x08007480       0x64 CMakeFiles/gimbal_task.elf.dir/Middlewares/Third_Party/FreeRTOS/Source/portable/GCC/ARM_CM4F/port.c.obj
                0x08007480                PendSV_Handler
 .text.SysTick_Handler
                0x080074e4       0x2c CMakeFiles/gimbal_task.elf.dir/Middlewares/Third_Party/FreeRTOS/Source/portable/GCC/ARM_CM4F/port.c.obj
                0x080074e4                SysTick_Handler
 .text.vPortSetupTimerInterrupt
                0x08007510       0x28 CMakeFiles/gimbal_task.elf.dir/Middlewares/Third_Party/FreeRTOS/Source/portable/GCC/ARM_CM4F/port.c.obj
                0x08007510                vPortSetupTimerInterrupt
 .text.xPortStartScheduler
                0x08007538      0x118 CMakeFiles/gimbal_task.elf.dir/Middlewares/Third_Party/FreeRTOS/Source/portable/GCC/ARM_CM4F/port.c.obj
                0x08007538                xPortStartScheduler
 .text.vPortValidateInterruptPriority
                0x08007650       0x5c CMakeFiles/gimbal_task.elf.dir/Middlewares/Third_Party/FreeRTOS/Source/portable/GCC/ARM_CM4F/port.c.obj
                0x08007650                vPortValidateInterruptPriority
 .text.prvHeapInit
                0x080076ac       0x64 CMakeFiles/gimbal_task.elf.dir/Middlewares/Third_Party/FreeRTOS/Source/portable/MemMang/heap_4.c.obj
 .text.prvInsertBlockIntoFreeList
                0x08007710       0x64 CMakeFiles/gimbal_task.elf.dir/Middlewares/Third_Party/FreeRTOS/Source/portable/MemMang/heap_4.c.obj
 .text.pvPortMalloc
                0x08007774      0x104 CMakeFiles/gimbal_task.elf.dir/Middlewares/Third_Party/FreeRTOS/Source/portable/MemMang/heap_4.c.obj
                0x08007774                pvPortMalloc
 .text.vPortFree
                0x08007878       0x7c CMakeFiles/gimbal_task.elf.dir/Middlewares/Third_Party/FreeRTOS/Source/portable/MemMang/heap_4.c.obj
                0x08007878                vPortFree
 .text.prvIsQueueFull
                0x080078f4       0x1e CMakeFiles/gimbal_task.elf.dir/Middlewares/Third_Party/FreeRTOS/Source/queue.c.obj
 .text.prvIsQueueEmpty
                0x08007912       0x1a CMakeFiles/gimbal_task.elf.dir/Middlewares/Third_Party/FreeRTOS/Source/queue.c.obj
 .text.prvCopyDataToQueue
                0x0800792c       0x76 CMakeFiles/gimbal_task.elf.dir/Middlewares/Third_Party/FreeRTOS/Source/queue.c.obj
 .text.prvCopyDataFromQueue
                0x080079a2       0x24 CMakeFiles/gimbal_task.elf.dir/Middlewares/Third_Party/FreeRTOS/Source/queue.c.obj
 .text.prvUnlockQueue
                0x080079c6       0x6e CMakeFiles/gimbal_task.elf.dir/Middlewares/Third_Party/FreeRTOS/Source/queue.c.obj
 .text.xQueueGenericReset
                0x08007a34       0x84 CMakeFiles/gimbal_task.elf.dir/Middlewares/Third_Party/FreeRTOS/Source/queue.c.obj
                0x08007a34                xQueueGenericReset
 .text.prvInitialiseNewQueue
                0x08007ab8       0x1c CMakeFiles/gimbal_task.elf.dir/Middlewares/Third_Party/FreeRTOS/Source/queue.c.obj
 .text.xQueueGenericCreateStatic
                0x08007ad4       0x94 CMakeFiles/gimbal_task.elf.dir/Middlewares/Third_Party/FreeRTOS/Source/queue.c.obj
                0x08007ad4                xQueueGenericCreateStatic
 .text.xQueueGenericSend
                0x08007b68      0x188 CMakeFiles/gimbal_task.elf.dir/Middlewares/Third_Party/FreeRTOS/Source/queue.c.obj
                0x08007b68                xQueueGenericSend
 .text.xQueueGenericSendFromISR
                0x08007cf0       0xce CMakeFiles/gimbal_task.elf.dir/Middlewares/Third_Party/FreeRTOS/Source/queue.c.obj
                0x08007cf0                xQueueGenericSendFromISR
 .text.xQueueReceive
                0x08007dbe      0x15e CMakeFiles/gimbal_task.elf.dir/Middlewares/Third_Party/FreeRTOS/Source/queue.c.obj
                0x08007dbe                xQueueReceive
 .text.vQueueAddToRegistry
                0x08007f1c       0x28 CMakeFiles/gimbal_task.elf.dir/Middlewares/Third_Party/FreeRTOS/Source/queue.c.obj
                0x08007f1c                vQueueAddToRegistry
 .text.vQueueWaitForMessageRestricted
                0x08007f44       0x52 CMakeFiles/gimbal_task.elf.dir/Middlewares/Third_Party/FreeRTOS/Source/queue.c.obj
                0x08007f44                vQueueWaitForMessageRestricted
 .text.prvSearchForNameWithinSingleList
                0x08007f96       0x64 CMakeFiles/gimbal_task.elf.dir/Middlewares/Third_Party/FreeRTOS/Source/tasks.c.obj
 *fill*         0x08007ffa        0x2 
 .text.prvResetNextTaskUnblockTime
                0x08007ffc       0x2c CMakeFiles/gimbal_task.elf.dir/Middlewares/Third_Party/FreeRTOS/Source/tasks.c.obj
 .text.prvInitialiseNewTask
                0x08008028      0x108 CMakeFiles/gimbal_task.elf.dir/Middlewares/Third_Party/FreeRTOS/Source/tasks.c.obj
 .text.prvInitialiseTaskLists
                0x08008130       0x68 CMakeFiles/gimbal_task.elf.dir/Middlewares/Third_Party/FreeRTOS/Source/tasks.c.obj
 .text.prvAddNewTaskToReadyList
                0x08008198       0xa8 CMakeFiles/gimbal_task.elf.dir/Middlewares/Third_Party/FreeRTOS/Source/tasks.c.obj
 .text.prvDeleteTCB
                0x08008240       0x40 CMakeFiles/gimbal_task.elf.dir/Middlewares/Third_Party/FreeRTOS/Source/tasks.c.obj
 .text.prvCheckTasksWaitingTermination
                0x08008280       0x4c CMakeFiles/gimbal_task.elf.dir/Middlewares/Third_Party/FreeRTOS/Source/tasks.c.obj
 .text.prvIdleTask
                0x080082cc       0x28 CMakeFiles/gimbal_task.elf.dir/Middlewares/Third_Party/FreeRTOS/Source/tasks.c.obj
 .text.prvAddCurrentTaskToDelayedList
                0x080082f4       0xa0 CMakeFiles/gimbal_task.elf.dir/Middlewares/Third_Party/FreeRTOS/Source/tasks.c.obj
 .text.xTaskCreateStatic
                0x08008394       0x7a CMakeFiles/gimbal_task.elf.dir/Middlewares/Third_Party/FreeRTOS/Source/tasks.c.obj
                0x08008394                xTaskCreateStatic
 .text.xTaskCreate
                0x0800840e       0x66 CMakeFiles/gimbal_task.elf.dir/Middlewares/Third_Party/FreeRTOS/Source/tasks.c.obj
                0x0800840e                xTaskCreate
 .text.vTaskStartScheduler
                0x08008474       0xac CMakeFiles/gimbal_task.elf.dir/Middlewares/Third_Party/FreeRTOS/Source/tasks.c.obj
                0x08008474                vTaskStartScheduler
 .text.vTaskSuspendAll
                0x08008520       0x10 CMakeFiles/gimbal_task.elf.dir/Middlewares/Third_Party/FreeRTOS/Source/tasks.c.obj
                0x08008520                vTaskSuspendAll
 .text.xTaskGetTickCount
                0x08008530        0xc CMakeFiles/gimbal_task.elf.dir/Middlewares/Third_Party/FreeRTOS/Source/tasks.c.obj
                0x08008530                xTaskGetTickCount
 .text.pcTaskGetName
                0x0800853c       0x28 CMakeFiles/gimbal_task.elf.dir/Middlewares/Third_Party/FreeRTOS/Source/tasks.c.obj
                0x0800853c                pcTaskGetName
 .text.xTaskIncrementTick
                0x08008564      0x118 CMakeFiles/gimbal_task.elf.dir/Middlewares/Third_Party/FreeRTOS/Source/tasks.c.obj
                0x08008564                xTaskIncrementTick
 .text.xTaskResumeAll
                0x0800867c       0xf8 CMakeFiles/gimbal_task.elf.dir/Middlewares/Third_Party/FreeRTOS/Source/tasks.c.obj
                0x0800867c                xTaskResumeAll
 .text.vTaskDelay
                0x08008774       0x4c CMakeFiles/gimbal_task.elf.dir/Middlewares/Third_Party/FreeRTOS/Source/tasks.c.obj
                0x08008774                vTaskDelay
 .text.xTaskGetHandle
                0x080087c0       0x98 CMakeFiles/gimbal_task.elf.dir/Middlewares/Third_Party/FreeRTOS/Source/tasks.c.obj
                0x080087c0                xTaskGetHandle
 .text.vTaskSwitchContext
                0x08008858       0xa4 CMakeFiles/gimbal_task.elf.dir/Middlewares/Third_Party/FreeRTOS/Source/tasks.c.obj
                0x08008858                vTaskSwitchContext
 .text.vTaskPlaceOnEventList
                0x080088fc       0x30 CMakeFiles/gimbal_task.elf.dir/Middlewares/Third_Party/FreeRTOS/Source/tasks.c.obj
                0x080088fc                vTaskPlaceOnEventList
 .text.vTaskPlaceOnEventListRestricted
                0x0800892c       0x38 CMakeFiles/gimbal_task.elf.dir/Middlewares/Third_Party/FreeRTOS/Source/tasks.c.obj
                0x0800892c                vTaskPlaceOnEventListRestricted
 .text.xTaskRemoveFromEventList
                0x08008964       0x8c CMakeFiles/gimbal_task.elf.dir/Middlewares/Third_Party/FreeRTOS/Source/tasks.c.obj
                0x08008964                xTaskRemoveFromEventList
 .text.vTaskInternalSetTimeOutState
                0x080089f0       0x18 CMakeFiles/gimbal_task.elf.dir/Middlewares/Third_Party/FreeRTOS/Source/tasks.c.obj
                0x080089f0                vTaskInternalSetTimeOutState
 .text.xTaskCheckForTimeOut
                0x08008a08       0xa0 CMakeFiles/gimbal_task.elf.dir/Middlewares/Third_Party/FreeRTOS/Source/tasks.c.obj
                0x08008a08                xTaskCheckForTimeOut
 .text.vTaskMissedYield
                0x08008aa8        0xc CMakeFiles/gimbal_task.elf.dir/Middlewares/Third_Party/FreeRTOS/Source/tasks.c.obj
                0x08008aa8                vTaskMissedYield
 .text.xTaskGetSchedulerState
                0x08008ab4       0x20 CMakeFiles/gimbal_task.elf.dir/Middlewares/Third_Party/FreeRTOS/Source/tasks.c.obj
                0x08008ab4                xTaskGetSchedulerState
 .text.xTaskPriorityDisinherit
                0x08008ad4       0xb0 CMakeFiles/gimbal_task.elf.dir/Middlewares/Third_Party/FreeRTOS/Source/tasks.c.obj
                0x08008ad4                xTaskPriorityDisinherit
 .text.ulTaskNotifyTake
                0x08008b84       0x80 CMakeFiles/gimbal_task.elf.dir/Middlewares/Third_Party/FreeRTOS/Source/tasks.c.obj
                0x08008b84                ulTaskNotifyTake
 .text.vTaskNotifyGiveFromISR
                0x08008c04       0xd4 CMakeFiles/gimbal_task.elf.dir/Middlewares/Third_Party/FreeRTOS/Source/tasks.c.obj
                0x08008c04                vTaskNotifyGiveFromISR
 .text.prvGetNextExpireTime
                0x08008cd8       0x20 CMakeFiles/gimbal_task.elf.dir/Middlewares/Third_Party/FreeRTOS/Source/timers.c.obj
 .text.prvInsertTimerInActiveList
                0x08008cf8       0x48 CMakeFiles/gimbal_task.elf.dir/Middlewares/Third_Party/FreeRTOS/Source/timers.c.obj
 .text.prvCheckForValidListAndQueue
                0x08008d40       0x70 CMakeFiles/gimbal_task.elf.dir/Middlewares/Third_Party/FreeRTOS/Source/timers.c.obj
 .text.xTimerCreateTimerTask
                0x08008db0       0x64 CMakeFiles/gimbal_task.elf.dir/Middlewares/Third_Party/FreeRTOS/Source/timers.c.obj
                0x08008db0                xTimerCreateTimerTask
 .text.xTimerGenericCommand
                0x08008e14       0x6c CMakeFiles/gimbal_task.elf.dir/Middlewares/Third_Party/FreeRTOS/Source/timers.c.obj
                0x08008e14                xTimerGenericCommand
 .text.prvSwitchTimerLists
                0x08008e80       0x7c CMakeFiles/gimbal_task.elf.dir/Middlewares/Third_Party/FreeRTOS/Source/timers.c.obj
 .text.prvSampleTimeNow
                0x08008efc       0x2c CMakeFiles/gimbal_task.elf.dir/Middlewares/Third_Party/FreeRTOS/Source/timers.c.obj
 .text.prvProcessExpiredTimer
                0x08008f28       0x6c CMakeFiles/gimbal_task.elf.dir/Middlewares/Third_Party/FreeRTOS/Source/timers.c.obj
 .text.prvProcessTimerOrBlockTask
                0x08008f94       0x74 CMakeFiles/gimbal_task.elf.dir/Middlewares/Third_Party/FreeRTOS/Source/timers.c.obj
 .text.prvProcessReceivedCommands
                0x08009008      0x10c CMakeFiles/gimbal_task.elf.dir/Middlewares/Third_Party/FreeRTOS/Source/timers.c.obj
 .text.prvTimerTask
                0x08009114       0x16 CMakeFiles/gimbal_task.elf.dir/Middlewares/Third_Party/FreeRTOS/Source/timers.c.obj
 *fill*         0x0800912a        0x2 
 .text.MX_ADC1_Init
                0x0800912c       0x70 CMakeFiles/gimbal_task.elf.dir/Src/adc.c.obj
                0x0800912c                MX_ADC1_Init
 .text.MX_ADC3_Init
                0x0800919c       0x70 CMakeFiles/gimbal_task.elf.dir/Src/adc.c.obj
                0x0800919c                MX_ADC3_Init
 .text.HAL_ADC_MspInit
                0x0800920c       0x90 CMakeFiles/gimbal_task.elf.dir/Src/adc.c.obj
                0x0800920c                HAL_ADC_MspInit
 .text.MX_CAN1_Init
                0x0800929c       0x40 CMakeFiles/gimbal_task.elf.dir/Src/can.c.obj
                0x0800929c                MX_CAN1_Init
 .text.MX_CAN2_Init
                0x080092dc       0x40 CMakeFiles/gimbal_task.elf.dir/Src/can.c.obj
                0x080092dc                MX_CAN2_Init
 .text.HAL_CAN_MspInit
                0x0800931c      0x130 CMakeFiles/gimbal_task.elf.dir/Src/can.c.obj
                0x0800931c                HAL_CAN_MspInit
 .text.MX_CRC_Init
                0x0800944c       0x20 CMakeFiles/gimbal_task.elf.dir/Src/crc.c.obj
                0x0800944c                MX_CRC_Init
 .text.HAL_CRC_MspInit
                0x0800946c       0x30 CMakeFiles/gimbal_task.elf.dir/Src/crc.c.obj
                0x0800946c                HAL_CRC_MspInit
 .text.MX_DMA_Init
                0x0800949c       0xb8 CMakeFiles/gimbal_task.elf.dir/Src/dma.c.obj
                0x0800949c                MX_DMA_Init
 .text.test_task
                0x08009554        0xe CMakeFiles/gimbal_task.elf.dir/Src/freertos.c.obj
                0x08009554                test_task
 *fill*         0x08009562        0x2 
 .text.vApplicationGetIdleTaskMemory
                0x08009564       0x18 CMakeFiles/gimbal_task.elf.dir/Src/freertos.c.obj
                0x08009564                vApplicationGetIdleTaskMemory
 .text.vApplicationGetTimerTaskMemory
                0x0800957c       0x18 CMakeFiles/gimbal_task.elf.dir/Src/freertos.c.obj
                0x0800957c                vApplicationGetTimerTaskMemory
 .text.MX_FREERTOS_Init
                0x08009594       0xd4 CMakeFiles/gimbal_task.elf.dir/Src/freertos.c.obj
                0x08009594                MX_FREERTOS_Init
 .text.MX_GPIO_Init
                0x08009668      0x218 CMakeFiles/gimbal_task.elf.dir/Src/gpio.c.obj
                0x08009668                MX_GPIO_Init
 .text.MX_I2C1_Init
                0x08009880       0x3c CMakeFiles/gimbal_task.elf.dir/Src/i2c.c.obj
                0x08009880                MX_I2C1_Init
 .text.MX_I2C2_Init
                0x080098bc       0x3c CMakeFiles/gimbal_task.elf.dir/Src/i2c.c.obj
                0x080098bc                MX_I2C2_Init
 .text.MX_I2C3_Init
                0x080098f8       0x3c CMakeFiles/gimbal_task.elf.dir/Src/i2c.c.obj
                0x080098f8                MX_I2C3_Init
 .text.HAL_I2C_MspInit
                0x08009934      0x1a4 CMakeFiles/gimbal_task.elf.dir/Src/i2c.c.obj
                0x08009934                HAL_I2C_MspInit
 .text.HAL_TIM_PeriodElapsedCallback
                0x08009ad8       0x18 CMakeFiles/gimbal_task.elf.dir/Src/main.c.obj
                0x08009ad8                HAL_TIM_PeriodElapsedCallback
 .text.Error_Handler
                0x08009af0        0x4 CMakeFiles/gimbal_task.elf.dir/Src/main.c.obj
                0x08009af0                Error_Handler
 .text.SystemClock_Config
                0x08009af4       0xa8 CMakeFiles/gimbal_task.elf.dir/Src/main.c.obj
                0x08009af4                SystemClock_Config
 .text.main     0x08009b9c       0x98 CMakeFiles/gimbal_task.elf.dir/Src/main.c.obj
                0x08009b9c                main
 .text.MX_RNG_Init
                0x08009c34       0x20 CMakeFiles/gimbal_task.elf.dir/Src/rng.c.obj
                0x08009c34                MX_RNG_Init
 .text.HAL_RNG_MspInit
                0x08009c54       0x30 CMakeFiles/gimbal_task.elf.dir/Src/rng.c.obj
                0x08009c54                HAL_RNG_MspInit
 .text.MX_RTC_Init
                0x08009c84       0x34 CMakeFiles/gimbal_task.elf.dir/Src/rtc.c.obj
                0x08009c84                MX_RTC_Init
 .text.HAL_RTC_MspInit
                0x08009cb8       0x48 CMakeFiles/gimbal_task.elf.dir/Src/rtc.c.obj
                0x08009cb8                HAL_RTC_MspInit
 .text.MX_SPI1_Init
                0x08009d00       0x48 CMakeFiles/gimbal_task.elf.dir/Src/spi.c.obj
                0x08009d00                MX_SPI1_Init
 .text.MX_SPI2_Init
                0x08009d48       0x48 CMakeFiles/gimbal_task.elf.dir/Src/spi.c.obj
                0x08009d48                MX_SPI2_Init
 .text.HAL_SPI_MspInit
                0x08009d90      0x188 CMakeFiles/gimbal_task.elf.dir/Src/spi.c.obj
                0x08009d90                HAL_SPI_MspInit
 .text.HAL_MspInit
                0x08009f18       0x44 CMakeFiles/gimbal_task.elf.dir/Src/stm32f4xx_hal_msp.c.obj
                0x08009f18                HAL_MspInit
 .text.HAL_InitTick
                0x08009f5c       0xa4 CMakeFiles/gimbal_task.elf.dir/Src/stm32f4xx_hal_timebase_tim.c.obj
                0x08009f5c                HAL_InitTick
 .text.NMI_Handler
                0x0800a000        0x2 CMakeFiles/gimbal_task.elf.dir/Src/stm32f4xx_it.c.obj
                0x0800a000                NMI_Handler
 .text.HardFault_Handler
                0x0800a002        0x2 CMakeFiles/gimbal_task.elf.dir/Src/stm32f4xx_it.c.obj
                0x0800a002                HardFault_Handler
 .text.MemManage_Handler
                0x0800a004        0x2 CMakeFiles/gimbal_task.elf.dir/Src/stm32f4xx_it.c.obj
                0x0800a004                MemManage_Handler
 .text.BusFault_Handler
                0x0800a006        0x2 CMakeFiles/gimbal_task.elf.dir/Src/stm32f4xx_it.c.obj
                0x0800a006                BusFault_Handler
 .text.UsageFault_Handler
                0x0800a008        0x2 CMakeFiles/gimbal_task.elf.dir/Src/stm32f4xx_it.c.obj
                0x0800a008                UsageFault_Handler
 .text.DebugMon_Handler
                0x0800a00a        0x2 CMakeFiles/gimbal_task.elf.dir/Src/stm32f4xx_it.c.obj
                0x0800a00a                DebugMon_Handler
 .text.EXTI0_IRQHandler
                0x0800a00c        0xa CMakeFiles/gimbal_task.elf.dir/Src/stm32f4xx_it.c.obj
                0x0800a00c                EXTI0_IRQHandler
 .text.EXTI3_IRQHandler
                0x0800a016        0xa CMakeFiles/gimbal_task.elf.dir/Src/stm32f4xx_it.c.obj
                0x0800a016                EXTI3_IRQHandler
 .text.EXTI4_IRQHandler
                0x0800a020        0xa CMakeFiles/gimbal_task.elf.dir/Src/stm32f4xx_it.c.obj
                0x0800a020                EXTI4_IRQHandler
 *fill*         0x0800a02a        0x2 
 .text.CAN1_RX0_IRQHandler
                0x0800a02c       0x10 CMakeFiles/gimbal_task.elf.dir/Src/stm32f4xx_it.c.obj
                0x0800a02c                CAN1_RX0_IRQHandler
 .text.CAN1_RX1_IRQHandler
                0x0800a03c       0x10 CMakeFiles/gimbal_task.elf.dir/Src/stm32f4xx_it.c.obj
                0x0800a03c                CAN1_RX1_IRQHandler
 .text.EXTI9_5_IRQHandler
                0x0800a04c        0xa CMakeFiles/gimbal_task.elf.dir/Src/stm32f4xx_it.c.obj
                0x0800a04c                EXTI9_5_IRQHandler
 *fill*         0x0800a056        0x2 
 .text.USART1_IRQHandler
                0x0800a058       0x10 CMakeFiles/gimbal_task.elf.dir/Src/stm32f4xx_it.c.obj
                0x0800a058                USART1_IRQHandler
 .text.TIM6_DAC_IRQHandler
                0x0800a068       0x10 CMakeFiles/gimbal_task.elf.dir/Src/stm32f4xx_it.c.obj
                0x0800a068                TIM6_DAC_IRQHandler
 .text.DMA2_Stream1_IRQHandler
                0x0800a078       0x10 CMakeFiles/gimbal_task.elf.dir/Src/stm32f4xx_it.c.obj
                0x0800a078                DMA2_Stream1_IRQHandler
 .text.CAN2_RX0_IRQHandler
                0x0800a088       0x10 CMakeFiles/gimbal_task.elf.dir/Src/stm32f4xx_it.c.obj
                0x0800a088                CAN2_RX0_IRQHandler
 .text.OTG_FS_IRQHandler
                0x0800a098       0x10 CMakeFiles/gimbal_task.elf.dir/Src/stm32f4xx_it.c.obj
                0x0800a098                OTG_FS_IRQHandler
 .text.DMA2_Stream5_IRQHandler
                0x0800a0a8       0x10 CMakeFiles/gimbal_task.elf.dir/Src/stm32f4xx_it.c.obj
                0x0800a0a8                DMA2_Stream5_IRQHandler
 .text.DMA2_Stream6_IRQHandler
                0x0800a0b8       0x10 CMakeFiles/gimbal_task.elf.dir/Src/stm32f4xx_it.c.obj
                0x0800a0b8                DMA2_Stream6_IRQHandler
 .text.DMA2_Stream7_IRQHandler
                0x0800a0c8       0x10 CMakeFiles/gimbal_task.elf.dir/Src/stm32f4xx_it.c.obj
                0x0800a0c8                DMA2_Stream7_IRQHandler
 .text._sbrk    0x0800a0d8       0x48 CMakeFiles/gimbal_task.elf.dir/Src/sysmem.c.obj
                0x0800a0d8                _sbrk
 .text.SystemInit
                0x0800a120       0x14 CMakeFiles/gimbal_task.elf.dir/Src/system_stm32f4xx.c.obj
                0x0800a120                SystemInit
 .text.HAL_TIM_Base_MspInit
                0x0800a134       0xe4 CMakeFiles/gimbal_task.elf.dir/Src/tim.c.obj
                0x0800a134                HAL_TIM_Base_MspInit
 .text.HAL_TIM_MspPostInit
                0x0800a218      0x1d0 CMakeFiles/gimbal_task.elf.dir/Src/tim.c.obj
                0x0800a218                HAL_TIM_MspPostInit
 .text.MX_TIM1_Init
                0x0800a3e8      0x110 CMakeFiles/gimbal_task.elf.dir/Src/tim.c.obj
                0x0800a3e8                MX_TIM1_Init
 .text.MX_TIM3_Init
                0x0800a4f8       0xb0 CMakeFiles/gimbal_task.elf.dir/Src/tim.c.obj
                0x0800a4f8                MX_TIM3_Init
 .text.MX_TIM4_Init
                0x0800a5a8       0xb0 CMakeFiles/gimbal_task.elf.dir/Src/tim.c.obj
                0x0800a5a8                MX_TIM4_Init
 .text.MX_TIM5_Init
                0x0800a658       0xd4 CMakeFiles/gimbal_task.elf.dir/Src/tim.c.obj
                0x0800a658                MX_TIM5_Init
 .text.MX_TIM8_Init
                0x0800a72c      0x100 CMakeFiles/gimbal_task.elf.dir/Src/tim.c.obj
                0x0800a72c                MX_TIM8_Init
 .text.MX_TIM10_Init
                0x0800a82c       0x74 CMakeFiles/gimbal_task.elf.dir/Src/tim.c.obj
                0x0800a82c                MX_TIM10_Init
 .text.MX_USART1_UART_Init
                0x0800a8a0       0x34 CMakeFiles/gimbal_task.elf.dir/Src/usart.c.obj
                0x0800a8a0                MX_USART1_UART_Init
 .text.MX_USART3_UART_Init
                0x0800a8d4       0x3c CMakeFiles/gimbal_task.elf.dir/Src/usart.c.obj
                0x0800a8d4                MX_USART3_UART_Init
 .text.MX_USART6_UART_Init
                0x0800a910       0x34 CMakeFiles/gimbal_task.elf.dir/Src/usart.c.obj
                0x0800a910                MX_USART6_UART_Init
 .text.HAL_UART_MspInit
                0x0800a944      0x2c8 CMakeFiles/gimbal_task.elf.dir/Src/usart.c.obj
                0x0800a944                HAL_UART_MspInit
 .text.MX_USB_DEVICE_Init
                0x0800ac0c       0x54 CMakeFiles/gimbal_task.elf.dir/Src/usb_device.c.obj
                0x0800ac0c                MX_USB_DEVICE_Init
 .text.CDC_DeInit_FS
                0x0800ac60        0x4 CMakeFiles/gimbal_task.elf.dir/Src/usbd_cdc_if.c.obj
 .text.CDC_Control_FS
                0x0800ac64        0x4 CMakeFiles/gimbal_task.elf.dir/Src/usbd_cdc_if.c.obj
 .text.CDC_TransmitCplt_FS
                0x0800ac68        0x4 CMakeFiles/gimbal_task.elf.dir/Src/usbd_cdc_if.c.obj
 .text.CDC_Receive_FS
                0x0800ac6c       0x20 CMakeFiles/gimbal_task.elf.dir/Src/usbd_cdc_if.c.obj
 .text.CDC_Init_FS
                0x0800ac8c       0x28 CMakeFiles/gimbal_task.elf.dir/Src/usbd_cdc_if.c.obj
 .text.CDC_Transmit_FS
                0x0800acb4       0x2c CMakeFiles/gimbal_task.elf.dir/Src/usbd_cdc_if.c.obj
                0x0800acb4                CDC_Transmit_FS
 .text.HAL_PCD_MspInit
                0x0800ace0       0x84 CMakeFiles/gimbal_task.elf.dir/Src/usbd_conf.c.obj
                0x0800ace0                HAL_PCD_MspInit
 .text.HAL_PCD_SetupStageCallback
                0x0800ad64       0x10 CMakeFiles/gimbal_task.elf.dir/Src/usbd_conf.c.obj
                0x0800ad64                HAL_PCD_SetupStageCallback
 .text.HAL_PCD_DataOutStageCallback
                0x0800ad74       0x18 CMakeFiles/gimbal_task.elf.dir/Src/usbd_conf.c.obj
                0x0800ad74                HAL_PCD_DataOutStageCallback
 .text.HAL_PCD_DataInStageCallback
                0x0800ad8c       0x16 CMakeFiles/gimbal_task.elf.dir/Src/usbd_conf.c.obj
                0x0800ad8c                HAL_PCD_DataInStageCallback
 .text.HAL_PCD_SOFCallback
                0x0800ada2        0xc CMakeFiles/gimbal_task.elf.dir/Src/usbd_conf.c.obj
                0x0800ada2                HAL_PCD_SOFCallback
 .text.HAL_PCD_ResetCallback
                0x0800adae       0x28 CMakeFiles/gimbal_task.elf.dir/Src/usbd_conf.c.obj
                0x0800adae                HAL_PCD_ResetCallback
 *fill*         0x0800add6        0x2 
 .text.HAL_PCD_SuspendCallback
                0x0800add8       0x30 CMakeFiles/gimbal_task.elf.dir/Src/usbd_conf.c.obj
                0x0800add8                HAL_PCD_SuspendCallback
 .text.HAL_PCD_ResumeCallback
                0x0800ae08        0xc CMakeFiles/gimbal_task.elf.dir/Src/usbd_conf.c.obj
                0x0800ae08                HAL_PCD_ResumeCallback
 .text.HAL_PCD_ISOOUTIncompleteCallback
                0x0800ae14        0xc CMakeFiles/gimbal_task.elf.dir/Src/usbd_conf.c.obj
                0x0800ae14                HAL_PCD_ISOOUTIncompleteCallback
 .text.HAL_PCD_ISOINIncompleteCallback
                0x0800ae20        0xc CMakeFiles/gimbal_task.elf.dir/Src/usbd_conf.c.obj
                0x0800ae20                HAL_PCD_ISOINIncompleteCallback
 .text.HAL_PCD_ConnectCallback
                0x0800ae2c        0xc CMakeFiles/gimbal_task.elf.dir/Src/usbd_conf.c.obj
                0x0800ae2c                HAL_PCD_ConnectCallback
 .text.HAL_PCD_DisconnectCallback
                0x0800ae38        0xc CMakeFiles/gimbal_task.elf.dir/Src/usbd_conf.c.obj
                0x0800ae38                HAL_PCD_DisconnectCallback
 .text.USBD_LL_Init
                0x0800ae44       0x68 CMakeFiles/gimbal_task.elf.dir/Src/usbd_conf.c.obj
                0x0800ae44                USBD_LL_Init
 .text.USBD_LL_IsStallEP
                0x0800aeac       0x2c CMakeFiles/gimbal_task.elf.dir/Src/usbd_conf.c.obj
                0x0800aeac                USBD_LL_IsStallEP
 .text.USBD_LL_GetRxDataSize
                0x0800aed8        0xc CMakeFiles/gimbal_task.elf.dir/Src/usbd_conf.c.obj
                0x0800aed8                USBD_LL_GetRxDataSize
 .text.USBD_static_malloc
                0x0800aee4        0x8 CMakeFiles/gimbal_task.elf.dir/Src/usbd_conf.c.obj
                0x0800aee4                USBD_static_malloc
 .text.USBD_static_free
                0x0800aeec        0x2 CMakeFiles/gimbal_task.elf.dir/Src/usbd_conf.c.obj
                0x0800aeec                USBD_static_free
 .text.USBD_Get_USB_Status
                0x0800aeee       0x14 CMakeFiles/gimbal_task.elf.dir/Src/usbd_conf.c.obj
                0x0800aeee                USBD_Get_USB_Status
 .text.USBD_LL_Start
                0x0800af02       0x10 CMakeFiles/gimbal_task.elf.dir/Src/usbd_conf.c.obj
                0x0800af02                USBD_LL_Start
 .text.USBD_LL_OpenEP
                0x0800af12       0x16 CMakeFiles/gimbal_task.elf.dir/Src/usbd_conf.c.obj
                0x0800af12                USBD_LL_OpenEP
 .text.USBD_LL_CloseEP
                0x0800af28       0x10 CMakeFiles/gimbal_task.elf.dir/Src/usbd_conf.c.obj
                0x0800af28                USBD_LL_CloseEP
 .text.USBD_LL_StallEP
                0x0800af38       0x10 CMakeFiles/gimbal_task.elf.dir/Src/usbd_conf.c.obj
                0x0800af38                USBD_LL_StallEP
 .text.USBD_LL_ClearStallEP
                0x0800af48       0x10 CMakeFiles/gimbal_task.elf.dir/Src/usbd_conf.c.obj
                0x0800af48                USBD_LL_ClearStallEP
 .text.USBD_LL_SetUSBAddress
                0x0800af58       0x10 CMakeFiles/gimbal_task.elf.dir/Src/usbd_conf.c.obj
                0x0800af58                USBD_LL_SetUSBAddress
 .text.USBD_LL_Transmit
                0x0800af68       0x10 CMakeFiles/gimbal_task.elf.dir/Src/usbd_conf.c.obj
                0x0800af68                USBD_LL_Transmit
 .text.USBD_LL_PrepareReceive
                0x0800af78       0x10 CMakeFiles/gimbal_task.elf.dir/Src/usbd_conf.c.obj
                0x0800af78                USBD_LL_PrepareReceive
 .text.USBD_FS_DeviceDescriptor
                0x0800af88        0xc CMakeFiles/gimbal_task.elf.dir/Src/usbd_desc.c.obj
                0x0800af88                USBD_FS_DeviceDescriptor
 .text.USBD_FS_LangIDStrDescriptor
                0x0800af94        0xc CMakeFiles/gimbal_task.elf.dir/Src/usbd_desc.c.obj
                0x0800af94                USBD_FS_LangIDStrDescriptor
 .text.IntToUnicode
                0x0800afa0       0x46 CMakeFiles/gimbal_task.elf.dir/Src/usbd_desc.c.obj
 *fill*         0x0800afe6        0x2 
 .text.Get_SerialNum
                0x0800afe8       0x38 CMakeFiles/gimbal_task.elf.dir/Src/usbd_desc.c.obj
 .text.USBD_FS_SerialStrDescriptor
                0x0800b020       0x14 CMakeFiles/gimbal_task.elf.dir/Src/usbd_desc.c.obj
                0x0800b020                USBD_FS_SerialStrDescriptor
 .text.USBD_FS_ProductStrDescriptor
                0x0800b034       0x24 CMakeFiles/gimbal_task.elf.dir/Src/usbd_desc.c.obj
                0x0800b034                USBD_FS_ProductStrDescriptor
 .text.USBD_FS_ManufacturerStrDescriptor
                0x0800b058       0x1c CMakeFiles/gimbal_task.elf.dir/Src/usbd_desc.c.obj
                0x0800b058                USBD_FS_ManufacturerStrDescriptor
 .text.USBD_FS_ConfigStrDescriptor
                0x0800b074       0x24 CMakeFiles/gimbal_task.elf.dir/Src/usbd_desc.c.obj
                0x0800b074                USBD_FS_ConfigStrDescriptor
 .text.USBD_FS_InterfaceStrDescriptor
                0x0800b098       0x24 CMakeFiles/gimbal_task.elf.dir/Src/usbd_desc.c.obj
                0x0800b098                USBD_FS_InterfaceStrDescriptor
 .text.Reset_Handler
                0x0800b0bc       0x50 CMakeFiles/gimbal_task.elf.dir/Startup/startup_stm32f407ighx.s.obj
                0x0800b0bc                Reset_Handler
 .text.Default_Handler
                0x0800b10c        0x2 CMakeFiles/gimbal_task.elf.dir/Startup/startup_stm32f407ighx.s.obj
                0x0800b10c                RTC_Alarm_IRQHandler
                0x0800b10c                HASH_RNG_IRQHandler
                0x0800b10c                EXTI2_IRQHandler
                0x0800b10c                TIM8_CC_IRQHandler
                0x0800b10c                TIM1_CC_IRQHandler
                0x0800b10c                DMA1_Stream5_IRQHandler
                0x0800b10c                PVD_IRQHandler
                0x0800b10c                SDIO_IRQHandler
                0x0800b10c                TAMP_STAMP_IRQHandler
                0x0800b10c                CAN2_RX1_IRQHandler
                0x0800b10c                TIM8_TRG_COM_TIM14_IRQHandler
                0x0800b10c                TIM1_UP_TIM10_IRQHandler
                0x0800b10c                TIM8_UP_TIM13_IRQHandler
                0x0800b10c                I2C3_ER_IRQHandler
                0x0800b10c                I2C2_EV_IRQHandler
                0x0800b10c                DMA1_Stream2_IRQHandler
                0x0800b10c                FPU_IRQHandler
                0x0800b10c                OTG_HS_WKUP_IRQHandler
                0x0800b10c                CAN2_SCE_IRQHandler
                0x0800b10c                SPI1_IRQHandler
                0x0800b10c                TIM1_BRK_TIM9_IRQHandler
                0x0800b10c                DCMI_IRQHandler
                0x0800b10c                DMA2_Stream3_IRQHandler
                0x0800b10c                USART6_IRQHandler
                0x0800b10c                UART5_IRQHandler
                0x0800b10c                DMA2_Stream0_IRQHandler
                0x0800b10c                TIM4_IRQHandler
                0x0800b10c                I2C1_EV_IRQHandler
                0x0800b10c                DMA1_Stream6_IRQHandler
                0x0800b10c                DMA1_Stream1_IRQHandler
                0x0800b10c                UART4_IRQHandler