Archive member included to satisfy reference by file (symbol)

/home/coffee/Gimbal/USER/components/algorithm/AHRS.lib(ahrs.o)
                              CMakeFiles/gimbal_task.elf.dir/USER/application/Task/INS_task.c.obj (AHRS_init)
/home/coffee/Gimbal/Middlewares/ST/ARM/DSP/Lib/libarm_cortexM4lf_math.a(arm_sin_f32.o)
                              CMakeFiles/gimbal_task.elf.dir/USER/application/module/gimbal/gimbal.c.obj (arm_sin_f32)
/home/coffee/Gimbal/Middlewares/ST/ARM/DSP/Lib/libarm_cortexM4lf_math.a(arm_cos_f32.o)
                              CMakeFiles/gimbal_task.elf.dir/USER/application/module/gimbal/gimbal.c.obj (arm_cos_f32)
/home/coffee/Gimbal/Middlewares/ST/ARM/DSP/Lib/libarm_cortexM4lf_math.a(arm_common_tables.o)
                              /home/coffee/Gimbal/Middlewares/ST/ARM/DSP/Lib/libarm_cortexM4lf_math.a(arm_sin_f32.o) (sinTable_f32)
/usr/lib/gcc/arm-none-eabi/10.3.1/thumb/v7e-m+fp/hard/libgcc.a(_arm_muldf3.o)
                              CMakeFiles/gimbal_task.elf.dir/USER/application/Task/led_task.c.obj (__aeabi_dmul)
/usr/lib/gcc/arm-none-eabi/10.3.1/thumb/v7e-m+fp/hard/libgcc.a(_arm_addsubdf3.o)
                              CMakeFiles/gimbal_task.elf.dir/USER/components/device/DJI_Motor/DJI_Motor.c.obj (__aeabi_dsub)
/usr/lib/gcc/arm-none-eabi/10.3.1/thumb/v7e-m+fp/hard/libgcc.a(_arm_muldivdf3.o)
                              CMakeFiles/gimbal_task.elf.dir/USER/application/Task/led_task.c.obj (__aeabi_ddiv)
/usr/lib/gcc/arm-none-eabi/10.3.1/thumb/v7e-m+fp/hard/libgcc.a(_arm_cmpdf2.o)
                              CMakeFiles/gimbal_task.elf.dir/USER/components/device/DJI_Motor/DJI_Motor.c.obj (__aeabi_dcmpgt)
/usr/lib/gcc/arm-none-eabi/10.3.1/thumb/v7e-m+fp/hard/libgcc.a(_arm_truncdfsf2.o)
                              CMakeFiles/gimbal_task.elf.dir/USER/application/Task/led_task.c.obj (__aeabi_d2f)
/usr/lib/gcc/arm-none-eabi/10.3.1/thumb/v7e-m+fp/hard/libgcc.a(_aeabi_uldivmod.o)
                              CMakeFiles/gimbal_task.elf.dir/Drivers/STM32F4xx_HAL_Driver/Src/stm32f4xx_hal_rcc.c.obj (__aeabi_uldivmod)
/usr/lib/gcc/arm-none-eabi/10.3.1/thumb/v7e-m+fp/hard/libgcc.a(_udivmoddi4.o)
                              /usr/lib/gcc/arm-none-eabi/10.3.1/thumb/v7e-m+fp/hard/libgcc.a(_aeabi_uldivmod.o) (__udivmoddi4)
/usr/lib/gcc/arm-none-eabi/10.3.1/thumb/v7e-m+fp/hard/libgcc.a(_dvmd_tls.o)
                              /usr/lib/gcc/arm-none-eabi/10.3.1/thumb/v7e-m+fp/hard/libgcc.a(_aeabi_uldivmod.o) (__aeabi_ldiv0)
/usr/lib/gcc/arm-none-eabi/10.3.1/../../../arm-none-eabi/lib/thumb/v7e-m+fp/hard/libc.a(lib_a-aeabi_memclr.o)
                              /home/coffee/Gimbal/USER/components/algorithm/AHRS.lib(ahrs.o) (__aeabi_memclr4)
/usr/lib/gcc/arm-none-eabi/10.3.1/../../../arm-none-eabi/lib/thumb/v7e-m+fp/hard/libc.a(lib_a-aeabi_memset-soft.o)
                              /usr/lib/gcc/arm-none-eabi/10.3.1/../../../arm-none-eabi/lib/thumb/v7e-m+fp/hard/libc.a(lib_a-aeabi_memclr.o) (__aeabi_memset)
/usr/lib/gcc/arm-none-eabi/10.3.1/../../../arm-none-eabi/lib/thumb/v7e-m+fp/hard/libc.a(lib_a-atexit.o)
                              /usr/lib/gcc/arm-none-eabi/10.3.1/../../../arm-none-eabi/lib/thumb/v7e-m+fp/hard/crt0.o (atexit)
/usr/lib/gcc/arm-none-eabi/10.3.1/../../../arm-none-eabi/lib/thumb/v7e-m+fp/hard/libc.a(lib_a-errno.o)
                              CMakeFiles/gimbal_task.elf.dir/Src/syscalls.c.obj (__errno)
/usr/lib/gcc/arm-none-eabi/10.3.1/../../../arm-none-eabi/lib/thumb/v7e-m+fp/hard/libc.a(lib_a-exit.o)
                              /usr/lib/gcc/arm-none-eabi/10.3.1/../../../arm-none-eabi/lib/thumb/v7e-m+fp/hard/crt0.o (exit)
/usr/lib/gcc/arm-none-eabi/10.3.1/../../../arm-none-eabi/lib/thumb/v7e-m+fp/hard/libc.a(lib_a-fini.o)
                              /usr/lib/gcc/arm-none-eabi/10.3.1/../../../arm-none-eabi/lib/thumb/v7e-m+fp/hard/crt0.o (__libc_fini_array)
/usr/lib/gcc/arm-none-eabi/10.3.1/../../../arm-none-eabi/lib/thumb/v7e-m+fp/hard/libc.a(lib_a-impure.o)
                              /usr/lib/gcc/arm-none-eabi/10.3.1/../../../arm-none-eabi/lib/thumb/v7e-m+fp/hard/libc.a(lib_a-exit.o) (_global_impure_ptr)
/usr/lib/gcc/arm-none-eabi/10.3.1/../../../arm-none-eabi/lib/thumb/v7e-m+fp/hard/libc.a(lib_a-init.o)
                              /usr/lib/gcc/arm-none-eabi/10.3.1/../../../arm-none-eabi/lib/thumb/v7e-m+fp/hard/crt0.o (__libc_init_array)
/usr/lib/gcc/arm-none-eabi/10.3.1/../../../arm-none-eabi/lib/thumb/v7e-m+fp/hard/libc.a(lib_a-malloc.o)
                              CMakeFiles/gimbal_task.elf.dir/USER/components/support/fifo.c.obj (malloc)
/usr/lib/gcc/arm-none-eabi/10.3.1/../../../arm-none-eabi/lib/thumb/v7e-m+fp/hard/libc.a(lib_a-mallocr.o)
                              /usr/lib/gcc/arm-none-eabi/10.3.1/../../../arm-none-eabi/lib/thumb/v7e-m+fp/hard/libc.a(lib_a-malloc.o) (_malloc_r)
/usr/lib/gcc/arm-none-eabi/10.3.1/../../../arm-none-eabi/lib/thumb/v7e-m+fp/hard/libc.a(lib_a-memcpy.o)
[...]
Memory Configuration

Name             Origin             Length             Attributes
CCMRAM           0x0000000010000000 0x0000000000010000 xrw
RAM              0x0000000020000000 0x0000000000020000 xrw
FLASH            0x0000000008000000 0x0000000000100000 xr
*default*        0x0000000000000000 0xffffffffffffffff

Linker script and memory map

LOAD /usr/lib/gcc/arm-none-eabi/10.3.1/thumb/v7e-m+fp/hard/crti.o
LOAD /usr/lib/gcc/arm-none-eabi/10.3.1/thumb/v7e-m+fp/hard/crtbegin.o
LOAD /usr/lib/gcc/arm-none-eabi/10.3.1/../../../arm-none-eabi/lib/thumb/v7e-m+fp/hard/crt0.o
LOAD CMakeFiles/gimbal_task.elf.dir/Drivers/STM32F4xx_HAL_Driver/Src/stm32f4xx_hal.c.obj
LOAD CMakeFiles/gimbal_task.elf.dir/Drivers/STM32F4xx_HAL_Driver/Src/stm32f4xx_hal_adc.c.obj
LOAD CMakeFiles/gimbal_task.elf.dir/Drivers/STM32F4xx_HAL_Driver/Src/stm32f4xx_hal_adc_ex.c.obj
LOAD CMakeFiles/gimbal_task.elf.dir/Drivers/STM32F4xx_HAL_Driver/Src/stm32f4xx_hal_can.c.obj
LOAD CMakeFiles/gimbal_task.elf.dir/Drivers/STM32F4xx_HAL_Driver/Src/stm32f4xx_hal_cortex.c.obj
LOAD CMakeFiles/gimbal_task.elf.dir/Drivers/STM32F4xx_HAL_Driver/Src/stm32f4xx_hal_crc.c.obj
LOAD CMakeFiles/gimbal_task.elf.dir/Drivers/STM32F4xx_HAL_Driver/Src/stm32f4xx_hal_dma.c.obj
LOAD CMakeFiles/gimbal_task.elf.dir/Drivers/STM32F4xx_HAL_Driver/Src/stm32f4xx_hal_dma_ex.c.obj
LOAD CMakeFiles/gimbal_task.elf.dir/Drivers/STM32F4xx_HAL_Driver/Src/stm32f4xx_hal_exti.c.obj
LOAD CMakeFiles/gimbal_task.elf.dir/Drivers/STM32F4xx_HAL_Driver/Src/stm32f4xx_hal_flash.c.obj
LOAD CMakeFiles/gimbal_task.elf.dir/Drivers/STM32F4xx_HAL_Driver/Src/stm32f4xx_hal_flash_ex.c.obj
LOAD CMakeFiles/gimbal_task.elf.dir/Drivers/STM32F4xx_HAL_Driver/Src/stm32f4xx_hal_flash_ramfunc.c.obj
LOAD CMakeFiles/gimbal_task.elf.dir/Drivers/STM32F4xx_HAL_Driver/Src/stm32f4xx_hal_gpio.c.obj
LOAD CMakeFiles/gimbal_task.elf.dir/Drivers/STM32F4xx_HAL_Driver/Src/stm32f4xx_hal_i2c.c.obj
LOAD CMakeFiles/gimbal_task.elf.dir/Drivers/STM32F4xx_HAL_Driver/Src/stm32f4xx_hal_i2c_ex.c.obj
LOAD CMakeFiles/gimbal_task.elf.dir/Drivers/STM32F4xx_HAL_Driver/Src/stm32f4xx_hal_pcd.c.obj
LOAD CMakeFiles/gimbal_task.elf.dir/Drivers/STM32F4xx_HAL_Driver/Src/stm32f4xx_hal_pcd_ex.c.obj
LOAD CMakeFiles/gimbal_task.elf.dir/Drivers/STM32F4xx_HAL_Driver/Src/stm32f4xx_hal_pwr.c.obj
LOAD CMakeFiles/gimbal_task.elf.dir/Drivers/STM32F4xx_HAL_Driver/Src/stm32f4xx_hal_pwr_ex.c.obj
LOAD CMakeFiles/gimbal_task.elf.dir/Drivers/STM32F4xx_HAL_Driver/Src/stm32f4xx_hal_rcc.c.obj
LOAD CMakeFiles/gimbal_task.elf.dir/Drivers/STM32F4xx_HAL_Driver/Src/stm32f4xx_hal_rcc_ex.c.obj
LOAD CMakeFiles/gimbal_task.elf.dir/Drivers/STM32F4xx_HAL_Driver/Src/stm32f4xx_hal_rng.c.obj
LOAD CMakeFiles/gimbal_task.elf.dir/Drivers/STM32F4xx_HAL_Driver/Src/stm32f4xx_hal_rtc.c.obj
LOAD CMakeFiles/gimbal_task.elf.dir/Drivers/STM32F4xx_HAL_Driver/Src/stm32f4xx_hal_rtc_ex.c.obj
LOAD CMakeFiles/gimbal_task.elf.dir/Drivers/STM32F4xx_HAL_Driver/Src/stm32f4xx_hal_spi.c.obj
LOAD CMakeFiles/gimbal_task.elf.dir/Drivers/STM32F4xx_HAL_Driver/Src/stm32f4xx_hal_tim.c.obj
LOAD CMakeFiles/gimbal_task.elf.dir/Drivers/STM32F4xx_HAL_Driver/Src/stm32f4xx_hal_tim_ex.c.obj
LOAD CMakeFiles/gimbal_task.elf.dir/Drivers/STM32F4xx_HAL_Driver/Src/stm32f4xx_hal_uart.c.obj
LOAD CMakeFiles/gimbal_task.elf.dir/Drivers/STM32F4xx_HAL_Driver/Src/stm32f4xx_ll_adc.c.obj
LOAD CMakeFiles/gimbal_task.elf.dir/Drivers/STM32F4xx_HAL_Driver/Src/stm32f4xx_ll_usb.c.obj
LOAD CMakeFiles/gimbal_task.elf.dir/Middlewares/ST/STM32_USB_Device_Library/Class/CDC/Src/usbd_cdc.c.obj
LOAD CMakeFiles/gimbal_task.elf.dir/Middlewares/ST/STM32_USB_Device_Library/Core/Src/usbd_core.c.obj
LOAD CMakeFiles/gimbal_task.elf.dir/Middlewares/ST/STM32_USB_Device_Library/Core/Src/usbd_ctlreq.c.obj
LOAD CMakeFiles/gimbal_task.elf.dir/Middlewares/ST/STM32_USB_Device_Library/Core/Src/usbd_ioreq.c.obj
LOAD CMakeFiles/gimbal_task.elf.dir/Middlewares/Third_Party/FreeRTOS/Source/CMSIS_RTOS/cmsis_os.c.obj
LOAD CMakeFiles/gimbal_task.elf.dir/Middlewares/Third_Party/FreeRTOS/Source/croutine.c.obj
LOAD CMakeFiles/gimbal_task.elf.dir/Middlewares/Third_Party/FreeRTOS/Source/event_groups.c.obj
LOAD CMakeFiles/gimbal_task.elf.dir/Middlewares/Third_Party/FreeRTOS/Source/list.c.obj
LOAD CMakeFiles/gimbal_task.elf.dir/Middlewares/Third_Party/FreeRTOS/Source/portable/GCC/ARM_CM4F/port.c.obj
LOAD CMakeFiles/gimbal_task.elf.dir/Middlewares/Third_Party/FreeRTOS/Source/portable/MemMang/heap_4.c.obj
LOAD CMakeFiles/gimbal_task.elf.dir/Middlewares/Third_Party/FreeRTOS/Source/queue.c.obj
LOAD CMakeFiles/gimbal_task.elf.dir/Middlewares/Third_Party/FreeRTOS/Source/stream_buffer.c.obj
LOAD CMakeFiles/gimbal_task.elf.dir/Middlewares/Third_Party/FreeRTOS/Source/tasks.c.obj
LOAD CMakeFiles/gimbal_task.elf.dir/Middlewares/Third_Party/FreeRTOS/Source/timers.c.obj
LOAD CMakeFiles/gimbal_task.elf.dir/Src/adc.c.obj
LOAD CMakeFiles/gimbal_task.elf.dir/Src/can.c.obj
LOAD CMakeFiles/gimbal_task.elf.dir/Src/crc.c.obj
LOAD CMakeFiles/gimbal_task.elf.dir/Src/dma.c.obj
LOAD CMakeFiles/gimbal_task.elf.dir/Src/freertos.c.obj
LOAD CMakeFiles/gimbal_task.elf.dir/Src/gpio.c.obj
LOAD CMakeFiles/gimbal_task.elf.dir/Src/i2c.c.obj
LOAD CMakeFiles/gimbal_task.elf.dir/Src/main.c.obj
LOAD CMakeFiles/gimbal_task.elf.dir/Src/rng.c.obj
LOAD CMakeFiles/gimbal_task.elf.dir/Src/rtc.c.obj
LOAD CMakeFiles/gimbal_task.elf.dir/Src/spi.c.obj
LOAD CMakeFiles/gimbal_task.elf.dir/Src/stm32f4xx_hal_msp.c.obj
LOAD CMakeFiles/gimbal_task.elf.dir/Src/stm32f4xx_hal_timebase_tim.c.obj
LOAD CMakeFiles/gimbal_task.elf.dir/Src/stm32f4xx_it.c.obj
LOAD CMakeFiles/gimbal_task.elf.dir/Src/syscalls.c.obj
LOAD CMakeFiles/gimbal_task.elf.dir/Src/sysmem.c.obj
LOAD CMakeFiles/gimbal_task.elf.dir/Src/system_stm32f4xx.c.obj
LOAD CMakeFiles/gimbal_task.elf.dir/Src/tim.c.obj
LOAD CMakeFiles/gimbal_task.elf.dir/Src/usart.c.obj
LOAD CMakeFiles/gimbal_task.elf.dir/Src/usb_device.c.obj
LOAD CMakeFiles/gimbal_task.elf.dir/Src/usbd_cdc_if.c.obj
LOAD CMakeFiles/gimbal_task.elf.dir/Src/usbd_conf.c.obj
LOAD CMakeFiles/gimbal_task.elf.dir/Src/usbd_desc.c.obj
LOAD CMakeFiles/gimbal_task.elf.dir/Startup/startup_stm32f407ighx.s.obj
LOAD CMakeFiles/gimbal_task.elf.dir/USER/application/Task/INS_task.c.obj
LOAD CMakeFiles/gimbal_task.elf.dir/USER/application/Task/gimbal_task.c.obj
LOAD CMakeFiles/gimbal_task.elf.dir/USER/application/Task/led_task.c.obj
LOAD CMakeFiles/gimbal_task.elf.dir/USER/application/callback/Can_Callback.c.obj
LOAD CMakeFiles/gimbal_task.elf.dir/USER/application/module/gimbal/gimbal.c.obj
LOAD CMakeFiles/gimbal_task.elf.dir/USER/application/module/gimbal/gimbal_behaviour.c.obj
LOAD CMakeFiles/gimbal_task.elf.dir/USER/application/module/imu/imu.c.obj
LOAD CMakeFiles/gimbal_task.elf.dir/USER/components/algorithm/AHRS_middleware.c.obj
LOAD CMakeFiles/gimbal_task.elf.dir/USER/components/algorithm/user_lib.c.obj
LOAD CMakeFiles/gimbal_task.elf.dir/USER/components/bsp/bsp_adc.c.obj
LOAD CMakeFiles/gimbal_task.elf.dir/USER/components/bsp/bsp_buzzer.c.obj
LOAD CMakeFiles/gimbal_task.elf.dir/USER/components/bsp/bsp_can.c.obj
LOAD CMakeFiles/gimbal_task.elf.dir/USER/components/bsp/bsp_crc32.c.obj
LOAD CMakeFiles/gimbal_task.elf.dir/USER/components/bsp/bsp_delay.c.obj
LOAD CMakeFiles/gimbal_task.elf.dir/USER/components/bsp/bsp_flash.c.obj
LOAD CMakeFiles/gimbal_task.elf.dir/USER/components/bsp/bsp_fric.c.obj
LOAD CMakeFiles/gimbal_task.elf.dir/USER/components/bsp/bsp_i2c.c.obj
LOAD CMakeFiles/gimbal_task.elf.dir/USER/components/bsp/bsp_imu_pwm.c.obj
LOAD CMakeFiles/gimbal_task.elf.dir/USER/components/bsp/bsp_laser.c.obj
LOAD CMakeFiles/gimbal_task.elf.dir/USER/components/bsp/bsp_led.c.obj
LOAD CMakeFiles/gimbal_task.elf.dir/USER/components/bsp/bsp_rc.c.obj
LOAD CMakeFiles/gimbal_task.elf.dir/USER/components/bsp/bsp_rng.c.obj
LOAD CMakeFiles/gimbal_task.elf.dir/USER/components/bsp/bsp_servo_pwm.c.obj
LOAD CMakeFiles/gimbal_task.elf.dir/USER/components/bsp/bsp_spi.c.obj
LOAD CMakeFiles/gimbal_task.elf.dir/USER/components/bsp/bsp_usart.c.obj
LOAD CMakeFiles/gimbal_task.elf.dir/USER/components/controller/pid.c.obj
LOAD CMakeFiles/gimbal_task.elf.dir/USER/components/device/DJI_Motor/DJI_Motor.c.obj
LOAD CMakeFiles/gimbal_task.elf.dir/USER/components/device/DM/DM_4310.c.obj
LOAD CMakeFiles/gimbal_task.elf.dir/USER/components/device/DT7/DT7.c.obj
LOAD CMakeFiles/gimbal_task.elf.dir/USER/components/device/bmi088/BMI088Middleware.c.obj
LOAD CMakeFiles/gimbal_task.elf.dir/USER/components/device/bmi088/BMI088driver.c.obj
LOAD CMakeFiles/gimbal_task.elf.dir/USER/components/device/ist8310/ist8310driver.c.obj
LOAD CMakeFiles/gimbal_task.elf.dir/USER/components/device/ist8310/ist8310driver_middleware.c.obj
LOAD CMakeFiles/gimbal_task.elf.dir/USER/components/support/CRC8_CRC16.c.obj
LOAD CMakeFiles/gimbal_task.elf.dir/USER/components/support/fifo.c.obj
LOAD CMakeFiles/gimbal_task.elf.dir/USER/components/support/mem_mang4.c.obj
LOAD /home/coffee/Gimbal/USER/components/algorithm/AHRS.lib
LOAD /home/coffee/Gimbal/Middlewares/ST/ARM/DSP/Lib/libarm_cortexM4lf_math.a
START GROUP
LOAD /usr/lib/gcc/arm-none-eabi/10.3.1/thumb/v7e-m+fp/hard/libgcc.a
LOAD /usr/lib/gcc/arm-none-eabi/10.3.1/../../../arm-none-eabi/lib/thumb/v7e-m+fp/hard/libc.a
END GROUP
LOAD /usr/lib/gcc/arm-none-eabi/10.3.1/thumb/v7e-m+fp/hard/crtend.o
LOAD /usr/lib/gcc/arm-none-eabi/10.3.1/thumb/v7e-m+fp/hard/crtn.o
                0x0000000020020000                _estack = (ORIGIN (RAM) + LENGTH (RAM))
                0x0000000000002000                _Min_Heap_Size = 0x2000
                0x0000000000002000                _Min_Stack_Size = 0x2000

.isr_vector     0x0000000008000000      0x188
                0x0000000008000000                . = ALIGN (0x4)
 *(.isr_vector)
 .isr_vector    0x0000000008000000      0x188 CMakeFiles/gimbal_task.elf.dir/Startup/startup_stm32f407ighx.s.obj
                0x0000000008000000                g_pfnVectors
                0x0000000008000188                . = ALIGN (0x4)

.text           0x00000000080001c0     0xe19c
                0x00000000080001c0                . = ALIGN (0x4)
 *(.text)
 .text          0x00000000080001c0       0x88 /usr/lib/gcc/arm-none-eabi/10.3.1/thumb/v7e-m+fp/hard/crtbegin.o
 .text          0x0000000008000248      0x378 /usr/lib/gcc/arm-none-eabi/10.3.1/thumb/v7e-m+fp/hard/libgcc.a(_arm_addsubdf3.o)
                0x0000000008000248                __aeabi_drsub
                0x0000000008000250                __aeabi_dsub
                0x0000000008000250                __subdf3
                0x0000000008000254                __adddf3
                0x0000000008000254                __aeabi_dadd
                0x00000000080004cc                __aeabi_ui2d
                0x00000000080004cc                __floatunsidf
                0x00000000080004ec                __floatsidf
                0x00000000080004ec                __aeabi_i2d
                0x0000000008000510                __extendsfdf2
                0x0000000008000510                __aeabi_f2d
                0x0000000008000554                __aeabi_ul2d
                0x0000000008000554                __floatundidf
                0x0000000008000564                __floatdidf
                0x0000000008000564                __aeabi_l2d
 .text          0x00000000080005c0      0x424 /usr/lib/gcc/arm-none-eabi/10.3.1/thumb/v7e-m+fp/hard/libgcc.a(_arm_muldivdf3.o)
                0x00000000080005c0                __aeabi_dmul
                0x00000000080005c0                __muldf3
                0x0000000008000814                __aeabi_ddiv
                0x0000000008000814                __divdf3
 .text          0x00000000080009e4      0x110 /usr/lib/gcc/arm-none-eabi/10.3.1/thumb/v7e-m+fp/hard/libgcc.a(_arm_cmpdf2.o)
                0x00000000080009e4                __gtdf2
                0x00000000080009e4                __gedf2
                0x00000000080009ec                __ltdf2
                0x00000000080009ec                __ledf2
                0x00000000080009f4                __cmpdf2
                0x00000000080009f4                __eqdf2
                0x00000000080009f4                __nedf2
                0x0000000008000a70                __aeabi_cdrcmple
                0x0000000008000a80                __aeabi_cdcmple
                0x0000000008000a80                __aeabi_cdcmpeq
                0x0000000008000a90                __aeabi_dcmpeq
                0x0000000008000aa4                __aeabi_dcmplt
                0x0000000008000ab8                __aeabi_dcmple
                0x0000000008000acc                __aeabi_dcmpge
                0x0000000008000ae0                __aeabi_dcmpgt
 .text          0x0000000008000af4       0xa0 /usr/lib/gcc/arm-none-eabi/10.3.1/thumb/v7e-m+fp/hard/libgcc.a(_arm_truncdfsf2.o)
                0x0000000008000af4                __aeabi_d2f
                0x0000000008000af4                __truncdfsf2
 .text          0x0000000008000b94       0x30 /usr/lib/gcc/arm-none-eabi/10.3.1/thumb/v7e-m+fp/hard/libgcc.a(_aeabi_uldivmod.o)
                0x0000000008000b94                __aeabi_uldivmod
 .text          0x0000000008000bc4      0x2d0 /usr/lib/gcc/arm-none-eabi/10.3.1/thumb/v7e-m+fp/hard/libgcc.a(_udivmoddi4.o)
                0x0000000008000bc4                __udivmoddi4
 .text          0x0000000008000e94        0x4 /usr/lib/gcc/arm-none-eabi/10.3.1/thumb/v7e-m+fp/hard/libgcc.a(_dvmd_tls.o)
                0x0000000008000e94                __aeabi_ldiv0
                0x0000000008000e94                __aeabi_idiv0
 .text          0x0000000008000e98        0x8 /usr/lib/gcc/arm-none-eabi/10.3.1/../../../arm-none-eabi/lib/thumb/v7e-m+fp/hard/libc.a(lib_a-aeabi_memclr.o)
                0x0000000008000e98                __aeabi_memclr8
                0x0000000008000e98                __aeabi_memclr
                0x0000000008000e98                __aeabi_memclr4
 .text          0x0000000008000ea0       0x9a /usr/lib/gcc/arm-none-eabi/10.3.1/../../../arm-none-eabi/lib/thumb/v7e-m+fp/hard/libc.a(lib_a-aeabi_memset-soft.o)
                0x0000000008000ea0                __aeabi_memset
                0x0000000008000ea0                __aeabi_memset8
                0x0000000008000ea0                __aeabi_memset4
 *fill*         0x0000000008000f3a        0x2 
 .text          0x0000000008000f3c        0xc /usr/lib/gcc/arm-none-eabi/10.3.1/../../../arm-none-eabi/lib/thumb/v7e-m+fp/hard/libc.a(lib_a-atexit.o)
                0x0000000008000f3c                atexit
 .text          0x0000000008000f48        0xc /usr/lib/gcc/arm-none-eabi/10.3.1/../../../arm-none-eabi/lib/thumb/v7e-m+fp/hard/libc.a(lib_a-errno.o)
                0x0000000008000f48                __errno
 .text          0x0000000008000f54       0x2c /usr/lib/gcc/arm-none-eabi/10.3.1/../../../arm-none-eabi/lib/thumb/v7e-m+fp/hard/libc.a(lib_a-fini.o)
                0x0000000008000f54                __libc_fini_array
 .text          0x0000000008000f80       0x48 /usr/lib/gcc/arm-none-eabi/10.3.1/../../../arm-none-eabi/lib/thumb/v7e-m+fp/hard/libc.a(lib_a-init.o)
                0x0000000008000f80                __libc_init_array
 .text          0x0000000008000fc8      0x134 /usr/lib/gcc/arm-none-eabi/10.3.1/../../../arm-none-eabi/lib/thumb/v7e-m+fp/hard/libc.a(lib_a-memcpy.o)
                0x0000000008000fc8                memcpy
 .text          0x00000000080010fc       0xa4 /usr/lib/gcc/arm-none-eabi/10.3.1/../../../arm-none-eabi/lib/thumb/v7e-m+fp/hard/libc.a(lib_a-memset.o)
                0x00000000080010fc                memset
 .text          0x00000000080011a0        0x8 /usr/lib/gcc/arm-none-eabi/10.3.1/../../../arm-none-eabi/lib/thumb/v7e-m+fp/hard/libc.a(lib_a-mlock.o)
                0x00000000080011a0                __malloc_lock
                0x00000000080011a4                __malloc_unlock
 .text          0x00000000080011a8       0xd8 /usr/lib/gcc/arm-none-eabi/10.3.1/../../../arm-none-eabi/lib/thumb/v7e-m+fp/hard/libc.a(lib_a-reent.o)
                0x00000000080011a8                cleanup_glue
                0x00000000080011f0                _reclaim_reent
 .text          0x0000000008001280       0x24 /usr/lib/gcc/arm-none-eabi/10.3.1/../../../arm-none-eabi/lib/thumb/v7e-m+fp/hard/libc.a(lib_a-sbrkr.o)
                0x0000000008001280                _sbrk_r
 *fill*         0x00000000080012a4       0x1c 
 .text          0x00000000080012c0       0xdc /usr/lib/gcc/arm-none-eabi/10.3.1/../../../arm-none-eabi/lib/thumb/v7e-m+fp/hard/libc.a(lib_a-strlen.o)
                0x00000000080012c0                strlen
 .text          0x000000000800139c       0x68 /usr/lib/gcc/arm-none-eabi/10.3.1/../../../arm-none-eabi/lib/thumb/v7e-m+fp/hard/libc.a(lib_a-__atexit.o)
                0x000000000800139c                __register_exitproc
 .text          0x0000000008001404      0x2ac /usr/lib/gcc/arm-none-eabi/10.3.1/../../../arm-none-eabi/lib/thumb/v7e-m+fp/hard/libc.a(lib_a-freer.o)
                0x0000000008001404                _malloc_trim_r
                0x00000000080014a4                _free_r
 .text          0x00000000080016b0       0x74 /usr/lib/gcc/arm-none-eabi/10.3.1/../../../arm-none-eabi/lib/thumb/v7e-m+fp/hard/libm.a(lib_a-sf_sin.o)
                0x00000000080016b0                sinf
 .text          0x0000000008001724       0x68 /usr/lib/gcc/arm-none-eabi/10.3.1/../../../arm-none-eabi/lib/thumb/v7e-m+fp/hard/libm.a(lib_a-wf_asin.o)
                0x0000000008001724                asinf
 .text          0x000000000800178c        0x4 /usr/lib/gcc/arm-none-eabi/10.3.1/../../../arm-none-eabi/lib/thumb/v7e-m+fp/hard/libm.a(lib_a-wf_atan2.o)
                0x000000000800178c                atan2f
 .text          0x0000000008001790       0x50 /usr/lib/gcc/arm-none-eabi/10.3.1/../../../arm-none-eabi/lib/thumb/v7e-m+fp/hard/libm.a(lib_a-wf_sqrt.o)
                0x0000000008001790                sqrtf
 .text          0x00000000080017e0      0x20c /usr/lib/gcc/arm-none-eabi/10.3.1/../../../arm-none-eabi/lib/thumb/v7e-m+fp/hard/libm.a(lib_a-ef_asin.o)
                0x00000000080017e0                __ieee754_asinf
 .text          0x00000000080019ec      0x14c /usr/lib/gcc/arm-none-eabi/10.3.1/../../../arm-none-eabi/lib/thumb/v7e-m+fp/hard/libm.a(lib_a-ef_atan2.o)
                0x00000000080019ec                __ieee754_atan2f
 .text          0x0000000008001b38      0x264 /usr/lib/gcc/arm-none-eabi/10.3.1/../../../arm-none-eabi/lib/thumb/v7e-m+fp/hard/libm.a(lib_a-ef_rem_pio2.o)
                0x0000000008001b38                __ieee754_rem_pio2f
 .text          0x0000000008001d9c        0x8 /usr/lib/gcc/arm-none-eabi/10.3.1/../../../arm-none-eabi/lib/thumb/v7e-m+fp/hard/libm.a(lib_a-ef_sqrt.o)
                0x0000000008001d9c                __ieee754_sqrtf
 .text          0x0000000008001da4      0x104 /usr/lib/gcc/arm-none-eabi/10.3.1/../../../arm-none-eabi/lib/thumb/v7e-m+fp/hard/libm.a(lib_a-kf_cos.o)
                0x0000000008001da4                __kernel_cosf
 .text          0x0000000008001ea8      0x674 /usr/lib/gcc/arm-none-eabi/10.3.1/../../../arm-none-eabi/lib/thumb/v7e-m+fp/hard/libm.a(lib_a-kf_rem_pio2.o)
                0x0000000008001ea8                __kernel_rem_pio2f
 .text          0x000000000800251c       0x90 /usr/lib/gcc/arm-none-eabi/10.3.1/../../../arm-none-eabi/lib/thumb/v7e-m+fp/hard/libm.a(lib_a-kf_sin.o)
                0x000000000800251c                __kernel_sinf
 .text          0x00000000080025ac      0x1a8 /usr/lib/gcc/arm-none-eabi/10.3.1/../../../arm-none-eabi/lib/thumb/v7e-m+fp/hard/libm.a(lib_a-sf_atan.o)
                0x00000000080025ac                atanf
 .text          0x0000000008002754       0x10 /usr/lib/gcc/arm-none-eabi/10.3.1/../../../arm-none-eabi/lib/thumb/v7e-m+fp/hard/libm.a(lib_a-sf_fabs.o)
                0x0000000008002754                fabsf
 .text          0x0000000008002764       0x8c /usr/lib/gcc/arm-none-eabi/10.3.1/../../../arm-none-eabi/lib/thumb/v7e-m+fp/hard/libm.a(lib_a-sf_floor.o)
                0x0000000008002764                floorf
 .text          0x00000000080027f0        0xc /usr/lib/gcc/arm-none-eabi/10.3.1/../../../arm-none-eabi/lib/thumb/v7e-m+fp/hard/libm.a(lib_a-sf_nan.o)
                0x00000000080027f0                nanf
 .text          0x00000000080027fc       0xe4 /usr/lib/gcc/arm-none-eabi/10.3.1/../../../arm-none-eabi/lib/thumb/v7e-m+fp/hard/libm.a(lib_a-sf_scalbn.o)
                0x00000000080027fc                scalbnf
 *(.text*)
 .text.HAL_Init
                0x00000000080028e0       0x34 CMakeFiles/gimbal_task.elf.dir/Drivers/STM32F4xx_HAL_Driver/Src/stm32f4xx_hal.c.obj
                0x00000000080028e0                HAL_Init
 .text.HAL_IncTick
                0x0000000008002914       0x18 CMakeFiles/gimbal_task.elf.dir/Drivers/STM32F4xx_HAL_Driver/Src/stm32f4xx_hal.c.obj
                0x0000000008002914                HAL_IncTick
 .text.HAL_GetTick
                0x000000000800292c        0xc CMakeFiles/gimbal_task.elf.dir/Drivers/STM32F4xx_HAL_Driver/Src/stm32f4xx_hal.c.obj
                0x000000000800292c                HAL_GetTick
 .text.HAL_Delay
                0x0000000008002938       0x28 CMakeFiles/gimbal_task.elf.dir/Drivers/STM32F4xx_HAL_Driver/Src/stm32f4xx_hal.c.obj
                0x0000000008002938                HAL_Delay
 .text.ADC_Init
                0x0000000008002960      0x134 CMakeFiles/gimbal_task.elf.dir/Drivers/STM32F4xx_HAL_Driver/Src/stm32f4xx_hal_adc.c.obj
 .text.HAL_ADC_Init
                0x0000000008002a94       0x56 CMakeFiles/gimbal_task.elf.dir/Drivers/STM32F4xx_HAL_Driver/Src/stm32f4xx_hal_adc.c.obj
                0x0000000008002a94                HAL_ADC_Init
 *fill*         0x0000000008002aea        0x2 
 .text.HAL_ADC_Start
                0x0000000008002aec      0x144 CMakeFiles/gimbal_task.elf.dir/Drivers/STM32F4xx_HAL_Driver/Src/stm32f4xx_hal_adc.c.obj
                0x0000000008002aec                HAL_ADC_Start
 .text.HAL_ADC_PollForConversion
                0x0000000008002c30       0xb8 CMakeFiles/gimbal_task.elf.dir/Drivers/STM32F4xx_HAL_Driver/Src/stm32f4xx_hal_adc.c.obj
                0x0000000008002c30                HAL_ADC_PollForConversion
 .text.HAL_ADC_GetValue
                0x0000000008002ce8        0x6 CMakeFiles/gimbal_task.elf.dir/Drivers/STM32F4xx_HAL_Driver/Src/stm32f4xx_hal_adc.c.obj
                0x0000000008002ce8                HAL_ADC_GetValue
 *fill*         0x0000000008002cee        0x2 
 .text.HAL_ADC_ConfigChannel
                0x0000000008002cf0      0x198 CMakeFiles/gimbal_task.elf.dir/Drivers/STM32F4xx_HAL_Driver/Src/stm32f4xx_hal_adc.c.obj
                0x0000000008002cf0                HAL_ADC_ConfigChannel
 .text.HAL_CAN_Init
                0x0000000008002e88      0x14c CMakeFiles/gimbal_task.elf.dir/Drivers/STM32F4xx_HAL_Driver/Src/stm32f4xx_hal_can.c.obj
                0x0000000008002e88                HAL_CAN_Init
 .text.HAL_CAN_ConfigFilter
                0x0000000008002fd4      0x138 CMakeFiles/gimbal_task.elf.dir/Drivers/STM32F4xx_HAL_Driver/Src/stm32f4xx_hal_can.c.obj
                0x0000000008002fd4                HAL_CAN_ConfigFilter
 .text.HAL_CAN_Start
                0x000000000800310c       0x5c CMakeFiles/gimbal_task.elf.dir/Drivers/STM32F4xx_HAL_Driver/Src/stm32f4xx_hal_can.c.obj
                0x000000000800310c                HAL_CAN_Start
 .text.HAL_CAN_AddTxMessage
                0x0000000008003168       0xea CMakeFiles/gimbal_task.elf.dir/Drivers/STM32F4xx_HAL_Driver/Src/stm32f4xx_hal_can.c.obj
                0x0000000008003168                HAL_CAN_AddTxMessage
 .text.HAL_CAN_GetRxMessage
                0x0000000008003252      0x16a CMakeFiles/gimbal_task.elf.dir/Drivers/STM32F4xx_HAL_Driver/Src/stm32f4xx_hal_can.c.obj
                0x0000000008003252                HAL_CAN_GetRxMessage
 .text.HAL_CAN_ActivateNotification
                0x00000000080033bc       0x24 CMakeFiles/gimbal_task.elf.dir/Drivers/STM32F4xx_HAL_Driver/Src/stm32f4xx_hal_can.c.obj
                0x00000000080033bc                HAL_CAN_ActivateNotification
 .text.HAL_CAN_TxMailbox0CompleteCallback
                0x00000000080033e0        0x2 CMakeFiles/gimbal_task.elf.dir/Drivers/STM32F4xx_HAL_Driver/Src/stm32f4xx_hal_can.c.obj
                0x00000000080033e0                HAL_CAN_TxMailbox0CompleteCallback
 .text.HAL_CAN_TxMailbox1CompleteCallback
                0x00000000080033e2        0x2 CMakeFiles/gimbal_task.elf.dir/Drivers/STM32F4xx_HAL_Driver/Src/stm32f4xx_hal_can.c.obj
                0x00000000080033e2                HAL_CAN_TxMailbox1CompleteCallback
 .text.HAL_CAN_TxMailbox2CompleteCallback
                0x00000000080033e4        0x2 CMakeFiles/gimbal_task.elf.dir/Drivers/STM32F4xx_HAL_Driver/Src/stm32f4xx_hal_can.c.obj
                0x00000000080033e4                HAL_CAN_TxMailbox2CompleteCallback
 .text.HAL_CAN_TxMailbox0AbortCallback
                0x00000000080033e6        0x2 CMakeFiles/gimbal_task.elf.dir/Drivers/STM32F4xx_HAL_Driver/Src/stm32f4xx_hal_can.c.obj
                0x00000000080033e6                HAL_CAN_TxMailbox0AbortCallback
 .text.HAL_CAN_TxMailbox1AbortCallback
                0x00000000080033e8        0x2 CMakeFiles/gimbal_task.elf.dir/Drivers/STM32F4xx_HAL_Driver/Src/stm32f4xx_hal_can.c.obj
                0x00000000080033e8                HAL_CAN_TxMailbox1AbortCallback
 .text.HAL_CAN_TxMailbox2AbortCallback
                0x00000000080033ea        0x2 CMakeFiles/gimbal_task.elf.dir/Drivers/STM32F4xx_HAL_Driver/Src/stm32f4xx_hal_can.c.obj
                0x00000000080033ea                HAL_CAN_TxMailbox2AbortCallback
 .text.HAL_CAN_RxFifo0FullCallback
                0x00000000080033ec        0x2 CMakeFiles/gimbal_task.elf.dir/Drivers/STM32F4xx_HAL_Driver/Src/stm32f4xx_hal_can.c.obj
                0x00000000080033ec                HAL_CAN_RxFifo0FullCallback
 .text.HAL_CAN_RxFifo1MsgPendingCallback
                0x00000000080033ee        0x2 CMakeFiles/gimbal_task.elf.dir/Drivers/STM32F4xx_HAL_Driver/Src/stm32f4xx_hal_can.c.obj
                0x00000000080033ee                HAL_CAN_RxFifo1MsgPendingCallback
 .text.HAL_CAN_RxFifo1FullCallback
                0x00000000080033f0        0x2 CMakeFiles/gimbal_task.elf.dir/Drivers/STM32F4xx_HAL_Driver/Src/stm32f4xx_hal_can.c.obj
                0x00000000080033f0                HAL_CAN_RxFifo1FullCallback
 .text.HAL_CAN_SleepCallback
                0x00000000080033f2        0x2 CMakeFiles/gimbal_task.elf.dir/Drivers/STM32F4xx_HAL_Driver/Src/stm32f4xx_hal_can.c.obj
                0x00000000080033f2                HAL_CAN_SleepCallback
 .text.HAL_CAN_WakeUpFromRxMsgCallback
                0x00000000080033f4        0x2 CMakeFiles/gimbal_task.elf.dir/Drivers/STM32F4xx_HAL_Driver/Src/stm32f4xx_hal_can.c.obj
                0x00000000080033f4                HAL_CAN_WakeUpFromRxMsgCallback
 .text.HAL_CAN_ErrorCallback
                0x00000000080033f6        0x2 CMakeFiles/gimbal_task.elf.dir/Drivers/STM32F4xx_HAL_Driver/Src/stm32f4xx_hal_can.c.obj
                0x00000000080033f6                HAL_CAN_ErrorCallback
 .text.HAL_CAN_IRQHandler
                0x00000000080033f8      0x24a CMakeFiles/gimbal_task.elf.dir/Drivers/STM32F4xx_HAL_Driver/Src/stm32f4xx_hal_can.c.obj
                0x00000000080033f8                HAL_CAN_IRQHandler
 *fill*         0x0000000008003642        0x2 
 .text.HAL_NVIC_SetPriorityGrouping
                0x0000000008003644       0x24 CMakeFiles/gimbal_task.elf.dir/Drivers/STM32F4xx_HAL_Driver/Src/stm32f4xx_hal_cortex.c.obj
                0x0000000008003644                HAL_NVIC_SetPriorityGrouping
 .text.HAL_NVIC_SetPriority
                0x0000000008003668       0x70 CMakeFiles/gimbal_task.elf.dir/Drivers/STM32F4xx_HAL_Driver/Src/stm32f4xx_hal_cortex.c.obj
                0x0000000008003668                HAL_NVIC_SetPriority
 .text.HAL_NVIC_EnableIRQ
                0x00000000080036d8       0x1c CMakeFiles/gimbal_task.elf.dir/Drivers/STM32F4xx_HAL_Driver/Src/stm32f4xx_hal_cortex.c.obj
                0x00000000080036d8                HAL_NVIC_EnableIRQ
 .text.HAL_CRC_Init
                0x00000000080036f4       0x1e CMakeFiles/gimbal_task.elf.dir/Drivers/STM32F4xx_HAL_Driver/Src/stm32f4xx_hal_crc.c.obj
                0x00000000080036f4                HAL_CRC_Init
 *fill*         0x0000000008003712        0x2 
 .text.DMA_CalcBaseAndBitshift
                0x0000000008003714       0x44 CMakeFiles/gimbal_task.elf.dir/Drivers/STM32F4xx_HAL_Driver/Src/stm32f4xx_hal_dma.c.obj
 .text.DMA_CheckFifoParam
                0x0000000008003758       0x8e CMakeFiles/gimbal_task.elf.dir/Drivers/STM32F4xx_HAL_Driver/Src/stm32f4xx_hal_dma.c.obj
 *fill*         0x00000000080037e6        0x2 
 .text.HAL_DMA_Init
                0x00000000080037e8       0xcc CMakeFiles/gimbal_task.elf.dir/Drivers/STM32F4xx_HAL_Driver/Src/stm32f4xx_hal_dma.c.obj
                0x00000000080037e8                HAL_DMA_Init
 .text.HAL_DMA_Abort
                0x00000000080038b4       0x94 CMakeFiles/gimbal_task.elf.dir/Drivers/STM32F4xx_HAL_Driver/Src/stm32f4xx_hal_dma.c.obj
                0x00000000080038b4                HAL_DMA_Abort
 .text.HAL_DMA_Abort_IT
                0x0000000008003948       0x26 CMakeFiles/gimbal_task.elf.dir/Drivers/STM32F4xx_HAL_Driver/Src/stm32f4xx_hal_dma.c.obj
                0x0000000008003948                HAL_DMA_Abort_IT
 *fill*         0x000000000800396e        0x2 
 .text.HAL_DMA_IRQHandler
                0x0000000008003970      0x1dc CMakeFiles/gimbal_task.elf.dir/Drivers/STM32F4xx_HAL_Driver/Src/stm32f4xx_hal_dma.c.obj
                0x0000000008003970                HAL_DMA_IRQHandler
 .text.HAL_GPIO_Init
                0x0000000008003b4c      0x1e4 CMakeFiles/gimbal_task.elf.dir/Drivers/STM32F4xx_HAL_Driver/Src/stm32f4xx_hal_gpio.c.obj
                0x0000000008003b4c                HAL_GPIO_Init
 .text.HAL_GPIO_WritePin
                0x0000000008003d30        0xc CMakeFiles/gimbal_task.elf.dir/Drivers/STM32F4xx_HAL_Driver/Src/stm32f4xx_hal_gpio.c.obj
                0x0000000008003d30                HAL_GPIO_WritePin
 .text.HAL_I2C_Init
                0x0000000008003d3c      0x1bc CMakeFiles/gimbal_task.elf.dir/Drivers/STM32F4xx_HAL_Driver/Src/stm32f4xx_hal_i2c.c.obj
                0x0000000008003d3c                HAL_I2C_Init
 .text.PCD_WriteEmptyTxFifo
                0x0000000008003ef8       0xd0 CMakeFiles/gimbal_task.elf.dir/Drivers/STM32F4xx_HAL_Driver/Src/stm32f4xx_hal_pcd.c.obj
 .text.HAL_PCD_Init
                0x0000000008003fc8      0x102 CMakeFiles/gimbal_task.elf.dir/Drivers/STM32F4xx_HAL_Driver/Src/stm32f4xx_hal_pcd.c.obj
                0x0000000008003fc8                HAL_PCD_Init
 .text.HAL_PCD_Start
                0x00000000080040ca       0x44 CMakeFiles/gimbal_task.elf.dir/Drivers/STM32F4xx_HAL_Driver/Src/stm32f4xx_hal_pcd.c.obj
                0x00000000080040ca                HAL_PCD_Start
 *fill*         0x000000000800410e        0x2 
 .text.PCD_EP_OutXfrComplete_int
                0x0000000008004110      0x104 CMakeFiles/gimbal_task.elf.dir/Drivers/STM32F4xx_HAL_Driver/Src/stm32f4xx_hal_pcd.c.obj
 .text.PCD_EP_OutSetupPacket_int
                0x0000000008004214       0x50 CMakeFiles/gimbal_task.elf.dir/Drivers/STM32F4xx_HAL_Driver/Src/stm32f4xx_hal_pcd.c.obj
 .text.HAL_PCD_SetAddress
                0x0000000008004264       0x26 CMakeFiles/gimbal_task.elf.dir/Drivers/STM32F4xx_HAL_Driver/Src/stm32f4xx_hal_pcd.c.obj
                0x0000000008004264                HAL_PCD_SetAddress
 .text.HAL_PCD_EP_Open
                0x000000000800428a       0x8c CMakeFiles/gimbal_task.elf.dir/Drivers/STM32F4xx_HAL_Driver/Src/stm32f4xx_hal_pcd.c.obj
                0x000000000800428a                HAL_PCD_EP_Open
 .text.HAL_PCD_EP_Close
                0x0000000008004316       0x70 CMakeFiles/gimbal_task.elf.dir/Drivers/STM32F4xx_HAL_Driver/Src/stm32f4xx_hal_pcd.c.obj
                0x0000000008004316                HAL_PCD_EP_Close
 .text.HAL_PCD_EP_Receive
                0x0000000008004386       0x4a CMakeFiles/gimbal_task.elf.dir/Drivers/STM32F4xx_HAL_Driver/Src/stm32f4xx_hal_pcd.c.obj
                0x0000000008004386                HAL_PCD_EP_Receive
 .text.HAL_PCD_EP_GetRxCount
                0x00000000080043d0       0x12 CMakeFiles/gimbal_task.elf.dir/Drivers/STM32F4xx_HAL_Driver/Src/stm32f4xx_hal_pcd.c.obj
                0x00000000080043d0                HAL_PCD_EP_GetRxCount
 .text.HAL_PCD_EP_Transmit
                0x00000000080043e2       0x4a CMakeFiles/gimbal_task.elf.dir/Drivers/STM32F4xx_HAL_Driver/Src/stm32f4xx_hal_pcd.c.obj
                0x00000000080043e2                HAL_PCD_EP_Transmit
 .text.HAL_PCD_EP_SetStall
                0x000000000800442c       0x86 CMakeFiles/gimbal_task.elf.dir/Drivers/STM32F4xx_HAL_Driver/Src/stm32f4xx_hal_pcd.c.obj
                0x000000000800442c                HAL_PCD_EP_SetStall
 .text.HAL_PCD_EP_ClrStall
                0x00000000080044b2       0x74 CMakeFiles/gimbal_task.elf.dir/Drivers/STM32F4xx_HAL_Driver/Src/stm32f4xx_hal_pcd.c.obj
                0x00000000080044b2                HAL_PCD_EP_ClrStall
 .text.HAL_PCD_EP_Abort
                0x0000000008004526       0x34 CMakeFiles/gimbal_task.elf.dir/Drivers/STM32F4xx_HAL_Driver/Src/stm32f4xx_hal_pcd.c.obj
                0x0000000008004526                HAL_PCD_EP_Abort
 .text.HAL_PCD_IRQHandler
                0x000000000800455a      0x5bc CMakeFiles/gimbal_task.elf.dir/Drivers/STM32F4xx_HAL_Driver/Src/stm32f4xx_hal_pcd.c.obj
                0x000000000800455a                HAL_PCD_IRQHandler
 .text.HAL_PCDEx_SetTxFiFo
                0x0000000008004b16       0x4c CMakeFiles/gimbal_task.elf.dir/Drivers/STM32F4xx_HAL_Driver/Src/stm32f4xx_hal_pcd_ex.c.obj
                0x0000000008004b16                HAL_PCDEx_SetTxFiFo
 .text.HAL_PCDEx_SetRxFiFo
                0x0000000008004b62        0x8 CMakeFiles/gimbal_task.elf.dir/Drivers/STM32F4xx_HAL_Driver/Src/stm32f4xx_hal_pcd_ex.c.obj
                0x0000000008004b62                HAL_PCDEx_SetRxFiFo
 .text.HAL_PCDEx_LPM_Callback
                0x0000000008004b6a        0x2 CMakeFiles/gimbal_task.elf.dir/Drivers/STM32F4xx_HAL_Driver/Src/stm32f4xx_hal_pcd_ex.c.obj
                0x0000000008004b6a                HAL_PCDEx_LPM_Callback
 .text.HAL_RCC_OscConfig
                0x0000000008004b6c      0x3f8 CMakeFiles/gimbal_task.elf.dir/Drivers/STM32F4xx_HAL_Driver/Src/stm32f4xx_hal_rcc.c.obj
                0x0000000008004b6c                HAL_RCC_OscConfig
 .text.HAL_RCC_GetSysClockFreq
                0x0000000008004f64       0xa4 CMakeFiles/gimbal_task.elf.dir/Drivers/STM32F4xx_HAL_Driver/Src/stm32f4xx_hal_rcc.c.obj
                0x0000000008004f64                HAL_RCC_GetSysClockFreq
 .text.HAL_RCC_ClockConfig
                0x0000000008005008      0x160 CMakeFiles/gimbal_task.elf.dir/Drivers/STM32F4xx_HAL_Driver/Src/stm32f4xx_hal_rcc.c.obj
                0x0000000008005008                HAL_RCC_ClockConfig
 .text.HAL_RCC_GetHCLKFreq
                0x0000000008005168        0xc CMakeFiles/gimbal_task.elf.dir/Drivers/STM32F4xx_HAL_Driver/Src/stm32f4xx_hal_rcc.c.obj
                0x0000000008005168                HAL_RCC_GetHCLKFreq
 .text.HAL_RCC_GetPCLK1Freq
                0x0000000008005174       0x20 CMakeFiles/gimbal_task.elf.dir/Drivers/STM32F4xx_HAL_Driver/Src/stm32f4xx_hal_rcc.c.obj
                0x0000000008005174                HAL_RCC_GetPCLK1Freq
 .text.HAL_RCC_GetPCLK2Freq
                0x0000000008005194       0x20 CMakeFiles/gimbal_task.elf.dir/Drivers/STM32F4xx_HAL_Driver/Src/stm32f4xx_hal_rcc.c.obj
                0x0000000008005194                HAL_RCC_GetPCLK2Freq
 .text.HAL_RCC_GetClockConfig
                0x00000000080051b4       0x3c CMakeFiles/gimbal_task.elf.dir/Drivers/STM32F4xx_HAL_Driver/Src/stm32f4xx_hal_rcc.c.obj
                0x00000000080051b4                HAL_RCC_GetClockConfig
 .text.HAL_RCCEx_PeriphCLKConfig
                0x00000000080051f0      0x154 CMakeFiles/gimbal_task.elf.dir/Drivers/STM32F4xx_HAL_Driver/Src/stm32f4xx_hal_rcc_ex.c.obj
                0x00000000080051f0                HAL_RCCEx_PeriphCLKConfig
 .text.HAL_RNG_Init
                0x0000000008005344       0x2e CMakeFiles/gimbal_task.elf.dir/Drivers/STM32F4xx_HAL_Driver/Src/stm32f4xx_hal_rng.c.obj
                0x0000000008005344                HAL_RNG_Init
 *fill*         0x0000000008005372        0x2 
 .text.HAL_RTC_WaitForSynchro
                0x0000000008005374       0x34 CMakeFiles/gimbal_task.elf.dir/Drivers/STM32F4xx_HAL_Driver/Src/stm32f4xx_hal_rtc.c.obj
                0x0000000008005374                HAL_RTC_WaitForSynchro
 .text.RTC_EnterInitMode
                0x00000000080053a8       0x46 CMakeFiles/gimbal_task.elf.dir/Drivers/STM32F4xx_HAL_Driver/Src/stm32f4xx_hal_rtc.c.obj
                0x00000000080053a8                RTC_EnterInitMode
 .text.RTC_ExitInitMode
                0x00000000080053ee       0x2a CMakeFiles/gimbal_task.elf.dir/Drivers/STM32F4xx_HAL_Driver/Src/stm32f4xx_hal_rtc.c.obj
                0x00000000080053ee                RTC_ExitInitMode
 .text.HAL_RTC_Init
                0x0000000008005418       0x9c CMakeFiles/gimbal_task.elf.dir/Drivers/STM32F4xx_HAL_Driver/Src/stm32f4xx_hal_rtc.c.obj
                0x0000000008005418                HAL_RTC_Init
 .text.SPI_WaitFlagStateUntilTimeout
                0x00000000080054b4       0xd4 CMakeFiles/gimbal_task.elf.dir/Drivers/STM32F4xx_HAL_Driver/Src/stm32f4xx_hal_spi.c.obj
 .text.SPI_EndRxTxTransaction
                0x0000000008005588       0x80 CMakeFiles/gimbal_task.elf.dir/Drivers/STM32F4xx_HAL_Driver/Src/stm32f4xx_hal_spi.c.obj
 .text.HAL_SPI_Init
                0x0000000008005608       0xbe CMakeFiles/gimbal_task.elf.dir/Drivers/STM32F4xx_HAL_Driver/Src/stm32f4xx_hal_spi.c.obj
                0x0000000008005608                HAL_SPI_Init
 .text.HAL_SPI_TransmitReceive
                0x00000000080056c6      0x254 CMakeFiles/gimbal_task.elf.dir/Drivers/STM32F4xx_HAL_Driver/Src/stm32f4xx_hal_spi.c.obj
                0x00000000080056c6                HAL_SPI_TransmitReceive
 *fill*         0x000000000800591a        0x2 
 .text.TIM_OC1_SetConfig
                0x000000000800591c       0x68 CMakeFiles/gimbal_task.elf.dir/Drivers/STM32F4xx_HAL_Driver/Src/stm32f4xx_hal_tim.c.obj
 .text.TIM_OC3_SetConfig
                0x0000000008005984       0x70 CMakeFiles/gimbal_task.elf.dir/Drivers/STM32F4xx_HAL_Driver/Src/stm32f4xx_hal_tim.c.obj
 .text.TIM_OC4_SetConfig
                0x00000000080059f4       0x50 CMakeFiles/gimbal_task.elf.dir/Drivers/STM32F4xx_HAL_Driver/Src/stm32f4xx_hal_tim.c.obj
 .text.TIM_TI1_ConfigInputStage
                0x0000000008005a44       0x26 CMakeFiles/gimbal_task.elf.dir/Drivers/STM32F4xx_HAL_Driver/Src/stm32f4xx_hal_tim.c.obj
 .text.TIM_TI2_ConfigInputStage
                0x0000000008005a6a       0x28 CMakeFiles/gimbal_task.elf.dir/Drivers/STM32F4xx_HAL_Driver/Src/stm32f4xx_hal_tim.c.obj
 .text.TIM_ITRx_SetConfig
                0x0000000008005a92       0x10 CMakeFiles/gimbal_task.elf.dir/Drivers/STM32F4xx_HAL_Driver/Src/stm32f4xx_hal_tim.c.obj
 *fill*         0x0000000008005aa2        0x2 
 .text.HAL_TIM_Base_Start_IT
                0x0000000008005aa4       0x88 CMakeFiles/gimbal_task.elf.dir/Drivers/STM32F4xx_HAL_Driver/Src/stm32f4xx_hal_tim.c.obj
                0x0000000008005aa4                HAL_TIM_Base_Start_IT
 .text.HAL_TIM_PWM_MspInit
                0x0000000008005b2c        0x2 CMakeFiles/gimbal_task.elf.dir/Drivers/STM32F4xx_HAL_Driver/Src/stm32f4xx_hal_tim.c.obj
                0x0000000008005b2c                HAL_TIM_PWM_MspInit
 .text.HAL_TIM_OC_DelayElapsedCallback
                0x0000000008005b2e        0x2 CMakeFiles/gimbal_task.elf.dir/Drivers/STM32F4xx_HAL_Driver/Src/stm32f4xx_hal_tim.c.obj
                0x0000000008005b2e                HAL_TIM_OC_DelayElapsedCallback
 .text.HAL_TIM_IC_CaptureCallback
                0x0000000008005b30        0x2 CMakeFiles/gimbal_task.elf.dir/Drivers/STM32F4xx_HAL_Driver/Src/stm32f4xx_hal_tim.c.obj
                0x0000000008005b30                HAL_TIM_IC_CaptureCallback
 .text.HAL_TIM_PWM_PulseFinishedCallback
                0x0000000008005b32        0x2 CMakeFiles/gimbal_task.elf.dir/Drivers/STM32F4xx_HAL_Driver/Src/stm32f4xx_hal_tim.c.obj
                0x0000000008005b32                HAL_TIM_PWM_PulseFinishedCallback
 .text.HAL_TIM_TriggerCallback
                0x0000000008005b34        0x2 CMakeFiles/gimbal_task.elf.dir/Drivers/STM32F4xx_HAL_Driver/Src/stm32f4xx_hal_tim.c.obj
                0x0000000008005b34                HAL_TIM_TriggerCallback
 .text.HAL_TIM_IRQHandler
                0x0000000008005b36      0x15e CMakeFiles/gimbal_task.elf.dir/Drivers/STM32F4xx_HAL_Driver/Src/stm32f4xx_hal_tim.c.obj
                0x0000000008005b36                HAL_TIM_IRQHandler
 .text.TIM_Base_SetConfig
                0x0000000008005c94       0xd8 CMakeFiles/gimbal_task.elf.dir/Drivers/STM32F4xx_HAL_Driver/Src/stm32f4xx_hal_tim.c.obj
                0x0000000008005c94                TIM_Base_SetConfig
 .text.HAL_TIM_Base_Init
                0x0000000008005d6c       0x58 CMakeFiles/gimbal_task.elf.dir/Drivers/STM32F4xx_HAL_Driver/Src/stm32f4xx_hal_tim.c.obj
                0x0000000008005d6c                HAL_TIM_Base_Init
 .text.HAL_TIM_PWM_Init
                0x0000000008005dc4       0x58 CMakeFiles/gimbal_task.elf.dir/Drivers/STM32F4xx_HAL_Driver/Src/stm32f4xx_hal_tim.c.obj
                0x0000000008005dc4                HAL_TIM_PWM_Init
 .text.TIM_OC2_SetConfig
                0x0000000008005e1c       0x70 CMakeFiles/gimbal_task.elf.dir/Drivers/STM32F4xx_HAL_Driver/Src/stm32f4xx_hal_tim.c.obj
                0x0000000008005e1c                TIM_OC2_SetConfig
 .text.HAL_TIM_PWM_ConfigChannel
                0x0000000008005e8c       0xdc CMakeFiles/gimbal_task.elf.dir/Drivers/STM32F4xx_HAL_Driver/Src/stm32f4xx_hal_tim.c.obj
                0x0000000008005e8c                HAL_TIM_PWM_ConfigChannel
 .text.TIM_ETR_SetConfig
                0x0000000008005f68       0x1a CMakeFiles/gimbal_task.elf.dir/Drivers/STM32F4xx_HAL_Driver/Src/stm32f4xx_hal_tim.c.obj
                0x0000000008005f68                TIM_ETR_SetConfig
 .text.HAL_TIM_ConfigClockSource
                0x0000000008005f82       0xfe CMakeFiles/gimbal_task.elf.dir/Drivers/STM32F4xx_HAL_Driver/Src/stm32f4xx_hal_tim.c.obj
                0x0000000008005f82                HAL_TIM_ConfigClockSource
 .text.HAL_TIMEx_MasterConfigSynchronization
                0x0000000008006080       0x8c CMakeFiles/gimbal_task.elf.dir/Drivers/STM32F4xx_HAL_Driver/Src/stm32f4xx_hal_tim_ex.c.obj
                0x0000000008006080                HAL_TIMEx_MasterConfigSynchronization
 .text.HAL_TIMEx_ConfigBreakDeadTime
                0x000000000800610c       0x52 CMakeFiles/gimbal_task.elf.dir/Drivers/STM32F4xx_HAL_Driver/Src/stm32f4xx_hal_tim_ex.c.obj
                0x000000000800610c                HAL_TIMEx_ConfigBreakDeadTime
 .text.HAL_TIMEx_CommutCallback
                0x000000000800615e        0x2 CMakeFiles/gimbal_task.elf.dir/Drivers/STM32F4xx_HAL_Driver/Src/stm32f4xx_hal_tim_ex.c.obj
                0x000000000800615e                HAL_TIMEx_CommutCallback
 .text.HAL_TIMEx_BreakCallback
                0x0000000008006160        0x2 CMakeFiles/gimbal_task.elf.dir/Drivers/STM32F4xx_HAL_Driver/Src/stm32f4xx_hal_tim_ex.c.obj
                0x0000000008006160                HAL_TIMEx_BreakCallback
 .text.UART_EndRxTransfer
                0x0000000008006162       0x5c CMakeFiles/gimbal_task.elf.dir/Drivers/STM32F4xx_HAL_Driver/Src/stm32f4xx_hal_uart.c.obj
 .text.UART_Transmit_IT
                0x00000000080061be       0x60 CMakeFiles/gimbal_task.elf.dir/Drivers/STM32F4xx_HAL_Driver/Src/stm32f4xx_hal_uart.c.obj
 *fill*         0x000000000800621e        0x2 
 .text.UART_SetConfig
                0x0000000008006220      0x110 CMakeFiles/gimbal_task.elf.dir/Drivers/STM32F4xx_HAL_Driver/Src/stm32f4xx_hal_uart.c.obj
 .text.HAL_UART_Init
                0x0000000008006330       0x60 CMakeFiles/gimbal_task.elf.dir/Drivers/STM32F4xx_HAL_Driver/Src/stm32f4xx_hal_uart.c.obj
                0x0000000008006330                HAL_UART_Init
 .text.HAL_UART_TxCpltCallback
                0x0000000008006390        0x2 CMakeFiles/gimbal_task.elf.dir/Drivers/STM32F4xx_HAL_Driver/Src/stm32f4xx_hal_uart.c.obj
                0x0000000008006390                HAL_UART_TxCpltCallback
 .text.UART_EndTransmit_IT
                0x0000000008006392       0x1a CMakeFiles/gimbal_task.elf.dir/Drivers/STM32F4xx_HAL_Driver/Src/stm32f4xx_hal_uart.c.obj
 .text.HAL_UART_RxCpltCallback
                0x00000000080063ac        0x2 CMakeFiles/gimbal_task.elf.dir/Drivers/STM32F4xx_HAL_Driver/Src/stm32f4xx_hal_uart.c.obj
                0x00000000080063ac                HAL_UART_RxCpltCallback
 .text.HAL_UART_ErrorCallback
                0x00000000080063ae        0x2 CMakeFiles/gimbal_task.elf.dir/Drivers/STM32F4xx_HAL_Driver/Src/stm32f4xx_hal_uart.c.obj
                0x00000000080063ae                HAL_UART_ErrorCallback
 .text.UART_DMAAbortOnError
                0x00000000080063b0       0x10 CMakeFiles/gimbal_task.elf.dir/Drivers/STM32F4xx_HAL_Driver/Src/stm32f4xx_hal_uart.c.obj
 .text.HAL_UARTEx_RxEventCallback
                0x00000000080063c0        0x2 CMakeFiles/gimbal_task.elf.dir/Drivers/STM32F4xx_HAL_Driver/Src/stm32f4xx_hal_uart.c.obj
                0x00000000080063c0                HAL_UARTEx_RxEventCallback
 .text.UART_Receive_IT
                0x00000000080063c2       0xe6 CMakeFiles/gimbal_task.elf.dir/Drivers/STM32F4xx_HAL_Driver/Src/stm32f4xx_hal_uart.c.obj
 .text.HAL_UART_IRQHandler
                0x00000000080064a8      0x288 CMakeFiles/gimbal_task.elf.dir/Drivers/STM32F4xx_HAL_Driver/Src/stm32f4xx_hal_uart.c.obj
                0x00000000080064a8                HAL_UART_IRQHandler
 .text.USB_CoreReset
                0x0000000008006730       0x4a CMakeFiles/gimbal_task.elf.dir/Drivers/STM32F4xx_HAL_Driver/Src/stm32f4xx_ll_usb.c.obj
 .text.USB_CoreInit
                0x000000000800677a       0x92 CMakeFiles/gimbal_task.elf.dir/Drivers/STM32F4xx_HAL_Driver/Src/stm32f4xx_ll_usb.c.obj
                0x000000000800677a                USB_CoreInit
 .text.USB_SetTurnaroundTime
                0x000000000800680c       0xe4 CMakeFiles/gimbal_task.elf.dir/Drivers/STM32F4xx_HAL_Driver/Src/stm32f4xx_ll_usb.c.obj
                0x000000000800680c                USB_SetTurnaroundTime
 .text.USB_EnableGlobalInt
                0x00000000080068f0        0xc CMakeFiles/gimbal_task.elf.dir/Drivers/STM32F4xx_HAL_Driver/Src/stm32f4xx_ll_usb.c.obj
                0x00000000080068f0                USB_EnableGlobalInt
 .text.USB_DisableGlobalInt
                0x00000000080068fc        0xc CMakeFiles/gimbal_task.elf.dir/Drivers/STM32F4xx_HAL_Driver/Src/stm32f4xx_ll_usb.c.obj
                0x00000000080068fc                USB_DisableGlobalInt
 .text.USB_FlushTxFifo
                0x0000000008006908       0x4a CMakeFiles/gimbal_task.elf.dir/Drivers/STM32F4xx_HAL_Driver/Src/stm32f4xx_ll_usb.c.obj
                0x0000000008006908                USB_FlushTxFifo
 .text.USB_FlushRxFifo
                0x0000000008006952       0x46 CMakeFiles/gimbal_task.elf.dir/Drivers/STM32F4xx_HAL_Driver/Src/stm32f4xx_ll_usb.c.obj
                0x0000000008006952                USB_FlushRxFifo
 .text.USB_SetDevSpeed
                0x0000000008006998        0xe CMakeFiles/gimbal_task.elf.dir/Drivers/STM32F4xx_HAL_Driver/Src/stm32f4xx_ll_usb.c.obj
                0x0000000008006998                USB_SetDevSpeed
 *fill*         0x00000000080069a6        0x2 
 .text.USB_DevInit
                0x00000000080069a8      0x194 CMakeFiles/gimbal_task.elf.dir/Drivers/STM32F4xx_HAL_Driver/Src/stm32f4xx_ll_usb.c.obj
                0x00000000080069a8                USB_DevInit
 .text.USB_GetDevSpeed
                0x0000000008006b3c       0x22 CMakeFiles/gimbal_task.elf.dir/Drivers/STM32F4xx_HAL_Driver/Src/stm32f4xx_ll_usb.c.obj
                0x0000000008006b3c                USB_GetDevSpeed
 .text.USB_ActivateEndpoint
                0x0000000008006b5e       0x9c CMakeFiles/gimbal_task.elf.dir/Drivers/STM32F4xx_HAL_Driver/Src/stm32f4xx_ll_usb.c.obj
                0x0000000008006b5e                USB_ActivateEndpoint
 *fill*         0x0000000008006bfa        0x2 
 .text.USB_DeactivateEndpoint
                0x0000000008006bfc       0xe0 CMakeFiles/gimbal_task.elf.dir/Drivers/STM32F4xx_HAL_Driver/Src/stm32f4xx_ll_usb.c.obj
                0x0000000008006bfc                USB_DeactivateEndpoint
 .text.USB_EPStopXfer
                0x0000000008006cdc       0xbe CMakeFiles/gimbal_task.elf.dir/Drivers/STM32F4xx_HAL_Driver/Src/stm32f4xx_ll_usb.c.obj
                0x0000000008006cdc                USB_EPStopXfer
 .text.USB_WritePacket
                0x0000000008006d9a       0x2e CMakeFiles/gimbal_task.elf.dir/Drivers/STM32F4xx_HAL_Driver/Src/stm32f4xx_ll_usb.c.obj
                0x0000000008006d9a                USB_WritePacket
 .text.USB_EPStartXfer
                0x0000000008006dc8      0x248 CMakeFiles/gimbal_task.elf.dir/Drivers/STM32F4xx_HAL_Driver/Src/stm32f4xx_ll_usb.c.obj
                0x0000000008006dc8                USB_EPStartXfer
 .text.USB_ReadPacket
                0x0000000008007010       0x54 CMakeFiles/gimbal_task.elf.dir/Drivers/STM32F4xx_HAL_Driver/Src/stm32f4xx_ll_usb.c.obj
                0x0000000008007010                USB_ReadPacket
 .text.USB_EPSetStall
                0x0000000008007064       0x5a CMakeFiles/gimbal_task.elf.dir/Drivers/STM32F4xx_HAL_Driver/Src/stm32f4xx_ll_usb.c.obj
                0x0000000008007064                USB_EPSetStall
 .text.USB_EPClearStall
                0x00000000080070be       0x5c CMakeFiles/gimbal_task.elf.dir/Drivers/STM32F4xx_HAL_Driver/Src/stm32f4xx_ll_usb.c.obj
                0x00000000080070be                USB_EPClearStall
 .text.USB_SetDevAddress
                0x000000000800711a       0x20 CMakeFiles/gimbal_task.elf.dir/Drivers/STM32F4xx_HAL_Driver/Src/stm32f4xx_ll_usb.c.obj
                0x000000000800711a                USB_SetDevAddress
 .text.USB_DevConnect
                0x000000000800713a       0x1c CMakeFiles/gimbal_task.elf.dir/Drivers/STM32F4xx_HAL_Driver/Src/stm32f4xx_ll_usb.c.obj
                0x000000000800713a                USB_DevConnect
 .text.USB_DevDisconnect
                0x0000000008007156       0x1c CMakeFiles/gimbal_task.elf.dir/Drivers/STM32F4xx_HAL_Driver/Src/stm32f4xx_ll_usb.c.obj
                0x0000000008007156                USB_DevDisconnect
 .text.USB_ReadInterrupts
                0x0000000008007172        0x8 CMakeFiles/gimbal_task.elf.dir/Drivers/STM32F4xx_HAL_Driver/Src/stm32f4xx_ll_usb.c.obj
                0x0000000008007172                USB_ReadInterrupts
 .text.USB_ReadDevAllOutEpInterrupt
                0x000000000800717a       0x10 CMakeFiles/gimbal_task.elf.dir/Drivers/STM32F4xx_HAL_Driver/Src/stm32f4xx_ll_usb.c.obj
                0x000000000800717a                USB_ReadDevAllOutEpInterrupt
 .text.USB_ReadDevAllInEpInterrupt
                0x000000000800718a       0x10 CMakeFiles/gimbal_task.elf.dir/Drivers/STM32F4xx_HAL_Driver/Src/stm32f4xx_ll_usb.c.obj
                0x000000000800718a                USB_ReadDevAllInEpInterrupt
 .text.USB_ReadDevOutEPInterrupt
                0x000000000800719a       0x12 CMakeFiles/gimbal_task.elf.dir/Drivers/STM32F4xx_HAL_Driver/Src/stm32f4xx_ll_usb.c.obj
                0x000000000800719a                USB_ReadDevOutEPInterrupt
 .text.USB_ReadDevInEPInterrupt
                0x00000000080071ac       0x28 CMakeFiles/gimbal_task.elf.dir/Drivers/STM32F4xx_HAL_Driver/Src/stm32f4xx_ll_usb.c.obj
                0x00000000080071ac                USB_ReadDevInEPInterrupt
 .text.USB_GetMode
                0x00000000080071d4        0x8 CMakeFiles/gimbal_task.elf.dir/Drivers/STM32F4xx_HAL_Driver/Src/stm32f4xx_ll_usb.c.obj
                0x00000000080071d4                USB_GetMode
 .text.USB_SetCurrentMode
                0x00000000080071dc       0x62 CMakeFiles/gimbal_task.elf.dir/Drivers/STM32F4xx_HAL_Driver/Src/stm32f4xx_ll_usb.c.obj
                0x00000000080071dc                USB_SetCurrentMode
 .text.USB_ActivateSetup
                0x000000000800723e       0x20 CMakeFiles/gimbal_task.elf.dir/Drivers/STM32F4xx_HAL_Driver/Src/stm32f4xx_ll_usb.c.obj
                0x000000000800723e                USB_ActivateSetup
 *fill*         0x000000000800725e        0x2 
 .text.USB_EP0_OutStart
                0x0000000008007260       0x60 CMakeFiles/gimbal_task.elf.dir/Drivers/STM32F4xx_HAL_Driver/Src/stm32f4xx_ll_usb.c.obj
                0x0000000008007260                USB_EP0_OutStart
 .text.USBD_CDC_EP0_RxReady
                0x00000000080072c0       0x40 CMakeFiles/gimbal_task.elf.dir/Middlewares/ST/STM32_USB_Device_Library/Class/CDC/Src/usbd_cdc.c.obj
 .text.USBD_CDC_GetDeviceQualifierDescriptor
                0x0000000008007300        0xc CMakeFiles/gimbal_task.elf.dir/Middlewares/ST/STM32_USB_Device_Library/Class/CDC/Src/usbd_cdc.c.obj
                0x0000000008007300                USBD_CDC_GetDeviceQualifierDescriptor
 .text.USBD_CDC_GetOtherSpeedCfgDesc
                0x000000000800730c       0x48 CMakeFiles/gimbal_task.elf.dir/Middlewares/ST/STM32_USB_Device_Library/Class/CDC/Src/usbd_cdc.c.obj
 .text.USBD_CDC_GetFSCfgDesc
                0x0000000008007354       0x48 CMakeFiles/gimbal_task.elf.dir/Middlewares/ST/STM32_USB_Device_Library/Class/CDC/Src/usbd_cdc.c.obj
 .text.USBD_CDC_GetHSCfgDesc
                0x000000000800739c       0x48 CMakeFiles/gimbal_task.elf.dir/Middlewares/ST/STM32_USB_Device_Library/Class/CDC/Src/usbd_cdc.c.obj
 .text.USBD_CDC_DataOut
                0x00000000080073e4       0x38 CMakeFiles/gimbal_task.elf.dir/Middlewares/ST/STM32_USB_Device_Library/Class/CDC/Src/usbd_cdc.c.obj
 .text.USBD_CDC_DataIn
                0x000000000800741c       0x7c CMakeFiles/gimbal_task.elf.dir/Middlewares/ST/STM32_USB_Device_Library/Class/CDC/Src/usbd_cdc.c.obj
 .text.USBD_CDC_Setup
                0x0000000008007498      0x11a CMakeFiles/gimbal_task.elf.dir/Middlewares/ST/STM32_USB_Device_Library/Class/CDC/Src/usbd_cdc.c.obj
 .text.USBD_CDC_DeInit
                0x00000000080075b2       0x64 CMakeFiles/gimbal_task.elf.dir/Middlewares/ST/STM32_USB_Device_Library/Class/CDC/Src/usbd_cdc.c.obj
 .text.USBD_CDC_Init
                0x0000000008007616       0xee CMakeFiles/gimbal_task.elf.dir/Middlewares/ST/STM32_USB_Device_Library/Class/CDC/Src/usbd_cdc.c.obj
 .text.USBD_CDC_RegisterInterface
                0x0000000008007704       0x16 CMakeFiles/gimbal_task.elf.dir/Middlewares/ST/STM32_USB_Device_Library/Class/CDC/Src/usbd_cdc.c.obj
                0x0000000008007704                USBD_CDC_RegisterInterface
 .text.USBD_CDC_SetTxBuffer
                0x000000000800771a       0x1c CMakeFiles/gimbal_task.elf.dir/Middlewares/ST/STM32_USB_Device_Library/Class/CDC/Src/usbd_cdc.c.obj
                0x000000000800771a                USBD_CDC_SetTxBuffer
 .text.USBD_CDC_SetRxBuffer
                0x0000000008007736       0x18 CMakeFiles/gimbal_task.elf.dir/Middlewares/ST/STM32_USB_Device_Library/Class/CDC/Src/usbd_cdc.c.obj
                0x0000000008007736                USBD_CDC_SetRxBuffer
 .text.USBD_CDC_ReceivePacket
                0x000000000800774e       0x38 CMakeFiles/gimbal_task.elf.dir/Middlewares/ST/STM32_USB_Device_Library/Class/CDC/Src/usbd_cdc.c.obj
                0x000000000800774e                USBD_CDC_ReceivePacket
 .text.USBD_Init
                0x0000000008007786       0x2e CMakeFiles/gimbal_task.elf.dir/Middlewares/ST/STM32_USB_Device_Library/Core/Src/usbd_core.c.obj
                0x0000000008007786                USBD_Init
 .text.USBD_RegisterClass
                0x00000000080077b4       0x34 CMakeFiles/gimbal_task.elf.dir/Middlewares/ST/STM32_USB_Device_Library/Core/Src/usbd_core.c.obj
                0x00000000080077b4                USBD_RegisterClass
 .text.USBD_Start
                0x00000000080077e8        0x8 CMakeFiles/gimbal_task.elf.dir/Middlewares/ST/STM32_USB_Device_Library/Core/Src/usbd_core.c.obj
                0x00000000080077e8                USBD_Start
 .text.USBD_SetClassConfig
                0x00000000080077f0       0x12 CMakeFiles/gimbal_task.elf.dir/Middlewares/ST/STM32_USB_Device_Library/Core/Src/usbd_core.c.obj
                0x00000000080077f0                USBD_SetClassConfig
 .text.USBD_ClrClassConfig
                0x0000000008007802       0x12 CMakeFiles/gimbal_task.elf.dir/Middlewares/ST/STM32_USB_Device_Library/Core/Src/usbd_core.c.obj
                0x0000000008007802                USBD_ClrClassConfig
 .text.USBD_LL_SetupStage
                0x0000000008007814       0x58 CMakeFiles/gimbal_task.elf.dir/Middlewares/ST/STM32_USB_Device_Library/Core/Src/usbd_core.c.obj
                0x0000000008007814                USBD_LL_SetupStage
 .text.USBD_LL_Reset
                0x000000000800786c       0x64 CMakeFiles/gimbal_task.elf.dir/Middlewares/ST/STM32_USB_Device_Library/Core/Src/usbd_core.c.obj
                0x000000000800786c                USBD_LL_Reset
 .text.USBD_LL_SetSpeed
                0x00000000080078d0        0x6 CMakeFiles/gimbal_task.elf.dir/Middlewares/ST/STM32_USB_Device_Library/Core/Src/usbd_core.c.obj
                0x00000000080078d0                USBD_LL_SetSpeed
 .text.USBD_LL_Suspend
                0x00000000080078d6       0x1e CMakeFiles/gimbal_task.elf.dir/Middlewares/ST/STM32_USB_Device_Library/Core/Src/usbd_core.c.obj
                0x00000000080078d6                USBD_LL_Suspend
 .text.USBD_LL_Resume
                0x00000000080078f4       0x1a CMakeFiles/gimbal_task.elf.dir/Middlewares/ST/STM32_USB_Device_Library/Core/Src/usbd_core.c.obj
                0x00000000080078f4                USBD_LL_Resume
 .text.USBD_LL_SOF
                0x000000000800790e       0x22 CMakeFiles/gimbal_task.elf.dir/Middlewares/ST/STM32_USB_Device_Library/Core/Src/usbd_core.c.obj
                0x000000000800790e                USBD_LL_SOF
 .text.USBD_LL_IsoINIncomplete
                0x0000000008007930       0x2e CMakeFiles/gimbal_task.elf.dir/Middlewares/ST/STM32_USB_Device_Library/Core/Src/usbd_core.c.obj
                0x0000000008007930                USBD_LL_IsoINIncomplete
 .text.USBD_LL_IsoOUTIncomplete
                0x000000000800795e       0x2e CMakeFiles/gimbal_task.elf.dir/Middlewares/ST/STM32_USB_Device_Library/Core/Src/usbd_core.c.obj
                0x000000000800795e                USBD_LL_IsoOUTIncomplete
 .text.USBD_LL_DevConnected
                0x000000000800798c        0x4 CMakeFiles/gimbal_task.elf.dir/Middlewares/ST/STM32_USB_Device_Library/Core/Src/usbd_core.c.obj
                0x000000000800798c                USBD_LL_DevConnected
 .text.USBD_LL_DevDisconnected
                0x0000000008007990       0x20 CMakeFiles/gimbal_task.elf.dir/Middlewares/ST/STM32_USB_Device_Library/Core/Src/usbd_core.c.obj
                0x0000000008007990                USBD_LL_DevDisconnected
 .text.USBD_CoreFindIF
                0x00000000080079b0        0x4 CMakeFiles/gimbal_task.elf.dir/Middlewares/ST/STM32_USB_Device_Library/Core/Src/usbd_core.c.obj
                0x00000000080079b0                USBD_CoreFindIF
 .text.USBD_CoreFindEP
                0x00000000080079b4        0x4 CMakeFiles/gimbal_task.elf.dir/Middlewares/ST/STM32_USB_Device_Library/Core/Src/usbd_core.c.obj
                0x00000000080079b4                USBD_CoreFindEP
 .text.USBD_LL_DataOutStage
                0x00000000080079b8       0xc6 CMakeFiles/gimbal_task.elf.dir/Middlewares/ST/STM32_USB_Device_Library/Core/Src/usbd_core.c.obj
                0x00000000080079b8                USBD_LL_DataOutStage
 .text.USBD_LL_DataInStage
                0x0000000008007a7e       0xd6 CMakeFiles/gimbal_task.elf.dir/Middlewares/ST/STM32_USB_Device_Library/Core/Src/usbd_core.c.obj
                0x0000000008007a7e                USBD_LL_DataInStage
 .text.USBD_GetNextDesc
                0x0000000008007b54        0xe CMakeFiles/gimbal_task.elf.dir/Middlewares/ST/STM32_USB_Device_Library/Core/Src/usbd_core.c.obj
                0x0000000008007b54                USBD_GetNextDesc
 .text.USBD_GetEpDesc
                0x0000000008007b62       0x3e CMakeFiles/gimbal_task.elf.dir/Middlewares/ST/STM32_USB_Device_Library/Core/Src/usbd_core.c.obj
                0x0000000008007b62                USBD_GetEpDesc
 .text.USBD_GetLen
                0x0000000008007ba0       0x14 CMakeFiles/gimbal_task.elf.dir/Middlewares/ST/STM32_USB_Device_Library/Core/Src/usbd_ctlreq.c.obj
 .text.USBD_ParseSetupRequest
                0x0000000008007bb4       0x28 CMakeFiles/gimbal_task.elf.dir/Middlewares/ST/STM32_USB_Device_Library/Core/Src/usbd_ctlreq.c.obj
                0x0000000008007bb4                USBD_ParseSetupRequest
 .text.USBD_CtlError
                0x0000000008007bdc       0x14 CMakeFiles/gimbal_task.elf.dir/Middlewares/ST/STM32_USB_Device_Library/Core/Src/usbd_ctlreq.c.obj
                0x0000000008007bdc                USBD_CtlError
 .text.USBD_GetDescriptor
                0x0000000008007bf0      0x18a CMakeFiles/gimbal_task.elf.dir/Middlewares/ST/STM32_USB_Device_Library/Core/Src/usbd_ctlreq.c.obj
 .text.USBD_SetAddress
                0x0000000008007d7a       0x50 CMakeFiles/gimbal_task.elf.dir/Middlewares/ST/STM32_USB_Device_Library/Core/Src/usbd_ctlreq.c.obj
 *fill*         0x0000000008007dca        0x2 
 .text.USBD_SetConfig
                0x0000000008007dcc       0xcc CMakeFiles/gimbal_task.elf.dir/Middlewares/ST/STM32_USB_Device_Library/Core/Src/usbd_ctlreq.c.obj
 .text.USBD_GetConfig
                0x0000000008007e98       0x40 CMakeFiles/gimbal_task.elf.dir/Middlewares/ST/STM32_USB_Device_Library/Core/Src/usbd_ctlreq.c.obj
 .text.USBD_GetStatus
                0x0000000008007ed8       0x38 CMakeFiles/gimbal_task.elf.dir/Middlewares/ST/STM32_USB_Device_Library/Core/Src/usbd_ctlreq.c.obj
 .text.USBD_SetFeature
                0x0000000008007f10       0x2a CMakeFiles/gimbal_task.elf.dir/Middlewares/ST/STM32_USB_Device_Library/Core/Src/usbd_ctlreq.c.obj
 .text.USBD_ClrFeature
                0x0000000008007f3a       0x26 CMakeFiles/gimbal_task.elf.dir/Middlewares/ST/STM32_USB_Device_Library/Core/Src/usbd_ctlreq.c.obj
 .text.USBD_StdDevReq
                0x0000000008007f60       0x76 CMakeFiles/gimbal_task.elf.dir/Middlewares/ST/STM32_USB_Device_Library/Core/Src/usbd_ctlreq.c.obj
                0x0000000008007f60                USBD_StdDevReq
 .text.USBD_StdItfReq
                0x0000000008007fd6       0x84 CMakeFiles/gimbal_task.elf.dir/Middlewares/ST/STM32_USB_Device_Library/Core/Src/usbd_ctlreq.c.obj
                0x0000000008007fd6                USBD_StdItfReq
 .text.USBD_StdEPReq
                0x000000000800805a      0x230 CMakeFiles/gimbal_task.elf.dir/Middlewares/ST/STM32_USB_Device_Library/Core/Src/usbd_ctlreq.c.obj
                0x000000000800805a                USBD_StdEPReq
 .text.USBD_GetString
                0x000000000800828a       0x46 CMakeFiles/gimbal_task.elf.dir/Middlewares/ST/STM32_USB_Device_Library/Core/Src/usbd_ctlreq.c.obj
                0x000000000800828a                USBD_GetString
 .text.USBD_CtlSendData
                0x00000000080082d0       0x1a CMakeFiles/gimbal_task.elf.dir/Middlewares/ST/STM32_USB_Device_Library/Core/Src/usbd_ioreq.c.obj
                0x00000000080082d0                USBD_CtlSendData
 .text.USBD_CtlContinueSendData
                0x00000000080082ea       0x10 CMakeFiles/gimbal_task.elf.dir/Middlewares/ST/STM32_USB_Device_Library/Core/Src/usbd_ioreq.c.obj
                0x00000000080082ea                USBD_CtlContinueSendData
 .text.USBD_CtlPrepareRx
                0x00000000080082fa       0x1e CMakeFiles/gimbal_task.elf.dir/Middlewares/ST/STM32_USB_Device_Library/Core/Src/usbd_ioreq.c.obj
                0x00000000080082fa                USBD_CtlPrepareRx
 .text.USBD_CtlContinueRx
                0x0000000008008318       0x10 CMakeFiles/gimbal_task.elf.dir/Middlewares/ST/STM32_USB_Device_Library/Core/Src/usbd_ioreq.c.obj
                0x0000000008008318                USBD_CtlContinueRx
 .text.USBD_CtlSendStatus
                0x0000000008008328       0x16 CMakeFiles/gimbal_task.elf.dir/Middlewares/ST/STM32_USB_Device_Library/Core/Src/usbd_ioreq.c.obj
                0x0000000008008328                USBD_CtlSendStatus
 .text.USBD_CtlReceiveStatus
                0x000000000800833e       0x16 CMakeFiles/gimbal_task.elf.dir/Middlewares/ST/STM32_USB_Device_Library/Core/Src/usbd_ioreq.c.obj
                0x000000000800833e                USBD_CtlReceiveStatus
 .text.makeFreeRtosPriority
                0x0000000008008354        0xc CMakeFiles/gimbal_task.elf.dir/Middlewares/Third_Party/FreeRTOS/Source/CMSIS_RTOS/cmsis_os.c.obj
 .text.osKernelStart
                0x0000000008008360        0xa CMakeFiles/gimbal_task.elf.dir/Middlewares/Third_Party/FreeRTOS/Source/CMSIS_RTOS/cmsis_os.c.obj
                0x0000000008008360                osKernelStart
 .text.osThreadCreate
                0x000000000800836a       0x6a CMakeFiles/gimbal_task.elf.dir/Middlewares/Third_Party/FreeRTOS/Source/CMSIS_RTOS/cmsis_os.c.obj
                0x000000000800836a                osThreadCreate
 .text.osDelay  0x00000000080083d4        0xe CMakeFiles/gimbal_task.elf.dir/Middlewares/Third_Party/FreeRTOS/Source/CMSIS_RTOS/cmsis_os.c.obj
                0x00000000080083d4                osDelay
 .text.vListInitialise
                0x00000000080083e2       0x16 CMakeFiles/gimbal_task.elf.dir/Middlewares/Third_Party/FreeRTOS/Source/list.c.obj
                0x00000000080083e2                vListInitialise
 .text.vListInitialiseItem
                0x00000000080083f8        0x6 CMakeFiles/gimbal_task.elf.dir/Middlewares/Third_Party/FreeRTOS/Source/list.c.obj
                0x00000000080083f8                vListInitialiseItem
 .text.vListInsertEnd
                0x00000000080083fe       0x16 CMakeFiles/gimbal_task.elf.dir/Middlewares/Third_Party/FreeRTOS/Source/list.c.obj
                0x00000000080083fe                vListInsertEnd
 .text.vListInsert
                0x0000000008008414       0x32 CMakeFiles/gimbal_task.elf.dir/Middlewares/Third_Party/FreeRTOS/Source/list.c.obj
                0x0000000008008414                vListInsert
 .text.uxListRemove
                0x0000000008008446       0x26 CMakeFiles/gimbal_task.elf.dir/Middlewares/Third_Party/FreeRTOS/Source/list.c.obj
                0x0000000008008446                uxListRemove
 .text.prvTaskExitError
                0x000000000800846c       0x40 CMakeFiles/gimbal_task.elf.dir/Middlewares/Third_Party/FreeRTOS/Source/portable/GCC/ARM_CM4F/port.c.obj
 .text.prvPortStartFirstTask
                0x00000000080084ac       0x28 CMakeFiles/gimbal_task.elf.dir/Middlewares/Third_Party/FreeRTOS/Source/portable/GCC/ARM_CM4F/port.c.obj
 .text.vPortEnableVFP
                0x00000000080084d4       0x14 CMakeFiles/gimbal_task.elf.dir/Middlewares/Third_Party/FreeRTOS/Source/portable/GCC/ARM_CM4F/port.c.obj
 .text.pxPortInitialiseStack
                0x00000000080084e8       0x2c CMakeFiles/gimbal_task.elf.dir/Middlewares/Third_Party/FreeRTOS/Source/portable/GCC/ARM_CM4F/port.c.obj
                0x00000000080084e8                pxPortInitialiseStack
 *fill*         0x0000000008008514        0xc 
 .text.SVC_Handler
                0x0000000008008520       0x24 CMakeFiles/gimbal_task.elf.dir/Middlewares/Third_Party/FreeRTOS/Source/portable/GCC/ARM_CM4F/port.c.obj
                0x0000000008008520                SVC_Handler
 .text.vPortEnterCritical
                0x0000000008008544       0x44 CMakeFiles/gimbal_task.elf.dir/Middlewares/Third_Party/FreeRTOS/Source/portable/GCC/ARM_CM4F/port.c.obj
                0x0000000008008544                vPortEnterCritical
 .text.vPortExitCritical
                0x0000000008008588       0x2c CMakeFiles/gimbal_task.elf.dir/Middlewares/Third_Party/FreeRTOS/Source/portable/GCC/ARM_CM4F/port.c.obj
                0x0000000008008588                vPortExitCritical
 *fill*         0x00000000080085b4        0xc 
 .text.PendSV_Handler
                0x00000000080085c0       0x64 CMakeFiles/gimbal_task.elf.dir/Middlewares/Third_Party/FreeRTOS/Source/portable/GCC/ARM_CM4F/port.c.obj
                0x00000000080085c0                PendSV_Handler
 .text.SysTick_Handler
                0x0000000008008624       0x2c CMakeFiles/gimbal_task.elf.dir/Middlewares/Third_Party/FreeRTOS/Source/portable/GCC/ARM_CM4F/port.c.obj
                0x0000000008008624                SysTick_Handler
 .text.vPortSetupTimerInterrupt
                0x0000000008008650       0x28 CMakeFiles/gimbal_task.elf.dir/Middlewares/Third_Party/FreeRTOS/Source/portable/GCC/ARM_CM4F/port.c.obj
                0x0000000008008650                vPortSetupTimerInterrupt
 .text.xPortStartScheduler
                0x0000000008008678      0x118 CMakeFiles/gimbal_task.elf.dir/Middlewares/Third_Party/FreeRTOS/Source/portable/GCC/ARM_CM4F/port.c.obj
                0x0000000008008678                xPortStartScheduler
 .text.vPortValidateInterruptPriority
                0x0000000008008790       0x5c CMakeFiles/gimbal_task.elf.dir/Middlewares/Third_Party/FreeRTOS/Source/portable/GCC/ARM_CM4F/port.c.obj
                0x0000000008008790                vPortValidateInterruptPriority
 .text.prvHeapInit
                0x00000000080087ec       0x64 CMakeFiles/gimbal_task.elf.dir/Middlewares/Third_Party/FreeRTOS/Source/portable/MemMang/heap_4.c.obj
 .text.prvInsertBlockIntoFreeList
                0x0000000008008850       0x64 CMakeFiles/gimbal_task.elf.dir/Middlewares/Third_Party/FreeRTOS/Source/portable/MemMang/heap_4.c.obj
 .text.pvPortMalloc
                0x00000000080088b4       0xfc CMakeFiles/gimbal_task.elf.dir/Middlewares/Third_Party/FreeRTOS/Source/portable/MemMang/heap_4.c.obj
                0x00000000080088b4                pvPortMalloc
 .text.vPortFree
                0x00000000080089b0       0x7c CMakeFiles/gimbal_task.elf.dir/Middlewares/Third_Party/FreeRTOS/Source/portable/MemMang/heap_4.c.obj
                0x00000000080089b0                vPortFree
 .text.prvIsQueueFull
                0x0000000008008a2c       0x1e CMakeFiles/gimbal_task.elf.dir/Middlewares/Third_Party/FreeRTOS/Source/queue.c.obj
 .text.prvIsQueueEmpty
                0x0000000008008a4a       0x1a CMakeFiles/gimbal_task.elf.dir/Middlewares/Third_Party/FreeRTOS/Source/queue.c.obj
 .text.prvCopyDataToQueue
                0x0000000008008a64       0x76 CMakeFiles/gimbal_task.elf.dir/Middlewares/Third_Party/FreeRTOS/Source/queue.c.obj
 .text.prvCopyDataFromQueue
                0x0000000008008ada       0x24 CMakeFiles/gimbal_task.elf.dir/Middlewares/Third_Party/FreeRTOS/Source/queue.c.obj
 .text.prvUnlockQueue
                0x0000000008008afe       0x6e CMakeFiles/gimbal_task.elf.dir/Middlewares/Third_Party/FreeRTOS/Source/queue.c.obj
 .text.xQueueGenericReset
                0x0000000008008b6c       0x84 CMakeFiles/gimbal_task.elf.dir/Middlewares/Third_Party/FreeRTOS/Source/queue.c.obj
                0x0000000008008b6c                xQueueGenericReset
 .text.prvInitialiseNewQueue
                0x0000000008008bf0       0x1c CMakeFiles/gimbal_task.elf.dir/Middlewares/Third_Party/FreeRTOS/Source/queue.c.obj
 .text.xQueueGenericCreateStatic
                0x0000000008008c0c       0x94 CMakeFiles/gimbal_task.elf.dir/Middlewares/Third_Party/FreeRTOS/Source/queue.c.obj
                0x0000000008008c0c                xQueueGenericCreateStatic
 .text.xQueueGenericSend
                0x0000000008008ca0      0x188 CMakeFiles/gimbal_task.elf.dir/Middlewares/Third_Party/FreeRTOS/Source/queue.c.obj
                0x0000000008008ca0                xQueueGenericSend
 .text.xQueueGenericSendFromISR
                0x0000000008008e28       0xce CMakeFiles/gimbal_task.elf.dir/Middlewares/Third_Party/FreeRTOS/Source/queue.c.obj
                0x0000000008008e28                xQueueGenericSendFromISR
 .text.xQueueReceive
                0x0000000008008ef6      0x15e CMakeFiles/gimbal_task.elf.dir/Middlewares/Third_Party/FreeRTOS/Source/queue.c.obj
                0x0000000008008ef6                xQueueReceive
 .text.vQueueAddToRegistry
                0x0000000008009054       0x28 CMakeFiles/gimbal_task.elf.dir/Middlewares/Third_Party/FreeRTOS/Source/queue.c.obj
                0x0000000008009054                vQueueAddToRegistry
 .text.vQueueWaitForMessageRestricted
                0x000000000800907c       0x52 CMakeFiles/gimbal_task.elf.dir/Middlewares/Third_Party/FreeRTOS/Source/queue.c.obj
                0x000000000800907c                vQueueWaitForMessageRestricted
 .text.prvSearchForNameWithinSingleList
                0x00000000080090ce       0x64 CMakeFiles/gimbal_task.elf.dir/Middlewares/Third_Party/FreeRTOS/Source/tasks.c.obj
 *fill*         0x0000000008009132        0x2 
 .text.prvResetNextTaskUnblockTime
                0x0000000008009134       0x2c CMakeFiles/gimbal_task.elf.dir/Middlewares/Third_Party/FreeRTOS/Source/tasks.c.obj
 .text.prvInitialiseNewTask
                0x0000000008009160      0x10a CMakeFiles/gimbal_task.elf.dir/Middlewares/Third_Party/FreeRTOS/Source/tasks.c.obj
 *fill*         0x000000000800926a        0x2 
 .text.prvInitialiseTaskLists
                0x000000000800926c       0x68 CMakeFiles/gimbal_task.elf.dir/Middlewares/Third_Party/FreeRTOS/Source/tasks.c.obj
 .text.prvAddNewTaskToReadyList
                0x00000000080092d4       0xa8 CMakeFiles/gimbal_task.elf.dir/Middlewares/Third_Party/FreeRTOS/Source/tasks.c.obj
 .text.prvDeleteTCB
                0x000000000800937c       0x40 CMakeFiles/gimbal_task.elf.dir/Middlewares/Third_Party/FreeRTOS/Source/tasks.c.obj
 .text.prvCheckTasksWaitingTermination
                0x00000000080093bc       0x4c CMakeFiles/gimbal_task.elf.dir/Middlewares/Third_Party/FreeRTOS/Source/tasks.c.obj
 .text.prvIdleTask
                0x0000000008009408       0x28 CMakeFiles/gimbal_task.elf.dir/Middlewares/Third_Party/FreeRTOS/Source/tasks.c.obj
 .text.prvAddCurrentTaskToDelayedList
                0x0000000008009430       0xa0 CMakeFiles/gimbal_task.elf.dir/Middlewares/Third_Party/FreeRTOS/Source/tasks.c.obj
 .text.xTaskCreateStatic
                0x00000000080094d0       0x7a CMakeFiles/gimbal_task.elf.dir/Middlewares/Third_Party/FreeRTOS/Source/tasks.c.obj
                0x00000000080094d0                xTaskCreateStatic
 .text.xTaskCreate
                0x000000000800954a       0x6a CMakeFiles/gimbal_task.elf.dir/Middlewares/Third_Party/FreeRTOS/Source/tasks.c.obj
                0x000000000800954a                xTaskCreate
 .text.vTaskStartScheduler
                0x00000000080095b4       0xac CMakeFiles/gimbal_task.elf.dir/Middlewares/Third_Party/FreeRTOS/Source/tasks.c.obj
                0x00000000080095b4                vTaskStartScheduler
 .text.vTaskSuspendAll
                0x0000000008009660       0x10 CMakeFiles/gimbal_task.elf.dir/Middlewares/Third_Party/FreeRTOS/Source/tasks.c.obj
                0x0000000008009660                vTaskSuspendAll
 .text.xTaskGetTickCount
                0x0000000008009670        0xc CMakeFiles/gimbal_task.elf.dir/Middlewares/Third_Party/FreeRTOS/Source/tasks.c.obj
                0x0000000008009670                xTaskGetTickCount
 .text.pcTaskGetName
                0x000000000800967c       0x28 CMakeFiles/gimbal_task.elf.dir/Middlewares/Third_Party/FreeRTOS/Source/tasks.c.obj
                0x000000000800967c                pcTaskGetName
 .text.xTaskIncrementTick
                0x00000000080096a4      0x118 CMakeFiles/gimbal_task.elf.dir/Middlewares/Third_Party/FreeRTOS/Source/tasks.c.obj
                0x00000000080096a4                xTaskIncrementTick
 .text.xTaskResumeAll
                0x00000000080097bc       0xf8 CMakeFiles/gimbal_task.elf.dir/Middlewares/Third_Party/FreeRTOS/Source/tasks.c.obj
                0x00000000080097bc                xTaskResumeAll
 .text.vTaskDelay
                0x00000000080098b4       0x4c CMakeFiles/gimbal_task.elf.dir/Middlewares/Third_Party/FreeRTOS/Source/tasks.c.obj
                0x00000000080098b4                vTaskDelay
 .text.xTaskGetHandle
                0x0000000008009900       0x98 CMakeFiles/gimbal_task.elf.dir/Middlewares/Third_Party/FreeRTOS/Source/tasks.c.obj
                0x0000000008009900                xTaskGetHandle
 .text.vTaskSwitchContext
                0x0000000008009998       0xa4 CMakeFiles/gimbal_task.elf.dir/Middlewares/Third_Party/FreeRTOS/Source/tasks.c.obj
                0x0000000008009998                vTaskSwitchContext
 .text.vTaskPlaceOnEventList
                0x0000000008009a3c       0x30 CMakeFiles/gimbal_task.elf.dir/Middlewares/Third_Party/FreeRTOS/Source/tasks.c.obj
                0x0000000008009a3c                vTaskPlaceOnEventList
 .text.vTaskPlaceOnEventListRestricted
                0x0000000008009a6c       0x38 CMakeFiles/gimbal_task.elf.dir/Middlewares/Third_Party/FreeRTOS/Source/tasks.c.obj
                0x0000000008009a6c                vTaskPlaceOnEventListRestricted
 .text.xTaskRemoveFromEventList
                0x0000000008009aa4       0x8c CMakeFiles/gimbal_task.elf.dir/Middlewares/Third_Party/FreeRTOS/Source/tasks.c.obj
                0x0000000008009aa4                xTaskRemoveFromEventList
 .text.vTaskInternalSetTimeOutState
                0x0000000008009b30       0x18 CMakeFiles/gimbal_task.elf.dir/Middlewares/Third_Party/FreeRTOS/Source/tasks.c.obj
                0x0000000008009b30                vTaskInternalSetTimeOutState
 .text.xTaskCheckForTimeOut
                0x0000000008009b48       0xa0 CMakeFiles/gimbal_task.elf.dir/Middlewares/Third_Party/FreeRTOS/Source/tasks.c.obj
                0x0000000008009b48                xTaskCheckForTimeOut
 .text.vTaskMissedYield
                0x0000000008009be8        0xc CMakeFiles/gimbal_task.elf.dir/Middlewares/Third_Party/FreeRTOS/Source/tasks.c.obj
                0x0000000008009be8                vTaskMissedYield
 .text.xTaskGetSchedulerState
                0x0000000008009bf4       0x20 CMakeFiles/gimbal_task.elf.dir/Middlewares/Third_Party/FreeRTOS/Source/tasks.c.obj
                0x0000000008009bf4                xTaskGetSchedulerState
 .text.xTaskPriorityDisinherit
                0x0000000008009c14       0xb4 CMakeFiles/gimbal_task.elf.dir/Middlewares/Third_Party/FreeRTOS/Source/tasks.c.obj
                0x0000000008009c14                xTaskPriorityDisinherit
 .text.ulTaskNotifyTake
                0x0000000008009cc8       0x80 CMakeFiles/gimbal_task.elf.dir/Middlewares/Third_Party/FreeRTOS/Source/tasks.c.obj
                0x0000000008009cc8                ulTaskNotifyTake
 .text.prvGetNextExpireTime
                0x0000000008009d48       0x20 CMakeFiles/gimbal_task.elf.dir/Middlewares/Third_Party/FreeRTOS/Source/timers.c.obj
 .text.prvInsertTimerInActiveList
                0x0000000008009d68       0x48 CMakeFiles/gimbal_task.elf.dir/Middlewares/Third_Party/FreeRTOS/Source/timers.c.obj
 .text.prvCheckForValidListAndQueue
                0x0000000008009db0       0x70 CMakeFiles/gimbal_task.elf.dir/Middlewares/Third_Party/FreeRTOS/Source/timers.c.obj
 .text.xTimerCreateTimerTask
                0x0000000008009e20       0x64 CMakeFiles/gimbal_task.elf.dir/Middlewares/Third_Party/FreeRTOS/Source/timers.c.obj
                0x0000000008009e20                xTimerCreateTimerTask
 .text.xTimerGenericCommand
                0x0000000008009e84       0x6c CMakeFiles/gimbal_task.elf.dir/Middlewares/Third_Party/FreeRTOS/Source/timers.c.obj
                0x0000000008009e84                xTimerGenericCommand
 .text.prvSwitchTimerLists
                0x0000000008009ef0       0x7c CMakeFiles/gimbal_task.elf.dir/Middlewares/Third_Party/FreeRTOS/Source/timers.c.obj
 .text.prvSampleTimeNow
                0x0000000008009f6c       0x2c CMakeFiles/gimbal_task.elf.dir/Middlewares/Third_Party/FreeRTOS/Source/timers.c.obj
 .text.prvProcessExpiredTimer
                0x0000000008009f98       0x6c CMakeFiles/gimbal_task.elf.dir/Middlewares/Third_Party/FreeRTOS/Source/timers.c.obj
 .text.prvProcessTimerOrBlockTask
                0x000000000800a004       0x74 CMakeFiles/gimbal_task.elf.dir/Middlewares/Third_Party/FreeRTOS/Source/timers.c.obj
 .text.prvProcessReceivedCommands
                0x000000000800a078      0x10c CMakeFiles/gimbal_task.elf.dir/Middlewares/Third_Party/FreeRTOS/Source/timers.c.obj
 .text.prvTimerTask
                0x000000000800a184       0x16 CMakeFiles/gimbal_task.elf.dir/Middlewares/Third_Party/FreeRTOS/Source/timers.c.obj
 *fill*         0x000000000800a19a        0x2 
 .text.MX_ADC1_Init
                0x000000000800a19c       0x70 CMakeFiles/gimbal_task.elf.dir/Src/adc.c.obj
                0x000000000800a19c                MX_ADC1_Init
 .text.MX_ADC3_Init
                0x000000000800a20c       0x70 CMakeFiles/gimbal_task.elf.dir/Src/adc.c.obj
                0x000000000800a20c                MX_ADC3_Init
 .text.HAL_ADC_MspInit
                0x000000000800a27c       0x90 CMakeFiles/gimbal_task.elf.dir/Src/adc.c.obj
                0x000000000800a27c                HAL_ADC_MspInit
 .text.MX_CAN1_Init
                0x000000000800a30c       0x40 CMakeFiles/gimbal_task.elf.dir/Src/can.c.obj
                0x000000000800a30c                MX_CAN1_Init
 .text.MX_CAN2_Init
                0x000000000800a34c       0x40 CMakeFiles/gimbal_task.elf.dir/Src/can.c.obj
                0x000000000800a34c                MX_CAN2_Init
 .text.HAL_CAN_MspInit
                0x000000000800a38c      0x120 CMakeFiles/gimbal_task.elf.dir/Src/can.c.obj
                0x000000000800a38c                HAL_CAN_MspInit
 .text.MX_CRC_Init
                0x000000000800a4ac       0x20 CMakeFiles/gimbal_task.elf.dir/Src/crc.c.obj
                0x000000000800a4ac                MX_CRC_Init
 .text.HAL_CRC_MspInit
                0x000000000800a4cc       0x30 CMakeFiles/gimbal_task.elf.dir/Src/crc.c.obj
                0x000000000800a4cc                HAL_CRC_MspInit
 .text.MX_DMA_Init
                0x000000000800a4fc       0xb8 CMakeFiles/gimbal_task.elf.dir/Src/dma.c.obj
                0x000000000800a4fc                MX_DMA_Init
 .text.test_task
                0x000000000800a5b4        0xe CMakeFiles/gimbal_task.elf.dir/Src/freertos.c.obj
                0x000000000800a5b4                test_task
 *fill*         0x000000000800a5c2        0x2 
 .text.vApplicationGetIdleTaskMemory
                0x000000000800a5c4       0x18 CMakeFiles/gimbal_task.elf.dir/Src/freertos.c.obj
                0x000000000800a5c4                vApplicationGetIdleTaskMemory
 .text.vApplicationGetTimerTaskMemory
                0x000000000800a5dc       0x18 CMakeFiles/gimbal_task.elf.dir/Src/freertos.c.obj
                0x000000000800a5dc                vApplicationGetTimerTaskMemory
 .text.MX_FREERTOS_Init
                0x000000000800a5f4       0xac CMakeFiles/gimbal_task.elf.dir/Src/freertos.c.obj
                0x000000000800a5f4                MX_FREERTOS_Init
 .text.MX_GPIO_Init
                0x000000000800a6a0      0x1cc CMakeFiles/gimbal_task.elf.dir/Src/gpio.c.obj
                0x000000000800a6a0                MX_GPIO_Init
 .text.MX_I2C1_Init
                0x000000000800a86c       0x3c CMakeFiles/gimbal_task.elf.dir/Src/i2c.c.obj
                0x000000000800a86c                MX_I2C1_Init
 .text.MX_I2C2_Init
                0x000000000800a8a8       0x3c CMakeFiles/gimbal_task.elf.dir/Src/i2c.c.obj
                0x000000000800a8a8                MX_I2C2_Init
 .text.MX_I2C3_Init
                0x000000000800a8e4       0x3c CMakeFiles/gimbal_task.elf.dir/Src/i2c.c.obj
                0x000000000800a8e4                MX_I2C3_Init
 .text.HAL_I2C_MspInit
                0x000000000800a920      0x1a4 CMakeFiles/gimbal_task.elf.dir/Src/i2c.c.obj
                0x000000000800a920                HAL_I2C_MspInit
 .text.HAL_TIM_PeriodElapsedCallback
                0x000000000800aac4       0x18 CMakeFiles/gimbal_task.elf.dir/Src/main.c.obj
                0x000000000800aac4                HAL_TIM_PeriodElapsedCallback
 .text.Error_Handler
                0x000000000800aadc        0x4 CMakeFiles/gimbal_task.elf.dir/Src/main.c.obj
                0x000000000800aadc                Error_Handler
 .text.SystemClock_Config
                0x000000000800aae0       0xa8 CMakeFiles/gimbal_task.elf.dir/Src/main.c.obj
                0x000000000800aae0                SystemClock_Config
 .text.main     0x000000000800ab88       0x84 CMakeFiles/gimbal_task.elf.dir/Src/main.c.obj
                0x000000000800ab88                main
 .text.MX_RNG_Init
                0x000000000800ac0c       0x20 CMakeFiles/gimbal_task.elf.dir/Src/rng.c.obj
                0x000000000800ac0c                MX_RNG_Init
 .text.HAL_RNG_MspInit
                0x000000000800ac2c       0x30 CMakeFiles/gimbal_task.elf.dir/Src/rng.c.obj
                0x000000000800ac2c                HAL_RNG_MspInit
 .text.MX_RTC_Init
                0x000000000800ac5c       0x34 CMakeFiles/gimbal_task.elf.dir/Src/rtc.c.obj
                0x000000000800ac5c                MX_RTC_Init
 .text.HAL_RTC_MspInit
                0x000000000800ac90       0x48 CMakeFiles/gimbal_task.elf.dir/Src/rtc.c.obj
                0x000000000800ac90                HAL_RTC_MspInit
 .text.MX_SPI1_Init
                0x000000000800acd8       0x48 CMakeFiles/gimbal_task.elf.dir/Src/spi.c.obj
                0x000000000800acd8                MX_SPI1_Init
 .text.MX_SPI2_Init
                0x000000000800ad20       0x48 CMakeFiles/gimbal_task.elf.dir/Src/spi.c.obj
                0x000000000800ad20                MX_SPI2_Init
 .text.HAL_SPI_MspInit
                0x000000000800ad68      0x188 CMakeFiles/gimbal_task.elf.dir/Src/spi.c.obj
                0x000000000800ad68                HAL_SPI_MspInit
 .text.HAL_MspInit
                0x000000000800aef0       0x44 CMakeFiles/gimbal_task.elf.dir/Src/stm32f4xx_hal_msp.c.obj
                0x000000000800aef0                HAL_MspInit
 .text.HAL_InitTick
                0x000000000800af34       0xa4 CMakeFiles/gimbal_task.elf.dir/Src/stm32f4xx_hal_timebase_tim.c.obj
                0x000000000800af34                HAL_InitTick
 .text.NMI_Handler
                0x000000000800afd8        0x2 CMakeFiles/gimbal_task.elf.dir/Src/stm32f4xx_it.c.obj
                0x000000000800afd8                NMI_Handler
 .text.HardFault_Handler
                0x000000000800afda        0x2 CMakeFiles/gimbal_task.elf.dir/Src/stm32f4xx_it.c.obj
                0x000000000800afda                HardFault_Handler
 .text.MemManage_Handler
                0x000000000800afdc        0x2 CMakeFiles/gimbal_task.elf.dir/Src/stm32f4xx_it.c.obj
                0x000000000800afdc                MemManage_Handler
 .text.BusFault_Handler
                0x000000000800afde        0x2 CMakeFiles/gimbal_task.elf.dir/Src/stm32f4xx_it.c.obj
                0x000000000800afde                BusFault_Handler
 .text.UsageFault_Handler
                0x000000000800afe0        0x2 CMakeFiles/gimbal_task.elf.dir/Src/stm32f4xx_it.c.obj
                0x000000000800afe0                UsageFault_Handler
 .text.DebugMon_Handler
                0x000000000800afe2        0x2 CMakeFiles/gimbal_task.elf.dir/Src/stm32f4xx_it.c.obj
                0x000000000800afe2                DebugMon_Handler
 .text.CAN1_RX0_IRQHandler
                0x000000000800afe4       0x10 CMakeFiles/gimbal_task.elf.dir/Src/stm32f4xx_it.c.obj
                0x000000000800afe4                CAN1_RX0_IRQHandler
 .text.CAN1_RX1_IRQHandler
                0x000000000800aff4       0x10 CMakeFiles/gimbal_task.elf.dir/Src/stm32f4xx_it.c.obj
                0x000000000800aff4                CAN1_RX1_IRQHandler
 .text.USART1_IRQHandler
                0x000000000800b004       0x10 CMakeFiles/gimbal_task.elf.dir/Src/stm32f4xx_it.c.obj
                0x000000000800b004                USART1_IRQHandler
 .text.TIM6_DAC_IRQHandler
                0x000000000800b014       0x10 CMakeFiles/gimbal_task.elf.dir/Src/stm32f4xx_it.c.obj
                0x000000000800b014                TIM6_DAC_IRQHandler
 .text.DMA2_Stream1_IRQHandler
                0x000000000800b024       0x10 CMakeFiles/gimbal_task.elf.dir/Src/stm32f4xx_it.c.obj
                0x000000000800b024                DMA2_Stream1_IRQHandler
 .text.OTG_FS_IRQHandler
                0x000000000800b034       0x10 CMakeFiles/gimbal_task.elf.dir/Src/stm32f4xx_it.c.obj
                0x000000000800b034                OTG_FS_IRQHandler
 .text.DMA2_Stream5_IRQHandler
                0x000000000800b044       0x10 CMakeFiles/gimbal_task.elf.dir/Src/stm32f4xx_it.c.obj
                0x000000000800b044                DMA2_Stream5_IRQHandler
 .text.DMA2_Stream6_IRQHandler
                0x000000000800b054       0x10 CMakeFiles/gimbal_task.elf.dir/Src/stm32f4xx_it.c.obj
                0x000000000800b054                DMA2_Stream6_IRQHandler
 .text.DMA2_Stream7_IRQHandler
                0x000000000800b064       0x10 CMakeFiles/gimbal_task.elf.dir/Src/stm32f4xx_it.c.obj
                0x000000000800b064                DMA2_Stream7_IRQHandler
 .text._sbrk    0x000000000800b074       0x48 CMakeFiles/gimbal_task.elf.dir/Src/sysmem.c.obj
                0x000000000800b074                _sbrk
 .text.SystemInit
                0x000000000800b0bc       0x14 CMakeFiles/gimbal_task.elf.dir/Src/system_stm32f4xx.c.obj
                0x000000000800b0bc                SystemInit
 .text.HAL_TIM_Base_MspInit
                0x000000000800b0d0       0xe4 CMakeFiles/gimbal_task.elf.dir/Src/tim.c.obj
                0x000000000800b0d0                HAL_TIM_Base_MspInit
 .text.HAL_TIM_MspPostInit
                0x000000000800b1b4      0x1d0 CMakeFiles/gimbal_task.elf.dir/Src/tim.c.obj
                0x000000000800b1b4                HAL_TIM_MspPostInit
 .text.MX_TIM1_Init
                0x000000000800b384      0x110 CMakeFiles/gimbal_task.elf.dir/Src/tim.c.obj
                0x000000000800b384                MX_TIM1_Init
 .text.MX_TIM3_Init
                0x000000000800b494       0xac CMakeFiles/gimbal_task.elf.dir/Src/tim.c.obj
                0x000000000800b494                MX_TIM3_Init
 .text.MX_TIM4_Init
                0x000000000800b540       0xb0 CMakeFiles/gimbal_task.elf.dir/Src/tim.c.obj
                0x000000000800b540                MX_TIM4_Init
 .text.MX_TIM5_Init
                0x000000000800b5f0       0xd4 CMakeFiles/gimbal_task.elf.dir/Src/tim.c.obj
                0x000000000800b5f0                MX_TIM5_Init
 .text.MX_TIM8_Init
                0x000000000800b6c4      0x100 CMakeFiles/gimbal_task.elf.dir/Src/tim.c.obj
                0x000000000800b6c4                MX_TIM8_Init
 .text.MX_TIM10_Init
                0x000000000800b7c4       0x74 CMakeFiles/gimbal_task.elf.dir/Src/tim.c.obj
                0x000000000800b7c4                MX_TIM10_Init
 .text.MX_USART1_UART_Init
                0x000000000800b838       0x34 CMakeFiles/gimbal_task.elf.dir/Src/usart.c.obj
                0x000000000800b838                MX_USART1_UART_Init
 .text.MX_USART3_UART_Init
                0x000000000800b86c       0x3c CMakeFiles/gimbal_task.elf.dir/Src/usart.c.obj
                0x000000000800b86c                MX_USART3_UART_Init
 .text.MX_USART6_UART_Init
                0x000000000800b8a8       0x34 CMakeFiles/gimbal_task.elf.dir/Src/usart.c.obj
                0x000000000800b8a8                MX_USART6_UART_Init
 .text.HAL_UART_MspInit
                0x000000000800b8dc      0x2c8 CMakeFiles/gimbal_task.elf.dir/Src/usart.c.obj
                0x000000000800b8dc                HAL_UART_MspInit
 .text.MX_USB_DEVICE_Init
                0x000000000800bba4       0x54 CMakeFiles/gimbal_task.elf.dir/Src/usb_device.c.obj
                0x000000000800bba4                MX_USB_DEVICE_Init
 .text.CDC_DeInit_FS
                0x000000000800bbf8        0x4 CMakeFiles/gimbal_task.elf.dir/Src/usbd_cdc_if.c.obj
 .text.CDC_Control_FS
                0x000000000800bbfc        0x4 CMakeFiles/gimbal_task.elf.dir/Src/usbd_cdc_if.c.obj
 .text.CDC_TransmitCplt_FS
                0x000000000800bc00        0x4 CMakeFiles/gimbal_task.elf.dir/Src/usbd_cdc_if.c.obj
 .text.CDC_Receive_FS
                0x000000000800bc04       0x1c CMakeFiles/gimbal_task.elf.dir/Src/usbd_cdc_if.c.obj
 .text.CDC_Init_FS
                0x000000000800bc20       0x28 CMakeFiles/gimbal_task.elf.dir/Src/usbd_cdc_if.c.obj
 .text.HAL_PCD_MspInit
                0x000000000800bc48       0x84 CMakeFiles/gimbal_task.elf.dir/Src/usbd_conf.c.obj
                0x000000000800bc48                HAL_PCD_MspInit
 .text.HAL_PCD_SetupStageCallback
                0x000000000800bccc       0x10 CMakeFiles/gimbal_task.elf.dir/Src/usbd_conf.c.obj
                0x000000000800bccc                HAL_PCD_SetupStageCallback
 .text.HAL_PCD_DataOutStageCallback
                0x000000000800bcdc       0x18 CMakeFiles/gimbal_task.elf.dir/Src/usbd_conf.c.obj
                0x000000000800bcdc                HAL_PCD_DataOutStageCallback
 .text.HAL_PCD_DataInStageCallback
                0x000000000800bcf4       0x16 CMakeFiles/gimbal_task.elf.dir/Src/usbd_conf.c.obj
                0x000000000800bcf4                HAL_PCD_DataInStageCallback
 .text.HAL_PCD_SOFCallback
                0x000000000800bd0a        0xc CMakeFiles/gimbal_task.elf.dir/Src/usbd_conf.c.obj
                0x000000000800bd0a                HAL_PCD_SOFCallback
 .text.HAL_PCD_ResetCallback
                0x000000000800bd16       0x28 CMakeFiles/gimbal_task.elf.dir/Src/usbd_conf.c.obj
                0x000000000800bd16                HAL_PCD_ResetCallback
 *fill*         0x000000000800bd3e        0x2 
 .text.HAL_PCD_SuspendCallback
                0x000000000800bd40       0x30 CMakeFiles/gimbal_task.elf.dir/Src/usbd_conf.c.obj
                0x000000000800bd40                HAL_PCD_SuspendCallback
 .text.HAL_PCD_ResumeCallback
                0x000000000800bd70        0xc CMakeFiles/gimbal_task.elf.dir/Src/usbd_conf.c.obj
                0x000000000800bd70                HAL_PCD_ResumeCallback
 .text.HAL_PCD_ISOOUTIncompleteCallback
                0x000000000800bd7c        0xc CMakeFiles/gimbal_task.elf.dir/Src/usbd_conf.c.obj
                0x000000000800bd7c                HAL_PCD_ISOOUTIncompleteCallback
 .text.HAL_PCD_ISOINIncompleteCallback
                0x000000000800bd88        0xc CMakeFiles/gimbal_task.elf.dir/Src/usbd_conf.c.obj
                0x000000000800bd88                HAL_PCD_ISOINIncompleteCallback
 .text.HAL_PCD_ConnectCallback
                0x000000000800bd94        0xc CMakeFiles/gimbal_task.elf.dir/Src/usbd_conf.c.obj
                0x000000000800bd94                HAL_PCD_ConnectCallback