Archive member included to satisfy reference by file (symbol)

/home/coffee/Gimbal/USER/components/algorithm/AHRS.lib(ahrs.o)
                              CMakeFiles/gimbal_task.elf.dir/USER/application/Task/INS_task.c.obj (AHRS_init)
/home/coffee/Gimbal/Middlewares/ST/ARM/DSP/Lib/libarm_cortexM4lf_math.a(arm_sin_f32.o)
                              CMakeFiles/gimbal_task.elf.dir/USER/application/module/gimbal/gimbal.c.obj (arm_sin_f32)
/home/coffee/Gimbal/Middlewares/ST/ARM/DSP/Lib/libarm_cortexM4lf_math.a(arm_cos_f32.o)
                              CMakeFiles/gimbal_task.elf.dir/USER/application/module/gimbal/gimbal.c.obj (arm_cos_f32)
/home/coffee/Gimbal/Middlewares/ST/ARM/DSP/Lib/libarm_cortexM4lf_math.a(arm_common_tables.o)
                              /home/coffee/Gimbal/Middlewares/ST/ARM/DSP/Lib/libarm_cortexM4lf_math.a(arm_sin_f32.o) (sinTable_f32)
/usr/lib/gcc/arm-none-eabi/10.3.1/thumb/v7e-m+fp/hard/libgcc.a(_arm_muldf3.o)
                              CMakeFiles/gimbal_task.elf.dir/USER/application/Task/led_task.c.obj (__aeabi_dmul)
/usr/lib/gcc/arm-none-eabi/10.3.1/thumb/v7e-m+fp/hard/libgcc.a(_arm_addsubdf3.o)
                              CMakeFiles/gimbal_task.elf.dir/USER/components/device/DJI_Motor/DJI_Motor.c.obj (__aeabi_dsub)
/usr/lib/gcc/arm-none-eabi/10.3.1/thumb/v7e-m+fp/hard/libgcc.a(_arm_muldivdf3.o)
                              CMakeFiles/gimbal_task.elf.dir/USER/application/Task/led_task.c.obj (__aeabi_ddiv)
/usr/lib/gcc/arm-none-eabi/10.3.1/thumb/v7e-m+fp/hard/libgcc.a(_arm_cmpdf2.o)
                              CMakeFiles/gimbal_task.elf.dir/USER/components/device/DJI_Motor/DJI_Motor.c.obj (__aeabi_dcmpgt)
/usr/lib/gcc/arm-none-eabi/10.3.1/thumb/v7e-m+fp/hard/libgcc.a(_arm_truncdfsf2.o)
                              CMakeFiles/gimbal_task.elf.dir/USER/application/Task/led_task.c.obj (__aeabi_d2f)
/usr/lib/gcc/arm-none-eabi/10.3.1/thumb/v7e-m+fp/hard/libgcc.a(_aeabi_uldivmod.o)
                              CMakeFiles/gimbal_task.elf.dir/Drivers/STM32F4xx_HAL_Driver/Src/stm32f4xx_hal_rcc.c.obj (__aeabi_uldivmod)
/usr/lib/gcc/arm-none-eabi/10.3.1/thumb/v7e-m+fp/hard/libgcc.a(_udivmoddi4.o)
                              /usr/lib/gcc/arm-none-eabi/10.3.1/thumb/v7e-m+fp/hard/libgcc.a(_aeabi_uldivmod.o) (__udivmoddi4)
/usr/lib/gcc/arm-none-eabi/10.3.1/thumb/v7e-m+fp/hard/libgcc.a(_dvmd_tls.o)
                              /usr/lib/gcc/arm-none-eabi/10.3.1/thumb/v7e-m+fp/hard/libgcc.a(_aeabi_uldivmod.o) (__aeabi_ldiv0)
/usr/lib/gcc/arm-none-eabi/10.3.1/../../../arm-none-eabi/lib/thumb/v7e-m+fp/hard/libg.a(lib_a-aeabi_memclr.o)
                              /home/coffee/Gimbal/USER/components/algorithm/AHRS.lib(ahrs.o) (__aeabi_memclr4)
/usr/lib/gcc/arm-none-eabi/10.3.1/../../../arm-none-eabi/lib/thumb/v7e-m+fp/hard/libg.a(lib_a-aeabi_memset-soft.o)
                              /usr/lib/gcc/arm-none-eabi/10.3.1/../../../arm-none-eabi/lib/thumb/v7e-m+fp/hard/libg.a(lib_a-aeabi_memclr.o) (__aeabi_memset)
/usr/lib/gcc/arm-none-eabi/10.3.1/../../../arm-none-eabi/lib/thumb/v7e-m+fp/hard/libg.a(lib_a-atexit.o)
                              /usr/lib/gcc/arm-none-eabi/10.3.1/../../../arm-none-eabi/lib/thumb/v7e-m+fp/hard/crt0.o (atexit)
/usr/lib/gcc/arm-none-eabi/10.3.1/../../../arm-none-eabi/lib/thumb/v7e-m+fp/hard/libg.a(lib_a-errno.o)
                              CMakeFiles/gimbal_task.elf.dir/Src/syscalls.c.obj (__errno)
/usr/lib/gcc/arm-none-eabi/10.3.1/../../../arm-none-eabi/lib/thumb/v7e-m+fp/hard/libg.a(lib_a-exit.o)
                              /usr/lib/gcc/arm-none-eabi/10.3.1/../../../arm-none-eabi/lib/thumb/v7e-m+fp/hard/crt0.o (exit)
/usr/lib/gcc/arm-none-eabi/10.3.1/../../../arm-none-eabi/lib/thumb/v7e-m+fp/hard/libg.a(lib_a-fini.o)
                              /usr/lib/gcc/arm-none-eabi/10.3.1/../../../arm-none-eabi/lib/thumb/v7e-m+fp/hard/crt0.o (__libc_fini_array)
/usr/lib/gcc/arm-none-eabi/10.3.1/../../../arm-none-eabi/lib/thumb/v7e-m+fp/hard/libg.a(lib_a-impure.o)
                              /usr/lib/gcc/arm-none-eabi/10.3.1/../../../arm-none-eabi/lib/thumb/v7e-m+fp/hard/libg.a(lib_a-exit.o) (_global_impure_ptr)
/usr/lib/gcc/arm-none-eabi/10.3.1/../../../arm-none-eabi/lib/thumb/v7e-m+fp/hard/libg.a(lib_a-init.o)
                              /usr/lib/gcc/arm-none-eabi/10.3.1/../../../arm-none-eabi/lib/thumb/v7e-m+fp/hard/crt0.o (__libc_init_array)
/usr/lib/gcc/arm-none-eabi/10.3.1/../../../arm-none-eabi/lib/thumb/v7e-m+fp/hard/libg.a(lib_a-malloc.o)
                              CMakeFiles/gimbal_task.elf.dir/USER/components/support/fifo.c.obj (malloc)
/usr/lib/gcc/arm-none-eabi/10.3.1/../../../arm-none-eabi/lib/thumb/v7e-m+fp/hard/libg.a(lib_a-mallocr.o)
                              /usr/lib/gcc/arm-none-eabi/10.3.1/../../../arm-none-eabi/lib/thumb/v7e-m+fp/hard/libg.a(lib_a-malloc.o) (_malloc_r)
/usr/lib/gcc/arm-none-eabi/10.3.1/../../../arm-none-eabi/lib/thumb/v7e-m+fp/hard/libg.a(lib_a-memcpy.o)
[...]
Memory Configuration

Name             Origin             Length             Attributes
CCMRAM           0x0000000010000000 0x0000000000010000 xrw
RAM              0x0000000020000000 0x0000000000020000 xrw
FLASH            0x0000000008000000 0x0000000000100000 xr
*default*        0x0000000000000000 0xffffffffffffffff

Linker script and memory map

LOAD /usr/lib/gcc/arm-none-eabi/10.3.1/thumb/v7e-m+fp/hard/crti.o
LOAD /usr/lib/gcc/arm-none-eabi/10.3.1/thumb/v7e-m+fp/hard/crtbegin.o
LOAD /usr/lib/gcc/arm-none-eabi/10.3.1/../../../arm-none-eabi/lib/thumb/v7e-m+fp/hard/crt0.o
LOAD CMakeFiles/gimbal_task.elf.dir/Drivers/STM32F4xx_HAL_Driver/Src/stm32f4xx_hal.c.obj
LOAD CMakeFiles/gimbal_task.elf.dir/Drivers/STM32F4xx_HAL_Driver/Src/stm32f4xx_hal_adc.c.obj
LOAD CMakeFiles/gimbal_task.elf.dir/Drivers/STM32F4xx_HAL_Driver/Src/stm32f4xx_hal_adc_ex.c.obj
LOAD CMakeFiles/gimbal_task.elf.dir/Drivers/STM32F4xx_HAL_Driver/Src/stm32f4xx_hal_can.c.obj
LOAD CMakeFiles/gimbal_task.elf.dir/Drivers/STM32F4xx_HAL_Driver/Src/stm32f4xx_hal_cortex.c.obj
LOAD CMakeFiles/gimbal_task.elf.dir/Drivers/STM32F4xx_HAL_Driver/Src/stm32f4xx_hal_crc.c.obj
LOAD CMakeFiles/gimbal_task.elf.dir/Drivers/STM32F4xx_HAL_Driver/Src/stm32f4xx_hal_dma.c.obj
LOAD CMakeFiles/gimbal_task.elf.dir/Drivers/STM32F4xx_HAL_Driver/Src/stm32f4xx_hal_dma_ex.c.obj
LOAD CMakeFiles/gimbal_task.elf.dir/Drivers/STM32F4xx_HAL_Driver/Src/stm32f4xx_hal_exti.c.obj
LOAD CMakeFiles/gimbal_task.elf.dir/Drivers/STM32F4xx_HAL_Driver/Src/stm32f4xx_hal_flash.c.obj
LOAD CMakeFiles/gimbal_task.elf.dir/Drivers/STM32F4xx_HAL_Driver/Src/stm32f4xx_hal_flash_ex.c.obj
LOAD CMakeFiles/gimbal_task.elf.dir/Drivers/STM32F4xx_HAL_Driver/Src/stm32f4xx_hal_flash_ramfunc.c.obj
LOAD CMakeFiles/gimbal_task.elf.dir/Drivers/STM32F4xx_HAL_Driver/Src/stm32f4xx_hal_gpio.c.obj
LOAD CMakeFiles/gimbal_task.elf.dir/Drivers/STM32F4xx_HAL_Driver/Src/stm32f4xx_hal_i2c.c.obj
LOAD CMakeFiles/gimbal_task.elf.dir/Drivers/STM32F4xx_HAL_Driver/Src/stm32f4xx_hal_i2c_ex.c.obj
LOAD CMakeFiles/gimbal_task.elf.dir/Drivers/STM32F4xx_HAL_Driver/Src/stm32f4xx_hal_pcd.c.obj
LOAD CMakeFiles/gimbal_task.elf.dir/Drivers/STM32F4xx_HAL_Driver/Src/stm32f4xx_hal_pcd_ex.c.obj
LOAD CMakeFiles/gimbal_task.elf.dir/Drivers/STM32F4xx_HAL_Driver/Src/stm32f4xx_hal_pwr.c.obj
LOAD CMakeFiles/gimbal_task.elf.dir/Drivers/STM32F4xx_HAL_Driver/Src/stm32f4xx_hal_pwr_ex.c.obj
LOAD CMakeFiles/gimbal_task.elf.dir/Drivers/STM32F4xx_HAL_Driver/Src/stm32f4xx_hal_rcc.c.obj
LOAD CMakeFiles/gimbal_task.elf.dir/Drivers/STM32F4xx_HAL_Driver/Src/stm32f4xx_hal_rcc_ex.c.obj
LOAD CMakeFiles/gimbal_task.elf.dir/Drivers/STM32F4xx_HAL_Driver/Src/stm32f4xx_hal_rng.c.obj
LOAD CMakeFiles/gimbal_task.elf.dir/Drivers/STM32F4xx_HAL_Driver/Src/stm32f4xx_hal_rtc.c.obj
LOAD CMakeFiles/gimbal_task.elf.dir/Drivers/STM32F4xx_HAL_Driver/Src/stm32f4xx_hal_rtc_ex.c.obj
LOAD CMakeFiles/gimbal_task.elf.dir/Drivers/STM32F4xx_HAL_Driver/Src/stm32f4xx_hal_spi.c.obj
LOAD CMakeFiles/gimbal_task.elf.dir/Drivers/STM32F4xx_HAL_Driver/Src/stm32f4xx_hal_tim.c.obj
LOAD CMakeFiles/gimbal_task.elf.dir/Drivers/STM32F4xx_HAL_Driver/Src/stm32f4xx_hal_tim_ex.c.obj
LOAD CMakeFiles/gimbal_task.elf.dir/Drivers/STM32F4xx_HAL_Driver/Src/stm32f4xx_hal_uart.c.obj
LOAD CMakeFiles/gimbal_task.elf.dir/Drivers/STM32F4xx_HAL_Driver/Src/stm32f4xx_ll_adc.c.obj
LOAD CMakeFiles/gimbal_task.elf.dir/Drivers/STM32F4xx_HAL_Driver/Src/stm32f4xx_ll_usb.c.obj
LOAD CMakeFiles/gimbal_task.elf.dir/Middlewares/ST/STM32_USB_Device_Library/Class/CDC/Src/usbd_cdc.c.obj
LOAD CMakeFiles/gimbal_task.elf.dir/Middlewares/ST/STM32_USB_Device_Library/Core/Src/usbd_core.c.obj
LOAD CMakeFiles/gimbal_task.elf.dir/Middlewares/ST/STM32_USB_Device_Library/Core/Src/usbd_ctlreq.c.obj
LOAD CMakeFiles/gimbal_task.elf.dir/Middlewares/ST/STM32_USB_Device_Library/Core/Src/usbd_ioreq.c.obj
LOAD CMakeFiles/gimbal_task.elf.dir/Middlewares/Third_Party/FreeRTOS/Source/CMSIS_RTOS/cmsis_os.c.obj
LOAD CMakeFiles/gimbal_task.elf.dir/Middlewares/Third_Party/FreeRTOS/Source/croutine.c.obj
LOAD CMakeFiles/gimbal_task.elf.dir/Middlewares/Third_Party/FreeRTOS/Source/event_groups.c.obj
LOAD CMakeFiles/gimbal_task.elf.dir/Middlewares/Third_Party/FreeRTOS/Source/list.c.obj
LOAD CMakeFiles/gimbal_task.elf.dir/Middlewares/Third_Party/FreeRTOS/Source/portable/GCC/ARM_CM4F/port.c.obj
LOAD CMakeFiles/gimbal_task.elf.dir/Middlewares/Third_Party/FreeRTOS/Source/portable/MemMang/heap_4.c.obj
LOAD CMakeFiles/gimbal_task.elf.dir/Middlewares/Third_Party/FreeRTOS/Source/queue.c.obj
LOAD CMakeFiles/gimbal_task.elf.dir/Middlewares/Third_Party/FreeRTOS/Source/stream_buffer.c.obj
LOAD CMakeFiles/gimbal_task.elf.dir/Middlewares/Third_Party/FreeRTOS/Source/tasks.c.obj
LOAD CMakeFiles/gimbal_task.elf.dir/Middlewares/Third_Party/FreeRTOS/Source/timers.c.obj
LOAD CMakeFiles/gimbal_task.elf.dir/Src/adc.c.obj
LOAD CMakeFiles/gimbal_task.elf.dir/Src/can.c.obj
LOAD CMakeFiles/gimbal_task.elf.dir/Src/crc.c.obj
LOAD CMakeFiles/gimbal_task.elf.dir/Src/dma.c.obj
LOAD CMakeFiles/gimbal_task.elf.dir/Src/freertos.c.obj
LOAD CMakeFiles/gimbal_task.elf.dir/Src/gpio.c.obj
LOAD CMakeFiles/gimbal_task.elf.dir/Src/i2c.c.obj
LOAD CMakeFiles/gimbal_task.elf.dir/Src/main.c.obj
LOAD CMakeFiles/gimbal_task.elf.dir/Src/rng.c.obj
LOAD CMakeFiles/gimbal_task.elf.dir/Src/rtc.c.obj
LOAD CMakeFiles/gimbal_task.elf.dir/Src/spi.c.obj
LOAD CMakeFiles/gimbal_task.elf.dir/Src/stm32f4xx_hal_msp.c.obj
LOAD CMakeFiles/gimbal_task.elf.dir/Src/stm32f4xx_hal_timebase_tim.c.obj
LOAD CMakeFiles/gimbal_task.elf.dir/Src/stm32f4xx_it.c.obj
LOAD CMakeFiles/gimbal_task.elf.dir/Src/syscalls.c.obj
LOAD CMakeFiles/gimbal_task.elf.dir/Src/sysmem.c.obj
LOAD CMakeFiles/gimbal_task.elf.dir/Src/system_stm32f4xx.c.obj
LOAD CMakeFiles/gimbal_task.elf.dir/Src/tim.c.obj
LOAD CMakeFiles/gimbal_task.elf.dir/Src/usart.c.obj
LOAD CMakeFiles/gimbal_task.elf.dir/Src/usb_device.c.obj
LOAD CMakeFiles/gimbal_task.elf.dir/Src/usbd_cdc_if.c.obj
LOAD CMakeFiles/gimbal_task.elf.dir/Src/usbd_conf.c.obj
LOAD CMakeFiles/gimbal_task.elf.dir/Src/usbd_desc.c.obj
LOAD CMakeFiles/gimbal_task.elf.dir/Startup/startup_stm32f407ighx.s.obj
LOAD CMakeFiles/gimbal_task.elf.dir/USER/application/Task/INS_task.c.obj
LOAD CMakeFiles/gimbal_task.elf.dir/USER/application/Task/gimbal_task.c.obj
LOAD CMakeFiles/gimbal_task.elf.dir/USER/application/Task/led_task.c.obj
LOAD CMakeFiles/gimbal_task.elf.dir/USER/application/Task/usb_task.c.obj
LOAD CMakeFiles/gimbal_task.elf.dir/USER/application/callback/Can_Callback.c.obj
LOAD CMakeFiles/gimbal_task.elf.dir/USER/application/callback/usb_callback.c.obj
LOAD CMakeFiles/gimbal_task.elf.dir/USER/application/module/gimbal/gimbal.c.obj
LOAD CMakeFiles/gimbal_task.elf.dir/USER/application/module/gimbal/gimbal_behaviour.c.obj
LOAD CMakeFiles/gimbal_task.elf.dir/USER/application/module/imu/imu.c.obj
LOAD CMakeFiles/gimbal_task.elf.dir/USER/components/algorithm/AHRS_middleware.c.obj
LOAD CMakeFiles/gimbal_task.elf.dir/USER/components/algorithm/user_lib.c.obj
LOAD CMakeFiles/gimbal_task.elf.dir/USER/components/bsp/bsp_adc.c.obj
LOAD CMakeFiles/gimbal_task.elf.dir/USER/components/bsp/bsp_buzzer.c.obj
LOAD CMakeFiles/gimbal_task.elf.dir/USER/components/bsp/bsp_can.c.obj
LOAD CMakeFiles/gimbal_task.elf.dir/USER/components/bsp/bsp_crc32.c.obj
LOAD CMakeFiles/gimbal_task.elf.dir/USER/components/bsp/bsp_delay.c.obj
LOAD CMakeFiles/gimbal_task.elf.dir/USER/components/bsp/bsp_flash.c.obj
LOAD CMakeFiles/gimbal_task.elf.dir/USER/components/bsp/bsp_fric.c.obj
LOAD CMakeFiles/gimbal_task.elf.dir/USER/components/bsp/bsp_i2c.c.obj
LOAD CMakeFiles/gimbal_task.elf.dir/USER/components/bsp/bsp_imu_pwm.c.obj
LOAD CMakeFiles/gimbal_task.elf.dir/USER/components/bsp/bsp_laser.c.obj
LOAD CMakeFiles/gimbal_task.elf.dir/USER/components/bsp/bsp_led.c.obj
LOAD CMakeFiles/gimbal_task.elf.dir/USER/components/bsp/bsp_rc.c.obj
LOAD CMakeFiles/gimbal_task.elf.dir/USER/components/bsp/bsp_rng.c.obj
LOAD CMakeFiles/gimbal_task.elf.dir/USER/components/bsp/bsp_servo_pwm.c.obj
LOAD CMakeFiles/gimbal_task.elf.dir/USER/components/bsp/bsp_spi.c.obj
LOAD CMakeFiles/gimbal_task.elf.dir/USER/components/bsp/bsp_usart.c.obj
LOAD CMakeFiles/gimbal_task.elf.dir/USER/components/controller/pid.c.obj
LOAD CMakeFiles/gimbal_task.elf.dir/USER/components/device/DJI_Motor/DJI_Motor.c.obj
LOAD CMakeFiles/gimbal_task.elf.dir/USER/components/device/DM/DM_4310.c.obj
LOAD CMakeFiles/gimbal_task.elf.dir/USER/components/device/DT7/DT7.c.obj
LOAD CMakeFiles/gimbal_task.elf.dir/USER/components/device/bmi088/BMI088Middleware.c.obj
LOAD CMakeFiles/gimbal_task.elf.dir/USER/components/device/bmi088/BMI088driver.c.obj
LOAD CMakeFiles/gimbal_task.elf.dir/USER/components/device/ist8310/ist8310driver.c.obj
LOAD CMakeFiles/gimbal_task.elf.dir/USER/components/device/ist8310/ist8310driver_middleware.c.obj
LOAD CMakeFiles/gimbal_task.elf.dir/USER/components/support/CRC8_CRC16.c.obj
LOAD CMakeFiles/gimbal_task.elf.dir/USER/components/support/fifo.c.obj
LOAD CMakeFiles/gimbal_task.elf.dir/USER/components/support/mem_mang4.c.obj
LOAD /home/coffee/Gimbal/USER/components/algorithm/AHRS.lib
LOAD /home/coffee/Gimbal/Middlewares/ST/ARM/DSP/Lib/libarm_cortexM4lf_math.a
START GROUP
LOAD /usr/lib/gcc/arm-none-eabi/10.3.1/thumb/v7e-m+fp/hard/libgcc.a
LOAD /usr/lib/gcc/arm-none-eabi/10.3.1/../../../arm-none-eabi/lib/thumb/v7e-m+fp/hard/libg.a
LOAD /usr/lib/gcc/arm-none-eabi/10.3.1/../../../arm-none-eabi/lib/thumb/v7e-m+fp/hard/libc.a
END GROUP
LOAD /usr/lib/gcc/arm-none-eabi/10.3.1/thumb/v7e-m+fp/hard/crtend.o
LOAD /usr/lib/gcc/arm-none-eabi/10.3.1/thumb/v7e-m+fp/hard/crtn.o
                0x0000000020020000                _estack = (ORIGIN (RAM) + LENGTH (RAM))
                0x0000000000002000                _Min_Heap_Size = 0x2000
                0x0000000000002000                _Min_Stack_Size = 0x2000

.isr_vector     0x0000000008000000      0x188
                0x0000000008000000                . = ALIGN (0x4)
 *(.isr_vector)
 .isr_vector    0x0000000008000000      0x188 CMakeFiles/gimbal_task.elf.dir/Startup/startup_stm32f407ighx.s.obj
                0x0000000008000000                g_pfnVectors
                0x0000000008000188                . = ALIGN (0x4)

.text           0x00000000080001c0     0xe51c
                0x00000000080001c0                . = ALIGN (0x4)
 *(.text)
 .text          0x00000000080001c0       0x88 /usr/lib/gcc/arm-none-eabi/10.3.1/thumb/v7e-m+fp/hard/crtbegin.o
 .text          0x0000000008000248      0x378 /usr/lib/gcc/arm-none-eabi/10.3.1/thumb/v7e-m+fp/hard/libgcc.a(_arm_addsubdf3.o)
                0x0000000008000248                __aeabi_drsub
                0x0000000008000250                __aeabi_dsub
                0x0000000008000250                __subdf3
                0x0000000008000254                __adddf3
                0x0000000008000254                __aeabi_dadd
                0x00000000080004cc                __aeabi_ui2d
                0x00000000080004cc                __floatunsidf
                0x00000000080004ec                __floatsidf
                0x00000000080004ec                __aeabi_i2d
                0x0000000008000510                __extendsfdf2
                0x0000000008000510                __aeabi_f2d
                0x0000000008000554                __aeabi_ul2d
                0x0000000008000554                __floatundidf
                0x0000000008000564                __floatdidf
                0x0000000008000564                __aeabi_l2d
 .text          0x00000000080005c0      0x424 /usr/lib/gcc/arm-none-eabi/10.3.1/thumb/v7e-m+fp/hard/libgcc.a(_arm_muldivdf3.o)
                0x00000000080005c0                __aeabi_dmul
                0x00000000080005c0                __muldf3
                0x0000000008000814                __aeabi_ddiv
                0x0000000008000814                __divdf3
 .text          0x00000000080009e4      0x110 /usr/lib/gcc/arm-none-eabi/10.3.1/thumb/v7e-m+fp/hard/libgcc.a(_arm_cmpdf2.o)
                0x00000000080009e4                __gtdf2
                0x00000000080009e4                __gedf2
                0x00000000080009ec                __ltdf2
                0x00000000080009ec                __ledf2
                0x00000000080009f4                __cmpdf2
                0x00000000080009f4                __eqdf2
                0x00000000080009f4                __nedf2
                0x0000000008000a70                __aeabi_cdrcmple
                0x0000000008000a80                __aeabi_cdcmple
                0x0000000008000a80                __aeabi_cdcmpeq
                0x0000000008000a90                __aeabi_dcmpeq
                0x0000000008000aa4                __aeabi_dcmplt
                0x0000000008000ab8                __aeabi_dcmple
                0x0000000008000acc                __aeabi_dcmpge
                0x0000000008000ae0                __aeabi_dcmpgt
 .text          0x0000000008000af4       0xa0 /usr/lib/gcc/arm-none-eabi/10.3.1/thumb/v7e-m+fp/hard/libgcc.a(_arm_truncdfsf2.o)
                0x0000000008000af4                __aeabi_d2f
                0x0000000008000af4                __truncdfsf2
 .text          0x0000000008000b94       0x30 /usr/lib/gcc/arm-none-eabi/10.3.1/thumb/v7e-m+fp/hard/libgcc.a(_aeabi_uldivmod.o)
                0x0000000008000b94                __aeabi_uldivmod
 .text          0x0000000008000bc4      0x2d0 /usr/lib/gcc/arm-none-eabi/10.3.1/thumb/v7e-m+fp/hard/libgcc.a(_udivmoddi4.o)
                0x0000000008000bc4                __udivmoddi4
 .text          0x0000000008000e94        0x4 /usr/lib/gcc/arm-none-eabi/10.3.1/thumb/v7e-m+fp/hard/libgcc.a(_dvmd_tls.o)
                0x0000000008000e94                __aeabi_ldiv0
                0x0000000008000e94                __aeabi_idiv0
 .text          0x0000000008000e98        0x8 /usr/lib/gcc/arm-none-eabi/10.3.1/../../../arm-none-eabi/lib/thumb/v7e-m+fp/hard/libg.a(lib_a-aeabi_memclr.o)
                0x0000000008000e98                __aeabi_memclr8
                0x0000000008000e98                __aeabi_memclr
                0x0000000008000e98                __aeabi_memclr4
 .text          0x0000000008000ea0       0x9a /usr/lib/gcc/arm-none-eabi/10.3.1/../../../arm-none-eabi/lib/thumb/v7e-m+fp/hard/libg.a(lib_a-aeabi_memset-soft.o)
                0x0000000008000ea0                __aeabi_memset
                0x0000000008000ea0                __aeabi_memset8
                0x0000000008000ea0                __aeabi_memset4
 *fill*         0x0000000008000f3a        0x2 
 .text          0x0000000008000f3c        0xc /usr/lib/gcc/arm-none-eabi/10.3.1/../../../arm-none-eabi/lib/thumb/v7e-m+fp/hard/libg.a(lib_a-atexit.o)
                0x0000000008000f3c                atexit
 .text          0x0000000008000f48        0xc /usr/lib/gcc/arm-none-eabi/10.3.1/../../../arm-none-eabi/lib/thumb/v7e-m+fp/hard/libg.a(lib_a-errno.o)
                0x0000000008000f48                __errno
 .text          0x0000000008000f54       0x2c /usr/lib/gcc/arm-none-eabi/10.3.1/../../../arm-none-eabi/lib/thumb/v7e-m+fp/hard/libg.a(lib_a-fini.o)
                0x0000000008000f54                __libc_fini_array
 .text          0x0000000008000f80       0x48 /usr/lib/gcc/arm-none-eabi/10.3.1/../../../arm-none-eabi/lib/thumb/v7e-m+fp/hard/libg.a(lib_a-init.o)
                0x0000000008000f80                __libc_init_array
 .text          0x0000000008000fc8      0x134 /usr/lib/gcc/arm-none-eabi/10.3.1/../../../arm-none-eabi/lib/thumb/v7e-m+fp/hard/libg.a(lib_a-memcpy.o)
                0x0000000008000fc8                memcpy
 .text          0x00000000080010fc       0xa4 /usr/lib/gcc/arm-none-eabi/10.3.1/../../../arm-none-eabi/lib/thumb/v7e-m+fp/hard/libg.a(lib_a-memset.o)
                0x00000000080010fc                memset
 .text          0x00000000080011a0        0x8 /usr/lib/gcc/arm-none-eabi/10.3.1/../../../arm-none-eabi/lib/thumb/v7e-m+fp/hard/libg.a(lib_a-mlock.o)
                0x00000000080011a0                __malloc_lock
                0x00000000080011a4                __malloc_unlock
 .text          0x00000000080011a8       0xd8 /usr/lib/gcc/arm-none-eabi/10.3.1/../../../arm-none-eabi/lib/thumb/v7e-m+fp/hard/libg.a(lib_a-reent.o)
                0x00000000080011a8                cleanup_glue
                0x00000000080011f0                _reclaim_reent
 .text          0x0000000008001280       0x24 /usr/lib/gcc/arm-none-eabi/10.3.1/../../../arm-none-eabi/lib/thumb/v7e-m+fp/hard/libg.a(lib_a-sbrkr.o)
                0x0000000008001280                _sbrk_r
 *fill*         0x00000000080012a4       0x1c 
 .text          0x00000000080012c0       0xdc /usr/lib/gcc/arm-none-eabi/10.3.1/../../../arm-none-eabi/lib/thumb/v7e-m+fp/hard/libg.a(lib_a-strlen.o)
                0x00000000080012c0                strlen
 .text          0x000000000800139c       0x68 /usr/lib/gcc/arm-none-eabi/10.3.1/../../../arm-none-eabi/lib/thumb/v7e-m+fp/hard/libg.a(lib_a-__atexit.o)
                0x000000000800139c                __register_exitproc
 .text          0x0000000008001404      0x2ac /usr/lib/gcc/arm-none-eabi/10.3.1/../../../arm-none-eabi/lib/thumb/v7e-m+fp/hard/libg.a(lib_a-freer.o)
                0x0000000008001404                _malloc_trim_r
                0x00000000080014a4                _free_r
 .text          0x00000000080016b0       0x74 /usr/lib/gcc/arm-none-eabi/10.3.1/../../../arm-none-eabi/lib/thumb/v7e-m+fp/hard/libm.a(lib_a-sf_sin.o)
                0x00000000080016b0                sinf
 .text          0x0000000008001724       0x68 /usr/lib/gcc/arm-none-eabi/10.3.1/../../../arm-none-eabi/lib/thumb/v7e-m+fp/hard/libm.a(lib_a-wf_asin.o)
                0x0000000008001724                asinf
 .text          0x000000000800178c        0x4 /usr/lib/gcc/arm-none-eabi/10.3.1/../../../arm-none-eabi/lib/thumb/v7e-m+fp/hard/libm.a(lib_a-wf_atan2.o)
                0x000000000800178c                atan2f
 .text          0x0000000008001790       0x50 /usr/lib/gcc/arm-none-eabi/10.3.1/../../../arm-none-eabi/lib/thumb/v7e-m+fp/hard/libm.a(lib_a-wf_sqrt.o)
                0x0000000008001790                sqrtf
 .text          0x00000000080017e0      0x20c /usr/lib/gcc/arm-none-eabi/10.3.1/../../../arm-none-eabi/lib/thumb/v7e-m+fp/hard/libm.a(lib_a-ef_asin.o)
                0x00000000080017e0                __ieee754_asinf
 .text          0x00000000080019ec      0x14c /usr/lib/gcc/arm-none-eabi/10.3.1/../../../arm-none-eabi/lib/thumb/v7e-m+fp/hard/libm.a(lib_a-ef_atan2.o)
                0x00000000080019ec                __ieee754_atan2f
 .text          0x0000000008001b38      0x264 /usr/lib/gcc/arm-none-eabi/10.3.1/../../../arm-none-eabi/lib/thumb/v7e-m+fp/hard/libm.a(lib_a-ef_rem_pio2.o)
                0x0000000008001b38                __ieee754_rem_pio2f
 .text          0x0000000008001d9c        0x8 /usr/lib/gcc/arm-none-eabi/10.3.1/../../../arm-none-eabi/lib/thumb/v7e-m+fp/hard/libm.a(lib_a-ef_sqrt.o)
                0x0000000008001d9c                __ieee754_sqrtf
 .text          0x0000000008001da4      0x104 /usr/lib/gcc/arm-none-eabi/10.3.1/../../../arm-none-eabi/lib/thumb/v7e-m+fp/hard/libm.a(lib_a-kf_cos.o)
                0x0000000008001da4                __kernel_cosf
 .text          0x0000000008001ea8      0x674 /usr/lib/gcc/arm-none-eabi/10.3.1/../../../arm-none-eabi/lib/thumb/v7e-m+fp/hard/libm.a(lib_a-kf_rem_pio2.o)
                0x0000000008001ea8                __kernel_rem_pio2f
 .text          0x000000000800251c       0x90 /usr/lib/gcc/arm-none-eabi/10.3.1/../../../arm-none-eabi/lib/thumb/v7e-m+fp/hard/libm.a(lib_a-kf_sin.o)
                0x000000000800251c                __kernel_sinf
 .text          0x00000000080025ac      0x1a8 /usr/lib/gcc/arm-none-eabi/10.3.1/../../../arm-none-eabi/lib/thumb/v7e-m+fp/hard/libm.a(lib_a-sf_atan.o)
                0x00000000080025ac                atanf
 .text          0x0000000008002754       0x10 /usr/lib/gcc/arm-none-eabi/10.3.1/../../../arm-none-eabi/lib/thumb/v7e-m+fp/hard/libm.a(lib_a-sf_fabs.o)
                0x0000000008002754                fabsf
 .text          0x0000000008002764       0x8c /usr/lib/gcc/arm-none-eabi/10.3.1/../../../arm-none-eabi/lib/thumb/v7e-m+fp/hard/libm.a(lib_a-sf_floor.o)
                0x0000000008002764                floorf
 .text          0x00000000080027f0        0xc /usr/lib/gcc/arm-none-eabi/10.3.1/../../../arm-none-eabi/lib/thumb/v7e-m+fp/hard/libm.a(lib_a-sf_nan.o)
                0x00000000080027f0                nanf
 .text          0x00000000080027fc       0xe4 /usr/lib/gcc/arm-none-eabi/10.3.1/../../../arm-none-eabi/lib/thumb/v7e-m+fp/hard/libm.a(lib_a-sf_scalbn.o)
                0x00000000080027fc                scalbnf
 *(.text*)
 .text.HAL_Init
                0x00000000080028e0       0x34 CMakeFiles/gimbal_task.elf.dir/Drivers/STM32F4xx_HAL_Driver/Src/stm32f4xx_hal.c.obj
                0x00000000080028e0                HAL_Init
 .text.HAL_IncTick
                0x0000000008002914       0x18 CMakeFiles/gimbal_task.elf.dir/Drivers/STM32F4xx_HAL_Driver/Src/stm32f4xx_hal.c.obj
                0x0000000008002914                HAL_IncTick
 .text.HAL_GetTick
                0x000000000800292c        0xc CMakeFiles/gimbal_task.elf.dir/Drivers/STM32F4xx_HAL_Driver/Src/stm32f4xx_hal.c.obj
                0x000000000800292c                HAL_GetTick
 .text.HAL_Delay
                0x0000000008002938       0x28 CMakeFiles/gimbal_task.elf.dir/Drivers/STM32F4xx_HAL_Driver/Src/stm32f4xx_hal.c.obj
                0x0000000008002938                HAL_Delay
 .text.ADC_Init
                0x0000000008002960      0x134 CMakeFiles/gimbal_task.elf.dir/Drivers/STM32F4xx_HAL_Driver/Src/stm32f4xx_hal_adc.c.obj
 .text.HAL_ADC_Init
                0x0000000008002a94       0x56 CMakeFiles/gimbal_task.elf.dir/Drivers/STM32F4xx_HAL_Driver/Src/stm32f4xx_hal_adc.c.obj
                0x0000000008002a94                HAL_ADC_Init
 *fill*         0x0000000008002aea        0x2 
 .text.HAL_ADC_Start
                0x0000000008002aec      0x144 CMakeFiles/gimbal_task.elf.dir/Drivers/STM32F4xx_HAL_Driver/Src/stm32f4xx_hal_adc.c.obj
                0x0000000008002aec                HAL_ADC_Start
 .text.HAL_ADC_PollForConversion
                0x0000000008002c30       0xb8 CMakeFiles/gimbal_task.elf.dir/Drivers/STM32F4xx_HAL_Driver/Src/stm32f4xx_hal_adc.c.obj
                0x0000000008002c30                HAL_ADC_PollForConversion
 .text.HAL_ADC_GetValue
                0x0000000008002ce8        0x6 CMakeFiles/gimbal_task.elf.dir/Drivers/STM32F4xx_HAL_Driver/Src/stm32f4xx_hal_adc.c.obj
                0x0000000008002ce8                HAL_ADC_GetValue
 *fill*         0x0000000008002cee        0x2 
 .text.HAL_ADC_ConfigChannel
                0x0000000008002cf0      0x198 CMakeFiles/gimbal_task.elf.dir/Drivers/STM32F4xx_HAL_Driver/Src/stm32f4xx_hal_adc.c.obj
                0x0000000008002cf0                HAL_ADC_ConfigChannel
 .text.HAL_CAN_Init
                0x0000000008002e88      0x14c CMakeFiles/gimbal_task.elf.dir/Drivers/STM32F4xx_HAL_Driver/Src/stm32f4xx_hal_can.c.obj
                0x0000000008002e88                HAL_CAN_Init
 .text.HAL_CAN_ConfigFilter
                0x0000000008002fd4      0x138 CMakeFiles/gimbal_task.elf.dir/Drivers/STM32F4xx_HAL_Driver/Src/stm32f4xx_hal_can.c.obj
                0x0000000008002fd4                HAL_CAN_ConfigFilter
 .text.HAL_CAN_Start
                0x000000000800310c       0x5c CMakeFiles/gimbal_task.elf.dir/Drivers/STM32F4xx_HAL_Driver/Src/stm32f4xx_hal_can.c.obj
                0x000000000800310c                HAL_CAN_Start
 .text.HAL_CAN_AddTxMessage
                0x0000000008003168       0xea CMakeFiles/gimbal_task.elf.dir/Drivers/STM32F4xx_HAL_Driver/Src/stm32f4xx_hal_can.c.obj
                0x0000000008003168                HAL_CAN_AddTxMessage
 .text.HAL_CAN_GetRxMessage
                0x0000000008003252      0x16a CMakeFiles/gimbal_task.elf.dir/Drivers/STM32F4xx_HAL_Driver/Src/stm32f4xx_hal_can.c.obj
                0x0000000008003252                HAL_CAN_GetRxMessage
 .text.HAL_CAN_ActivateNotification
                0x00000000080033bc       0x24 CMakeFiles/gimbal_task.elf.dir/Drivers/STM32F4xx_HAL_Driver/Src/stm32f4xx_hal_can.c.obj
                0x00000000080033bc                HAL_CAN_ActivateNotification
 .text.HAL_CAN_TxMailbox0CompleteCallback
                0x00000000080033e0        0x2 CMakeFiles/gimbal_task.elf.dir/Drivers/STM32F4xx_HAL_Driver/Src/stm32f4xx_hal_can.c.obj
                0x00000000080033e0                HAL_CAN_TxMailbox0CompleteCallback
 .text.HAL_CAN_TxMailbox1CompleteCallback
                0x00000000080033e2        0x2 CMakeFiles/gimbal_task.elf.dir/Drivers/STM32F4xx_HAL_Driver/Src/stm32f4xx_hal_can.c.obj
                0x00000000080033e2                HAL_CAN_TxMailbox1CompleteCallback
 .text.HAL_CAN_TxMailbox2CompleteCallback
                0x00000000080033e4        0x2 CMakeFiles/gimbal_task.elf.dir/Drivers/STM32F4xx_HAL_Driver/Src/stm32f4xx_hal_can.c.obj
                0x00000000080033e4                HAL_CAN_TxMailbox2CompleteCallback
 .text.HAL_CAN_TxMailbox0AbortCallback
                0x00000000080033e6        0x2 CMakeFiles/gimbal_task.elf.dir/Drivers/STM32F4xx_HAL_Driver/Src/stm32f4xx_hal_can.c.obj
                0x00000000080033e6                HAL_CAN_TxMailbox0AbortCallback
 .text.HAL_CAN_TxMailbox1AbortCallback
                0x00000000080033e8        0x2 CMakeFiles/gimbal_task.elf.dir/Drivers/STM32F4xx_HAL_Driver/Src/stm32f4xx_hal_can.c.obj
                0x00000000080033e8                HAL_CAN_TxMailbox1AbortCallback
 .text.HAL_CAN_TxMailbox2AbortCallback
                0x00000000080033ea        0x2 CMakeFiles/gimbal_task.elf.dir/Drivers/STM32F4xx_HAL_Driver/Src/stm32f4xx_hal_can.c.obj
                0x00000000080033ea                HAL_CAN_TxMailbox2AbortCallback
 .text.HAL_CAN_RxFifo0FullCallback
                0x00000000080033ec        0x2 CMakeFiles/gimbal_task.elf.dir/Drivers/STM32F4xx_HAL_Driver/Src/stm32f4xx_hal_can.c.obj
                0x00000000080033ec                HAL_CAN_RxFifo0FullCallback
 .text.HAL_CAN_RxFifo1MsgPendingCallback
                0x00000000080033ee        0x2 CMakeFiles/gimbal_task.elf.dir/Drivers/STM32F4xx_HAL_Driver/Src/stm32f4xx_hal_can.c.obj
                0x00000000080033ee                HAL_CAN_RxFifo1MsgPendingCallback
 .text.HAL_CAN_RxFifo1FullCallback
                0x00000000080033f0        0x2 CMakeFiles/gimbal_task.elf.dir/Drivers/STM32F4xx_HAL_Driver/Src/stm32f4xx_hal_can.c.obj
                0x00000000080033f0                HAL_CAN_RxFifo1FullCallback
 .text.HAL_CAN_SleepCallback
                0x00000000080033f2        0x2 CMakeFiles/gimbal_task.elf.dir/Drivers/STM32F4xx_HAL_Driver/Src/stm32f4xx_hal_can.c.obj
                0x00000000080033f2                HAL_CAN_SleepCallback
 .text.HAL_CAN_WakeUpFromRxMsgCallback
                0x00000000080033f4        0x2 CMakeFiles/gimbal_task.elf.dir/Drivers/STM32F4xx_HAL_Driver/Src/stm32f4xx_hal_can.c.obj
                0x00000000080033f4                HAL_CAN_WakeUpFromRxMsgCallback
 .text.HAL_CAN_ErrorCallback
                0x00000000080033f6        0x2 CMakeFiles/gimbal_task.elf.dir/Drivers/STM32F4xx_HAL_Driver/Src/stm32f4xx_hal_can.c.obj
                0x00000000080033f6                HAL_CAN_ErrorCallback
 .text.HAL_CAN_IRQHandler
                0x00000000080033f8      0x24a CMakeFiles/gimbal_task.elf.dir/Drivers/STM32F4xx_HAL_Driver/Src/stm32f4xx_hal_can.c.obj
                0x00000000080033f8                HAL_CAN_IRQHandler
 *fill*         0x0000000008003642        0x2 
 .text.HAL_NVIC_SetPriorityGrouping
                0x0000000008003644       0x24 CMakeFiles/gimbal_task.elf.dir/Drivers/STM32F4xx_HAL_Driver/Src/stm32f4xx_hal_cortex.c.obj
                0x0000000008003644                HAL_NVIC_SetPriorityGrouping
 .text.HAL_NVIC_SetPriority
                0x0000000008003668       0x70 CMakeFiles/gimbal_task.elf.dir/Drivers/STM32F4xx_HAL_Driver/Src/stm32f4xx_hal_cortex.c.obj
                0x0000000008003668                HAL_NVIC_SetPriority
 .text.HAL_NVIC_EnableIRQ
                0x00000000080036d8       0x1c CMakeFiles/gimbal_task.elf.dir/Drivers/STM32F4xx_HAL_Driver/Src/stm32f4xx_hal_cortex.c.obj
                0x00000000080036d8                HAL_NVIC_EnableIRQ
 .text.HAL_CRC_Init
                0x00000000080036f4       0x1e CMakeFiles/gimbal_task.elf.dir/Drivers/STM32F4xx_HAL_Driver/Src/stm32f4xx_hal_crc.c.obj
                0x00000000080036f4                HAL_CRC_Init
 *fill*         0x0000000008003712        0x2 
 .text.DMA_CalcBaseAndBitshift
                0x0000000008003714       0x44 CMakeFiles/gimbal_task.elf.dir/Drivers/STM32F4xx_HAL_Driver/Src/stm32f4xx_hal_dma.c.obj
 .text.DMA_CheckFifoParam
                0x0000000008003758       0x8e CMakeFiles/gimbal_task.elf.dir/Drivers/STM32F4xx_HAL_Driver/Src/stm32f4xx_hal_dma.c.obj
 *fill*         0x00000000080037e6        0x2 
 .text.HAL_DMA_Init
                0x00000000080037e8       0xcc CMakeFiles/gimbal_task.elf.dir/Drivers/STM32F4xx_HAL_Driver/Src/stm32f4xx_hal_dma.c.obj
                0x00000000080037e8                HAL_DMA_Init
 .text.HAL_DMA_Abort
                0x00000000080038b4       0x94 CMakeFiles/gimbal_task.elf.dir/Drivers/STM32F4xx_HAL_Driver/Src/stm32f4xx_hal_dma.c.obj
                0x00000000080038b4                HAL_DMA_Abort
 .text.HAL_DMA_Abort_IT
                0x0000000008003948       0x26 CMakeFiles/gimbal_task.elf.dir/Drivers/STM32F4xx_HAL_Driver/Src/stm32f4xx_hal_dma.c.obj
                0x0000000008003948                HAL_DMA_Abort_IT
 *fill*         0x000000000800396e        0x2 
 .text.HAL_DMA_IRQHandler
                0x0000000008003970      0x1dc CMakeFiles/gimbal_task.elf.dir/Drivers/STM32F4xx_HAL_Driver/Src/stm32f4xx_hal_dma.c.obj
                0x0000000008003970                HAL_DMA_IRQHandler
 .text.HAL_GPIO_Init
                0x0000000008003b4c      0x1e4 CMakeFiles/gimbal_task.elf.dir/Drivers/STM32F4xx_HAL_Driver/Src/stm32f4xx_hal_gpio.c.obj
                0x0000000008003b4c                HAL_GPIO_Init
 .text.HAL_GPIO_WritePin
                0x0000000008003d30        0xc CMakeFiles/gimbal_task.elf.dir/Drivers/STM32F4xx_HAL_Driver/Src/stm32f4xx_hal_gpio.c.obj
                0x0000000008003d30                HAL_GPIO_WritePin
 .text.HAL_I2C_Init
                0x0000000008003d3c      0x1bc CMakeFiles/gimbal_task.elf.dir/Drivers/STM32F4xx_HAL_Driver/Src/stm32f4xx_hal_i2c.c.obj
                0x0000000008003d3c                HAL_I2C_Init
 .text.PCD_WriteEmptyTxFifo
                0x0000000008003ef8       0xd0 CMakeFiles/gimbal_task.elf.dir/Drivers/STM32F4xx_HAL_Driver/Src/stm32f4xx_hal_pcd.c.obj
 .text.HAL_PCD_Init
                0x0000000008003fc8      0x102 CMakeFiles/gimbal_task.elf.dir/Drivers/STM32F4xx_HAL_Driver/Src/stm32f4xx_hal_pcd.c.obj
                0x0000000008003fc8                HAL_PCD_Init
 .text.HAL_PCD_Start
                0x00000000080040ca       0x44 CMakeFiles/gimbal_task.elf.dir/Drivers/STM32F4xx_HAL_Driver/Src/stm32f4xx_hal_pcd.c.obj
                0x00000000080040ca                HAL_PCD_Start
 *fill*         0x000000000800410e        0x2 
 .text.PCD_EP_OutXfrComplete_int
                0x0000000008004110      0x104 CMakeFiles/gimbal_task.elf.dir/Drivers/STM32F4xx_HAL_Driver/Src/stm32f4xx_hal_pcd.c.obj
 .text.PCD_EP_OutSetupPacket_int
                0x0000000008004214       0x50 CMakeFiles/gimbal_task.elf.dir/Drivers/STM32F4xx_HAL_Driver/Src/stm32f4xx_hal_pcd.c.obj
 .text.HAL_PCD_SetAddress
                0x0000000008004264       0x26 CMakeFiles/gimbal_task.elf.dir/Drivers/STM32F4xx_HAL_Driver/Src/stm32f4xx_hal_pcd.c.obj
                0x0000000008004264                HAL_PCD_SetAddress
 .text.HAL_PCD_EP_Open
                0x000000000800428a       0x8c CMakeFiles/gimbal_task.elf.dir/Drivers/STM32F4xx_HAL_Driver/Src/stm32f4xx_hal_pcd.c.obj
                0x000000000800428a                HAL_PCD_EP_Open
 .text.HAL_PCD_EP_Close
                0x0000000008004316       0x70 CMakeFiles/gimbal_task.elf.dir/Drivers/STM32F4xx_HAL_Driver/Src/stm32f4xx_hal_pcd.c.obj
                0x0000000008004316                HAL_PCD_EP_Close
 .text.HAL_PCD_EP_Receive
                0x0000000008004386       0x4a CMakeFiles/gimbal_task.elf.dir/Drivers/STM32F4xx_HAL_Driver/Src/stm32f4xx_hal_pcd.c.obj
                0x0000000008004386                HAL_PCD_EP_Receive
 .text.HAL_PCD_EP_GetRxCount
                0x00000000080043d0       0x12 CMakeFiles/gimbal_task.elf.dir/Drivers/STM32F4xx_HAL_Driver/Src/stm32f4xx_hal_pcd.c.obj
                0x00000000080043d0                HAL_PCD_EP_GetRxCount
 .text.HAL_PCD_EP_Transmit
                0x00000000080043e2       0x4a CMakeFiles/gimbal_task.elf.dir/Drivers/STM32F4xx_HAL_Driver/Src/stm32f4xx_hal_pcd.c.obj
                0x00000000080043e2                HAL_PCD_EP_Transmit
 .text.HAL_PCD_EP_SetStall
                0x000000000800442c       0x86 CMakeFiles/gimbal_task.elf.dir/Drivers/STM32F4xx_HAL_Driver/Src/stm32f4xx_hal_pcd.c.obj
                0x000000000800442c                HAL_PCD_EP_SetStall
 .text.HAL_PCD_EP_ClrStall
                0x00000000080044b2       0x74 CMakeFiles/gimbal_task.elf.dir/Drivers/STM32F4xx_HAL_Driver/Src/stm32f4xx_hal_pcd.c.obj
                0x00000000080044b2                HAL_PCD_EP_ClrStall
 .text.HAL_PCD_EP_Abort
                0x0000000008004526       0x34 CMakeFiles/gimbal_task.elf.dir/Drivers/STM32F4xx_HAL_Driver/Src/stm32f4xx_hal_pcd.c.obj
                0x0000000008004526                HAL_PCD_EP_Abort
 .text.HAL_PCD_IRQHandler
                0x000000000800455a      0x5ba CMakeFiles/gimbal_task.elf.dir/Drivers/STM32F4xx_HAL_Driver/Src/stm32f4xx_hal_pcd.c.obj
                0x000000000800455a                HAL_PCD_IRQHandler
 .text.HAL_PCDEx_SetTxFiFo
                0x0000000008004b14       0x4c CMakeFiles/gimbal_task.elf.dir/Drivers/STM32F4xx_HAL_Driver/Src/stm32f4xx_hal_pcd_ex.c.obj
                0x0000000008004b14                HAL_PCDEx_SetTxFiFo
 .text.HAL_PCDEx_SetRxFiFo
                0x0000000008004b60        0x8 CMakeFiles/gimbal_task.elf.dir/Drivers/STM32F4xx_HAL_Driver/Src/stm32f4xx_hal_pcd_ex.c.obj
                0x0000000008004b60                HAL_PCDEx_SetRxFiFo
 .text.HAL_PCDEx_LPM_Callback
                0x0000000008004b68        0x2 CMakeFiles/gimbal_task.elf.dir/Drivers/STM32F4xx_HAL_Driver/Src/stm32f4xx_hal_pcd_ex.c.obj
                0x0000000008004b68                HAL_PCDEx_LPM_Callback
 *fill*         0x0000000008004b6a        0x2 
 .text.HAL_RCC_OscConfig
                0x0000000008004b6c      0x3f8 CMakeFiles/gimbal_task.elf.dir/Drivers/STM32F4xx_HAL_Driver/Src/stm32f4xx_hal_rcc.c.obj
                0x0000000008004b6c                HAL_RCC_OscConfig
 .text.HAL_RCC_GetSysClockFreq
                0x0000000008004f64       0xa4 CMakeFiles/gimbal_task.elf.dir/Drivers/STM32F4xx_HAL_Driver/Src/stm32f4xx_hal_rcc.c.obj
                0x0000000008004f64                HAL_RCC_GetSysClockFreq
 .text.HAL_RCC_ClockConfig
                0x0000000008005008      0x160 CMakeFiles/gimbal_task.elf.dir/Drivers/STM32F4xx_HAL_Driver/Src/stm32f4xx_hal_rcc.c.obj
                0x0000000008005008                HAL_RCC_ClockConfig
 .text.HAL_RCC_GetHCLKFreq
                0x0000000008005168        0xc CMakeFiles/gimbal_task.elf.dir/Drivers/STM32F4xx_HAL_Driver/Src/stm32f4xx_hal_rcc.c.obj
                0x0000000008005168                HAL_RCC_GetHCLKFreq
 .text.HAL_RCC_GetPCLK1Freq
                0x0000000008005174       0x20 CMakeFiles/gimbal_task.elf.dir/Drivers/STM32F4xx_HAL_Driver/Src/stm32f4xx_hal_rcc.c.obj
                0x0000000008005174                HAL_RCC_GetPCLK1Freq
 .text.HAL_RCC_GetPCLK2Freq
                0x0000000008005194       0x20 CMakeFiles/gimbal_task.elf.dir/Drivers/STM32F4xx_HAL_Driver/Src/stm32f4xx_hal_rcc.c.obj
                0x0000000008005194                HAL_RCC_GetPCLK2Freq
 .text.HAL_RCC_GetClockConfig
                0x00000000080051b4       0x3c CMakeFiles/gimbal_task.elf.dir/Drivers/STM32F4xx_HAL_Driver/Src/stm32f4xx_hal_rcc.c.obj
                0x00000000080051b4                HAL_RCC_GetClockConfig
 .text.HAL_RCCEx_PeriphCLKConfig
                0x00000000080051f0      0x154 CMakeFiles/gimbal_task.elf.dir/Drivers/STM32F4xx_HAL_Driver/Src/stm32f4xx_hal_rcc_ex.c.obj
                0x00000000080051f0                HAL_RCCEx_PeriphCLKConfig
 .text.HAL_RNG_Init
                0x0000000008005344       0x2e CMakeFiles/gimbal_task.elf.dir/Drivers/STM32F4xx_HAL_Driver/Src/stm32f4xx_hal_rng.c.obj
                0x0000000008005344                HAL_RNG_Init
 *fill*         0x0000000008005372        0x2 
 .text.HAL_RTC_WaitForSynchro
                0x0000000008005374       0x34 CMakeFiles/gimbal_task.elf.dir/Drivers/STM32F4xx_HAL_Driver/Src/stm32f4xx_hal_rtc.c.obj
                0x0000000008005374                HAL_RTC_WaitForSynchro
 .text.RTC_EnterInitMode
                0x00000000080053a8       0x46 CMakeFiles/gimbal_task.elf.dir/Drivers/STM32F4xx_HAL_Driver/Src/stm32f4xx_hal_rtc.c.obj
                0x00000000080053a8                RTC_EnterInitMode
 .text.RTC_ExitInitMode
                0x00000000080053ee       0x2a CMakeFiles/gimbal_task.elf.dir/Drivers/STM32F4xx_HAL_Driver/Src/stm32f4xx_hal_rtc.c.obj
                0x00000000080053ee                RTC_ExitInitMode
 .text.HAL_RTC_Init
                0x0000000008005418       0x9c CMakeFiles/gimbal_task.elf.dir/Drivers/STM32F4xx_HAL_Driver/Src/stm32f4xx_hal_rtc.c.obj
                0x0000000008005418                HAL_RTC_Init
 .text.SPI_WaitFlagStateUntilTimeout
                0x00000000080054b4       0xd4 CMakeFiles/gimbal_task.elf.dir/Drivers/STM32F4xx_HAL_Driver/Src/stm32f4xx_hal_spi.c.obj
 .text.SPI_EndRxTxTransaction
                0x0000000008005588       0x80 CMakeFiles/gimbal_task.elf.dir/Drivers/STM32F4xx_HAL_Driver/Src/stm32f4xx_hal_spi.c.obj
 .text.HAL_SPI_Init
                0x0000000008005608       0xbe CMakeFiles/gimbal_task.elf.dir/Drivers/STM32F4xx_HAL_Driver/Src/stm32f4xx_hal_spi.c.obj
                0x0000000008005608                HAL_SPI_Init
 .text.HAL_SPI_TransmitReceive
                0x00000000080056c6      0x254 CMakeFiles/gimbal_task.elf.dir/Drivers/STM32F4xx_HAL_Driver/Src/stm32f4xx_hal_spi.c.obj
                0x00000000080056c6                HAL_SPI_TransmitReceive
 *fill*         0x000000000800591a        0x2 
 .text.TIM_OC1_SetConfig
                0x000000000800591c       0x68 CMakeFiles/gimbal_task.elf.dir/Drivers/STM32F4xx_HAL_Driver/Src/stm32f4xx_hal_tim.c.obj
 .text.TIM_OC3_SetConfig
                0x0000000008005984       0x70 CMakeFiles/gimbal_task.elf.dir/Drivers/STM32F4xx_HAL_Driver/Src/stm32f4xx_hal_tim.c.obj
 .text.TIM_OC4_SetConfig
                0x00000000080059f4       0x50 CMakeFiles/gimbal_task.elf.dir/Drivers/STM32F4xx_HAL_Driver/Src/stm32f4xx_hal_tim.c.obj
 .text.TIM_TI1_ConfigInputStage
                0x0000000008005a44       0x26 CMakeFiles/gimbal_task.elf.dir/Drivers/STM32F4xx_HAL_Driver/Src/stm32f4xx_hal_tim.c.obj
 .text.TIM_TI2_ConfigInputStage
                0x0000000008005a6a       0x28 CMakeFiles/gimbal_task.elf.dir/Drivers/STM32F4xx_HAL_Driver/Src/stm32f4xx_hal_tim.c.obj
 .text.TIM_ITRx_SetConfig
                0x0000000008005a92       0x10 CMakeFiles/gimbal_task.elf.dir/Drivers/STM32F4xx_HAL_Driver/Src/stm32f4xx_hal_tim.c.obj
 *fill*         0x0000000008005aa2        0x2 
 .text.HAL_TIM_Base_Start_IT
                0x0000000008005aa4       0x88 CMakeFiles/gimbal_task.elf.dir/Drivers/STM32F4xx_HAL_Driver/Src/stm32f4xx_hal_tim.c.obj
                0x0000000008005aa4                HAL_TIM_Base_Start_IT
 .text.HAL_TIM_PWM_MspInit
                0x0000000008005b2c        0x2 CMakeFiles/gimbal_task.elf.dir/Drivers/STM32F4xx_HAL_Driver/Src/stm32f4xx_hal_tim.c.obj
                0x0000000008005b2c                HAL_TIM_PWM_MspInit
 .text.HAL_TIM_OC_DelayElapsedCallback
                0x0000000008005b2e        0x2 CMakeFiles/gimbal_task.elf.dir/Drivers/STM32F4xx_HAL_Driver/Src/stm32f4xx_hal_tim.c.obj
                0x0000000008005b2e                HAL_TIM_OC_DelayElapsedCallback
 .text.HAL_TIM_IC_CaptureCallback
                0x0000000008005b30        0x2 CMakeFiles/gimbal_task.elf.dir/Drivers/STM32F4xx_HAL_Driver/Src/stm32f4xx_hal_tim.c.obj
                0x0000000008005b30                HAL_TIM_IC_CaptureCallback
 .text.HAL_TIM_PWM_PulseFinishedCallback
                0x0000000008005b32        0x2 CMakeFiles/gimbal_task.elf.dir/Drivers/STM32F4xx_HAL_Driver/Src/stm32f4xx_hal_tim.c.obj
                0x0000000008005b32                HAL_TIM_PWM_PulseFinishedCallback
 .text.HAL_TIM_TriggerCallback
                0x0000000008005b34        0x2 CMakeFiles/gimbal_task.elf.dir/Drivers/STM32F4xx_HAL_Driver/Src/stm32f4xx_hal_tim.c.obj
                0x0000000008005b34                HAL_TIM_TriggerCallback
 .text.HAL_TIM_IRQHandler
                0x0000000008005b36      0x15e CMakeFiles/gimbal_task.elf.dir/Drivers/STM32F4xx_HAL_Driver/Src/stm32f4xx_hal_tim.c.obj
                0x0000000008005b36                HAL_TIM_IRQHandler
 .text.TIM_Base_SetConfig
                0x0000000008005c94       0xd0 CMakeFiles/gimbal_task.elf.dir/Drivers/STM32F4xx_HAL_Driver/Src/stm32f4xx_hal_tim.c.obj
                0x0000000008005c94                TIM_Base_SetConfig
 .text.HAL_TIM_Base_Init
                0x0000000008005d64       0x58 CMakeFiles/gimbal_task.elf.dir/Drivers/STM32F4xx_HAL_Driver/Src/stm32f4xx_hal_tim.c.obj
                0x0000000008005d64                HAL_TIM_Base_Init
 .text.HAL_TIM_PWM_Init
                0x0000000008005dbc       0x58 CMakeFiles/gimbal_task.elf.dir/Drivers/STM32F4xx_HAL_Driver/Src/stm32f4xx_hal_tim.c.obj
                0x0000000008005dbc                HAL_TIM_PWM_Init
 .text.TIM_OC2_SetConfig
                0x0000000008005e14       0x70 CMakeFiles/gimbal_task.elf.dir/Drivers/STM32F4xx_HAL_Driver/Src/stm32f4xx_hal_tim.c.obj
                0x0000000008005e14                TIM_OC2_SetConfig
 .text.HAL_TIM_PWM_ConfigChannel
                0x0000000008005e84       0xdc CMakeFiles/gimbal_task.elf.dir/Drivers/STM32F4xx_HAL_Driver/Src/stm32f4xx_hal_tim.c.obj
                0x0000000008005e84                HAL_TIM_PWM_ConfigChannel
 .text.TIM_ETR_SetConfig
                0x0000000008005f60       0x1a CMakeFiles/gimbal_task.elf.dir/Drivers/STM32F4xx_HAL_Driver/Src/stm32f4xx_hal_tim.c.obj
                0x0000000008005f60                TIM_ETR_SetConfig
 .text.HAL_TIM_ConfigClockSource
                0x0000000008005f7a       0xfe CMakeFiles/gimbal_task.elf.dir/Drivers/STM32F4xx_HAL_Driver/Src/stm32f4xx_hal_tim.c.obj
                0x0000000008005f7a                HAL_TIM_ConfigClockSource
 .text.HAL_TIMEx_MasterConfigSynchronization
                0x0000000008006078       0x8c CMakeFiles/gimbal_task.elf.dir/Drivers/STM32F4xx_HAL_Driver/Src/stm32f4xx_hal_tim_ex.c.obj
                0x0000000008006078                HAL_TIMEx_MasterConfigSynchronization
 .text.HAL_TIMEx_ConfigBreakDeadTime
                0x0000000008006104       0x52 CMakeFiles/gimbal_task.elf.dir/Drivers/STM32F4xx_HAL_Driver/Src/stm32f4xx_hal_tim_ex.c.obj
                0x0000000008006104                HAL_TIMEx_ConfigBreakDeadTime
 .text.HAL_TIMEx_CommutCallback
                0x0000000008006156        0x2 CMakeFiles/gimbal_task.elf.dir/Drivers/STM32F4xx_HAL_Driver/Src/stm32f4xx_hal_tim_ex.c.obj
                0x0000000008006156                HAL_TIMEx_CommutCallback
 .text.HAL_TIMEx_BreakCallback
                0x0000000008006158        0x2 CMakeFiles/gimbal_task.elf.dir/Drivers/STM32F4xx_HAL_Driver/Src/stm32f4xx_hal_tim_ex.c.obj
                0x0000000008006158                HAL_TIMEx_BreakCallback
 .text.UART_EndRxTransfer
                0x000000000800615a       0x5c CMakeFiles/gimbal_task.elf.dir/Drivers/STM32F4xx_HAL_Driver/Src/stm32f4xx_hal_uart.c.obj
 .text.UART_Transmit_IT
                0x00000000080061b6       0x60 CMakeFiles/gimbal_task.elf.dir/Drivers/STM32F4xx_HAL_Driver/Src/stm32f4xx_hal_uart.c.obj
 *fill*         0x0000000008006216        0x2 
 .text.UART_SetConfig
                0x0000000008006218      0x110 CMakeFiles/gimbal_task.elf.dir/Drivers/STM32F4xx_HAL_Driver/Src/stm32f4xx_hal_uart.c.obj
 .text.HAL_UART_Init
                0x0000000008006328       0x60 CMakeFiles/gimbal_task.elf.dir/Drivers/STM32F4xx_HAL_Driver/Src/stm32f4xx_hal_uart.c.obj
                0x0000000008006328                HAL_UART_Init
 .text.HAL_UART_TxCpltCallback
                0x0000000008006388        0x2 CMakeFiles/gimbal_task.elf.dir/Drivers/STM32F4xx_HAL_Driver/Src/stm32f4xx_hal_uart.c.obj
                0x0000000008006388                HAL_UART_TxCpltCallback
 .text.UART_EndTransmit_IT
                0x000000000800638a       0x1a CMakeFiles/gimbal_task.elf.dir/Drivers/STM32F4xx_HAL_Driver/Src/stm32f4xx_hal_uart.c.obj
 .text.HAL_UART_RxCpltCallback
                0x00000000080063a4        0x2 CMakeFiles/gimbal_task.elf.dir/Drivers/STM32F4xx_HAL_Driver/Src/stm32f4xx_hal_uart.c.obj
                0x00000000080063a4                HAL_UART_RxCpltCallback
 .text.HAL_UART_ErrorCallback
                0x00000000080063a6        0x2 CMakeFiles/gimbal_task.elf.dir/Drivers/STM32F4xx_HAL_Driver/Src/stm32f4xx_hal_uart.c.obj
                0x00000000080063a6                HAL_UART_ErrorCallback
 .text.UART_DMAAbortOnError
                0x00000000080063a8        0xe CMakeFiles/gimbal_task.elf.dir/Drivers/STM32F4xx_HAL_Driver/Src/stm32f4xx_hal_uart.c.obj
 .text.HAL_UARTEx_RxEventCallback
                0x00000000080063b6        0x2 CMakeFiles/gimbal_task.elf.dir/Drivers/STM32F4xx_HAL_Driver/Src/stm32f4xx_hal_uart.c.obj
                0x00000000080063b6                HAL_UARTEx_RxEventCallback
 .text.UART_Receive_IT
                0x00000000080063b8       0xe6 CMakeFiles/gimbal_task.elf.dir/Drivers/STM32F4xx_HAL_Driver/Src/stm32f4xx_hal_uart.c.obj
 *fill*         0x000000000800649e        0x2 
 .text.HAL_UART_IRQHandler
                0x00000000080064a0      0x2a4 CMakeFiles/gimbal_task.elf.dir/Drivers/STM32F4xx_HAL_Driver/Src/stm32f4xx_hal_uart.c.obj
                0x00000000080064a0                HAL_UART_IRQHandler
 .text.USB_CoreReset
                0x0000000008006744       0x58 CMakeFiles/gimbal_task.elf.dir/Drivers/STM32F4xx_HAL_Driver/Src/stm32f4xx_ll_usb.c.obj
 .text.USB_CoreInit
                0x000000000800679c       0x92 CMakeFiles/gimbal_task.elf.dir/Drivers/STM32F4xx_HAL_Driver/Src/stm32f4xx_ll_usb.c.obj
                0x000000000800679c                USB_CoreInit
 *fill*         0x000000000800682e        0x2 
 .text.USB_SetTurnaroundTime
                0x0000000008006830       0xe4 CMakeFiles/gimbal_task.elf.dir/Drivers/STM32F4xx_HAL_Driver/Src/stm32f4xx_ll_usb.c.obj
                0x0000000008006830                USB_SetTurnaroundTime
 .text.USB_EnableGlobalInt
                0x0000000008006914        0xc CMakeFiles/gimbal_task.elf.dir/Drivers/STM32F4xx_HAL_Driver/Src/stm32f4xx_ll_usb.c.obj
                0x0000000008006914                USB_EnableGlobalInt
 .text.USB_DisableGlobalInt
                0x0000000008006920        0xc CMakeFiles/gimbal_task.elf.dir/Drivers/STM32F4xx_HAL_Driver/Src/stm32f4xx_ll_usb.c.obj
                0x0000000008006920                USB_DisableGlobalInt
 .text.USB_FlushTxFifo
                0x000000000800692c       0x4a CMakeFiles/gimbal_task.elf.dir/Drivers/STM32F4xx_HAL_Driver/Src/stm32f4xx_ll_usb.c.obj
                0x000000000800692c                USB_FlushTxFifo
 .text.USB_FlushRxFifo
                0x0000000008006976       0x46 CMakeFiles/gimbal_task.elf.dir/Drivers/STM32F4xx_HAL_Driver/Src/stm32f4xx_ll_usb.c.obj
                0x0000000008006976                USB_FlushRxFifo
 .text.USB_SetDevSpeed
                0x00000000080069bc        0xe CMakeFiles/gimbal_task.elf.dir/Drivers/STM32F4xx_HAL_Driver/Src/stm32f4xx_ll_usb.c.obj
                0x00000000080069bc                USB_SetDevSpeed
 *fill*         0x00000000080069ca        0x2 
 .text.USB_DevInit
                0x00000000080069cc      0x194 CMakeFiles/gimbal_task.elf.dir/Drivers/STM32F4xx_HAL_Driver/Src/stm32f4xx_ll_usb.c.obj
                0x00000000080069cc                USB_DevInit
 .text.USB_GetDevSpeed
                0x0000000008006b60       0x22 CMakeFiles/gimbal_task.elf.dir/Drivers/STM32F4xx_HAL_Driver/Src/stm32f4xx_ll_usb.c.obj
                0x0000000008006b60                USB_GetDevSpeed
 .text.USB_ActivateEndpoint
                0x0000000008006b82       0x9c CMakeFiles/gimbal_task.elf.dir/Drivers/STM32F4xx_HAL_Driver/Src/stm32f4xx_ll_usb.c.obj
                0x0000000008006b82                USB_ActivateEndpoint
 *fill*         0x0000000008006c1e        0x2 
 .text.USB_DeactivateEndpoint
                0x0000000008006c20       0xe0 CMakeFiles/gimbal_task.elf.dir/Drivers/STM32F4xx_HAL_Driver/Src/stm32f4xx_ll_usb.c.obj
                0x0000000008006c20                USB_DeactivateEndpoint
 .text.USB_EPStopXfer
                0x0000000008006d00       0xbe CMakeFiles/gimbal_task.elf.dir/Drivers/STM32F4xx_HAL_Driver/Src/stm32f4xx_ll_usb.c.obj
                0x0000000008006d00                USB_EPStopXfer
 .text.USB_WritePacket
                0x0000000008006dbe       0x2e CMakeFiles/gimbal_task.elf.dir/Drivers/STM32F4xx_HAL_Driver/Src/stm32f4xx_ll_usb.c.obj
                0x0000000008006dbe                USB_WritePacket
 .text.USB_EPStartXfer
                0x0000000008006dec      0x250 CMakeFiles/gimbal_task.elf.dir/Drivers/STM32F4xx_HAL_Driver/Src/stm32f4xx_ll_usb.c.obj
                0x0000000008006dec                USB_EPStartXfer
 .text.USB_ReadPacket
                0x000000000800703c       0x54 CMakeFiles/gimbal_task.elf.dir/Drivers/STM32F4xx_HAL_Driver/Src/stm32f4xx_ll_usb.c.obj
                0x000000000800703c                USB_ReadPacket
 .text.USB_EPSetStall
                0x0000000008007090       0x5a CMakeFiles/gimbal_task.elf.dir/Drivers/STM32F4xx_HAL_Driver/Src/stm32f4xx_ll_usb.c.obj
                0x0000000008007090                USB_EPSetStall
 .text.USB_EPClearStall
                0x00000000080070ea       0x5c CMakeFiles/gimbal_task.elf.dir/Drivers/STM32F4xx_HAL_Driver/Src/stm32f4xx_ll_usb.c.obj
                0x00000000080070ea                USB_EPClearStall
 .text.USB_SetDevAddress
                0x0000000008007146       0x20 CMakeFiles/gimbal_task.elf.dir/Drivers/STM32F4xx_HAL_Driver/Src/stm32f4xx_ll_usb.c.obj
                0x0000000008007146                USB_SetDevAddress
 .text.USB_DevConnect
                0x0000000008007166       0x1c CMakeFiles/gimbal_task.elf.dir/Drivers/STM32F4xx_HAL_Driver/Src/stm32f4xx_ll_usb.c.obj
                0x0000000008007166                USB_DevConnect
 .text.USB_DevDisconnect
                0x0000000008007182       0x1c CMakeFiles/gimbal_task.elf.dir/Drivers/STM32F4xx_HAL_Driver/Src/stm32f4xx_ll_usb.c.obj
                0x0000000008007182                USB_DevDisconnect
 .text.USB_ReadInterrupts
                0x000000000800719e        0x8 CMakeFiles/gimbal_task.elf.dir/Drivers/STM32F4xx_HAL_Driver/Src/stm32f4xx_ll_usb.c.obj
                0x000000000800719e                USB_ReadInterrupts
 .text.USB_ReadDevAllOutEpInterrupt
                0x00000000080071a6       0x10 CMakeFiles/gimbal_task.elf.dir/Drivers/STM32F4xx_HAL_Driver/Src/stm32f4xx_ll_usb.c.obj
                0x00000000080071a6                USB_ReadDevAllOutEpInterrupt
 .text.USB_ReadDevAllInEpInterrupt
                0x00000000080071b6       0x10 CMakeFiles/gimbal_task.elf.dir/Drivers/STM32F4xx_HAL_Driver/Src/stm32f4xx_ll_usb.c.obj
                0x00000000080071b6                USB_ReadDevAllInEpInterrupt
 .text.USB_ReadDevOutEPInterrupt
                0x00000000080071c6       0x12 CMakeFiles/gimbal_task.elf.dir/Drivers/STM32F4xx_HAL_Driver/Src/stm32f4xx_ll_usb.c.obj
                0x00000000080071c6                USB_ReadDevOutEPInterrupt
 .text.USB_ReadDevInEPInterrupt
                0x00000000080071d8       0x28 CMakeFiles/gimbal_task.elf.dir/Drivers/STM32F4xx_HAL_Driver/Src/stm32f4xx_ll_usb.c.obj
                0x00000000080071d8                USB_ReadDevInEPInterrupt
 .text.USB_GetMode
                0x0000000008007200        0x8 CMakeFiles/gimbal_task.elf.dir/Drivers/STM32F4xx_HAL_Driver/Src/stm32f4xx_ll_usb.c.obj
                0x0000000008007200                USB_GetMode
 .text.USB_SetCurrentMode
                0x0000000008007208       0x62 CMakeFiles/gimbal_task.elf.dir/Drivers/STM32F4xx_HAL_Driver/Src/stm32f4xx_ll_usb.c.obj
                0x0000000008007208                USB_SetCurrentMode
 .text.USB_ActivateSetup
                0x000000000800726a       0x20 CMakeFiles/gimbal_task.elf.dir/Drivers/STM32F4xx_HAL_Driver/Src/stm32f4xx_ll_usb.c.obj
                0x000000000800726a                USB_ActivateSetup
 *fill*         0x000000000800728a        0x2 
 .text.USB_EP0_OutStart
                0x000000000800728c       0x60 CMakeFiles/gimbal_task.elf.dir/Drivers/STM32F4xx_HAL_Driver/Src/stm32f4xx_ll_usb.c.obj
                0x000000000800728c                USB_EP0_OutStart
 .text.USBD_CDC_EP0_RxReady
                0x00000000080072ec       0x40 CMakeFiles/gimbal_task.elf.dir/Middlewares/ST/STM32_USB_Device_Library/Class/CDC/Src/usbd_cdc.c.obj
 .text.USBD_CDC_GetDeviceQualifierDescriptor
                0x000000000800732c        0xc CMakeFiles/gimbal_task.elf.dir/Middlewares/ST/STM32_USB_Device_Library/Class/CDC/Src/usbd_cdc.c.obj
                0x000000000800732c                USBD_CDC_GetDeviceQualifierDescriptor
 .text.USBD_CDC_GetOtherSpeedCfgDesc
                0x0000000008007338       0x48 CMakeFiles/gimbal_task.elf.dir/Middlewares/ST/STM32_USB_Device_Library/Class/CDC/Src/usbd_cdc.c.obj
 .text.USBD_CDC_GetFSCfgDesc
                0x0000000008007380       0x48 CMakeFiles/gimbal_task.elf.dir/Middlewares/ST/STM32_USB_Device_Library/Class/CDC/Src/usbd_cdc.c.obj
 .text.USBD_CDC_GetHSCfgDesc
                0x00000000080073c8       0x48 CMakeFiles/gimbal_task.elf.dir/Middlewares/ST/STM32_USB_Device_Library/Class/CDC/Src/usbd_cdc.c.obj
 .text.USBD_CDC_DataOut
                0x0000000008007410       0x38 CMakeFiles/gimbal_task.elf.dir/Middlewares/ST/STM32_USB_Device_Library/Class/CDC/Src/usbd_cdc.c.obj
 .text.USBD_CDC_DataIn
                0x0000000008007448       0x7c CMakeFiles/gimbal_task.elf.dir/Middlewares/ST/STM32_USB_Device_Library/Class/CDC/Src/usbd_cdc.c.obj
 .text.USBD_CDC_Setup
                0x00000000080074c4      0x11a CMakeFiles/gimbal_task.elf.dir/Middlewares/ST/STM32_USB_Device_Library/Class/CDC/Src/usbd_cdc.c.obj
 .text.USBD_CDC_DeInit
                0x00000000080075de       0x64 CMakeFiles/gimbal_task.elf.dir/Middlewares/ST/STM32_USB_Device_Library/Class/CDC/Src/usbd_cdc.c.obj
 .text.USBD_CDC_Init
                0x0000000008007642       0xee CMakeFiles/gimbal_task.elf.dir/Middlewares/ST/STM32_USB_Device_Library/Class/CDC/Src/usbd_cdc.c.obj
 .text.USBD_CDC_RegisterInterface
                0x0000000008007730       0x16 CMakeFiles/gimbal_task.elf.dir/Middlewares/ST/STM32_USB_Device_Library/Class/CDC/Src/usbd_cdc.c.obj
                0x0000000008007730                USBD_CDC_RegisterInterface
 .text.USBD_CDC_SetTxBuffer
                0x0000000008007746       0x1c CMakeFiles/gimbal_task.elf.dir/Middlewares/ST/STM32_USB_Device_Library/Class/CDC/Src/usbd_cdc.c.obj
                0x0000000008007746                USBD_CDC_SetTxBuffer
 .text.USBD_CDC_SetRxBuffer
                0x0000000008007762       0x18 CMakeFiles/gimbal_task.elf.dir/Middlewares/ST/STM32_USB_Device_Library/Class/CDC/Src/usbd_cdc.c.obj
                0x0000000008007762                USBD_CDC_SetRxBuffer
 .text.USBD_CDC_TransmitPacket
                0x000000000800777a       0x3a CMakeFiles/gimbal_task.elf.dir/Middlewares/ST/STM32_USB_Device_Library/Class/CDC/Src/usbd_cdc.c.obj
                0x000000000800777a                USBD_CDC_TransmitPacket
 .text.USBD_CDC_ReceivePacket
                0x00000000080077b4       0x38 CMakeFiles/gimbal_task.elf.dir/Middlewares/ST/STM32_USB_Device_Library/Class/CDC/Src/usbd_cdc.c.obj
                0x00000000080077b4                USBD_CDC_ReceivePacket
 .text.USBD_Init
                0x00000000080077ec       0x2e CMakeFiles/gimbal_task.elf.dir/Middlewares/ST/STM32_USB_Device_Library/Core/Src/usbd_core.c.obj
                0x00000000080077ec                USBD_Init
 .text.USBD_RegisterClass
                0x000000000800781a       0x34 CMakeFiles/gimbal_task.elf.dir/Middlewares/ST/STM32_USB_Device_Library/Core/Src/usbd_core.c.obj
                0x000000000800781a                USBD_RegisterClass
 .text.USBD_Start
                0x000000000800784e        0x8 CMakeFiles/gimbal_task.elf.dir/Middlewares/ST/STM32_USB_Device_Library/Core/Src/usbd_core.c.obj
                0x000000000800784e                USBD_Start
 .text.USBD_SetClassConfig
                0x0000000008007856       0x12 CMakeFiles/gimbal_task.elf.dir/Middlewares/ST/STM32_USB_Device_Library/Core/Src/usbd_core.c.obj
                0x0000000008007856                USBD_SetClassConfig
 .text.USBD_ClrClassConfig
                0x0000000008007868       0x12 CMakeFiles/gimbal_task.elf.dir/Middlewares/ST/STM32_USB_Device_Library/Core/Src/usbd_core.c.obj
                0x0000000008007868                USBD_ClrClassConfig
 .text.USBD_LL_SetupStage
                0x000000000800787a       0x58 CMakeFiles/gimbal_task.elf.dir/Middlewares/ST/STM32_USB_Device_Library/Core/Src/usbd_core.c.obj
                0x000000000800787a                USBD_LL_SetupStage
 .text.USBD_LL_Reset
                0x00000000080078d2       0x66 CMakeFiles/gimbal_task.elf.dir/Middlewares/ST/STM32_USB_Device_Library/Core/Src/usbd_core.c.obj
                0x00000000080078d2                USBD_LL_Reset
 .text.USBD_LL_SetSpeed
                0x0000000008007938        0x6 CMakeFiles/gimbal_task.elf.dir/Middlewares/ST/STM32_USB_Device_Library/Core/Src/usbd_core.c.obj
                0x0000000008007938                USBD_LL_SetSpeed
 .text.USBD_LL_Suspend
                0x000000000800793e       0x1e CMakeFiles/gimbal_task.elf.dir/Middlewares/ST/STM32_USB_Device_Library/Core/Src/usbd_core.c.obj
                0x000000000800793e                USBD_LL_Suspend
 .text.USBD_LL_Resume
                0x000000000800795c       0x1a CMakeFiles/gimbal_task.elf.dir/Middlewares/ST/STM32_USB_Device_Library/Core/Src/usbd_core.c.obj
                0x000000000800795c                USBD_LL_Resume
 .text.USBD_LL_SOF
                0x0000000008007976       0x22 CMakeFiles/gimbal_task.elf.dir/Middlewares/ST/STM32_USB_Device_Library/Core/Src/usbd_core.c.obj
                0x0000000008007976                USBD_LL_SOF
 .text.USBD_LL_IsoINIncomplete
                0x0000000008007998       0x2e CMakeFiles/gimbal_task.elf.dir/Middlewares/ST/STM32_USB_Device_Library/Core/Src/usbd_core.c.obj
                0x0000000008007998                USBD_LL_IsoINIncomplete
 .text.USBD_LL_IsoOUTIncomplete
                0x00000000080079c6       0x2e CMakeFiles/gimbal_task.elf.dir/Middlewares/ST/STM32_USB_Device_Library/Core/Src/usbd_core.c.obj
                0x00000000080079c6                USBD_LL_IsoOUTIncomplete
 .text.USBD_LL_DevConnected
                0x00000000080079f4        0x4 CMakeFiles/gimbal_task.elf.dir/Middlewares/ST/STM32_USB_Device_Library/Core/Src/usbd_core.c.obj
                0x00000000080079f4                USBD_LL_DevConnected
 .text.USBD_LL_DevDisconnected
                0x00000000080079f8       0x20 CMakeFiles/gimbal_task.elf.dir/Middlewares/ST/STM32_USB_Device_Library/Core/Src/usbd_core.c.obj
                0x00000000080079f8                USBD_LL_DevDisconnected
 .text.USBD_CoreFindIF
                0x0000000008007a18        0x4 CMakeFiles/gimbal_task.elf.dir/Middlewares/ST/STM32_USB_Device_Library/Core/Src/usbd_core.c.obj
                0x0000000008007a18                USBD_CoreFindIF
 .text.USBD_CoreFindEP
                0x0000000008007a1c        0x4 CMakeFiles/gimbal_task.elf.dir/Middlewares/ST/STM32_USB_Device_Library/Core/Src/usbd_core.c.obj
                0x0000000008007a1c                USBD_CoreFindEP
 .text.USBD_LL_DataOutStage
                0x0000000008007a20       0xcc CMakeFiles/gimbal_task.elf.dir/Middlewares/ST/STM32_USB_Device_Library/Core/Src/usbd_core.c.obj
                0x0000000008007a20                USBD_LL_DataOutStage
 .text.USBD_LL_DataInStage
                0x0000000008007aec       0xd8 CMakeFiles/gimbal_task.elf.dir/Middlewares/ST/STM32_USB_Device_Library/Core/Src/usbd_core.c.obj
                0x0000000008007aec                USBD_LL_DataInStage
 .text.USBD_GetNextDesc
                0x0000000008007bc4        0xe CMakeFiles/gimbal_task.elf.dir/Middlewares/ST/STM32_USB_Device_Library/Core/Src/usbd_core.c.obj
                0x0000000008007bc4                USBD_GetNextDesc
 .text.USBD_GetEpDesc
                0x0000000008007bd2       0x3e CMakeFiles/gimbal_task.elf.dir/Middlewares/ST/STM32_USB_Device_Library/Core/Src/usbd_core.c.obj
                0x0000000008007bd2                USBD_GetEpDesc
 .text.USBD_GetLen
                0x0000000008007c10       0x14 CMakeFiles/gimbal_task.elf.dir/Middlewares/ST/STM32_USB_Device_Library/Core/Src/usbd_ctlreq.c.obj
 .text.USBD_ParseSetupRequest
                0x0000000008007c24       0x28 CMakeFiles/gimbal_task.elf.dir/Middlewares/ST/STM32_USB_Device_Library/Core/Src/usbd_ctlreq.c.obj
                0x0000000008007c24                USBD_ParseSetupRequest
 .text.USBD_CtlError
                0x0000000008007c4c       0x14 CMakeFiles/gimbal_task.elf.dir/Middlewares/ST/STM32_USB_Device_Library/Core/Src/usbd_ctlreq.c.obj
                0x0000000008007c4c                USBD_CtlError
 .text.USBD_GetDescriptor
                0x0000000008007c60      0x18a CMakeFiles/gimbal_task.elf.dir/Middlewares/ST/STM32_USB_Device_Library/Core/Src/usbd_ctlreq.c.obj
 .text.USBD_SetAddress
                0x0000000008007dea       0x50 CMakeFiles/gimbal_task.elf.dir/Middlewares/ST/STM32_USB_Device_Library/Core/Src/usbd_ctlreq.c.obj
 *fill*         0x0000000008007e3a        0x2 
 .text.USBD_SetConfig
                0x0000000008007e3c       0xcc CMakeFiles/gimbal_task.elf.dir/Middlewares/ST/STM32_USB_Device_Library/Core/Src/usbd_ctlreq.c.obj
 .text.USBD_GetConfig
                0x0000000008007f08       0x40 CMakeFiles/gimbal_task.elf.dir/Middlewares/ST/STM32_USB_Device_Library/Core/Src/usbd_ctlreq.c.obj
 .text.USBD_GetStatus
                0x0000000008007f48       0x38 CMakeFiles/gimbal_task.elf.dir/Middlewares/ST/STM32_USB_Device_Library/Core/Src/usbd_ctlreq.c.obj
 .text.USBD_SetFeature
                0x0000000008007f80       0x2a CMakeFiles/gimbal_task.elf.dir/Middlewares/ST/STM32_USB_Device_Library/Core/Src/usbd_ctlreq.c.obj
 .text.USBD_ClrFeature
                0x0000000008007faa       0x26 CMakeFiles/gimbal_task.elf.dir/Middlewares/ST/STM32_USB_Device_Library/Core/Src/usbd_ctlreq.c.obj
 .text.USBD_StdDevReq
                0x0000000008007fd0       0x76 CMakeFiles/gimbal_task.elf.dir/Middlewares/ST/STM32_USB_Device_Library/Core/Src/usbd_ctlreq.c.obj
                0x0000000008007fd0                USBD_StdDevReq
 .text.USBD_StdItfReq
                0x0000000008008046       0x84 CMakeFiles/gimbal_task.elf.dir/Middlewares/ST/STM32_USB_Device_Library/Core/Src/usbd_ctlreq.c.obj
                0x0000000008008046                USBD_StdItfReq
 .text.USBD_StdEPReq
                0x00000000080080ca      0x232 CMakeFiles/gimbal_task.elf.dir/Middlewares/ST/STM32_USB_Device_Library/Core/Src/usbd_ctlreq.c.obj
                0x00000000080080ca                USBD_StdEPReq
 .text.USBD_GetString
                0x00000000080082fc       0x46 CMakeFiles/gimbal_task.elf.dir/Middlewares/ST/STM32_USB_Device_Library/Core/Src/usbd_ctlreq.c.obj
                0x00000000080082fc                USBD_GetString
 .text.USBD_CtlSendData
                0x0000000008008342       0x1c CMakeFiles/gimbal_task.elf.dir/Middlewares/ST/STM32_USB_Device_Library/Core/Src/usbd_ioreq.c.obj
                0x0000000008008342                USBD_CtlSendData
 .text.USBD_CtlContinueSendData
                0x000000000800835e       0x10 CMakeFiles/gimbal_task.elf.dir/Middlewares/ST/STM32_USB_Device_Library/Core/Src/usbd_ioreq.c.obj
                0x000000000800835e                USBD_CtlContinueSendData
 .text.USBD_CtlPrepareRx
                0x000000000800836e       0x22 CMakeFiles/gimbal_task.elf.dir/Middlewares/ST/STM32_USB_Device_Library/Core/Src/usbd_ioreq.c.obj
                0x000000000800836e                USBD_CtlPrepareRx
 .text.USBD_CtlContinueRx
                0x0000000008008390       0x10 CMakeFiles/gimbal_task.elf.dir/Middlewares/ST/STM32_USB_Device_Library/Core/Src/usbd_ioreq.c.obj
                0x0000000008008390                USBD_CtlContinueRx
 .text.USBD_CtlSendStatus
                0x00000000080083a0       0x16 CMakeFiles/gimbal_task.elf.dir/Middlewares/ST/STM32_USB_Device_Library/Core/Src/usbd_ioreq.c.obj
                0x00000000080083a0                USBD_CtlSendStatus
 .text.USBD_CtlReceiveStatus
                0x00000000080083b6       0x16 CMakeFiles/gimbal_task.elf.dir/Middlewares/ST/STM32_USB_Device_Library/Core/Src/usbd_ioreq.c.obj
                0x00000000080083b6                USBD_CtlReceiveStatus
 .text.makeFreeRtosPriority
                0x00000000080083cc        0xc CMakeFiles/gimbal_task.elf.dir/Middlewares/Third_Party/FreeRTOS/Source/CMSIS_RTOS/cmsis_os.c.obj
 .text.osKernelStart
                0x00000000080083d8        0xa CMakeFiles/gimbal_task.elf.dir/Middlewares/Third_Party/FreeRTOS/Source/CMSIS_RTOS/cmsis_os.c.obj
                0x00000000080083d8                osKernelStart
 .text.osThreadCreate
                0x00000000080083e2       0x6a CMakeFiles/gimbal_task.elf.dir/Middlewares/Third_Party/FreeRTOS/Source/CMSIS_RTOS/cmsis_os.c.obj
                0x00000000080083e2                osThreadCreate
 .text.osDelay  0x000000000800844c        0xe CMakeFiles/gimbal_task.elf.dir/Middlewares/Third_Party/FreeRTOS/Source/CMSIS_RTOS/cmsis_os.c.obj
                0x000000000800844c                osDelay
 .text.vListInitialise
                0x000000000800845a       0x16 CMakeFiles/gimbal_task.elf.dir/Middlewares/Third_Party/FreeRTOS/Source/list.c.obj
                0x000000000800845a                vListInitialise
 .text.vListInitialiseItem
                0x0000000008008470        0x6 CMakeFiles/gimbal_task.elf.dir/Middlewares/Third_Party/FreeRTOS/Source/list.c.obj
                0x0000000008008470                vListInitialiseItem
 .text.vListInsertEnd
                0x0000000008008476       0x16 CMakeFiles/gimbal_task.elf.dir/Middlewares/Third_Party/FreeRTOS/Source/list.c.obj
                0x0000000008008476                vListInsertEnd
 .text.vListInsert
                0x000000000800848c       0x32 CMakeFiles/gimbal_task.elf.dir/Middlewares/Third_Party/FreeRTOS/Source/list.c.obj
                0x000000000800848c                vListInsert
 .text.uxListRemove
                0x00000000080084be       0x26 CMakeFiles/gimbal_task.elf.dir/Middlewares/Third_Party/FreeRTOS/Source/list.c.obj
                0x00000000080084be                uxListRemove
 .text.prvTaskExitError
                0x00000000080084e4       0x40 CMakeFiles/gimbal_task.elf.dir/Middlewares/Third_Party/FreeRTOS/Source/portable/GCC/ARM_CM4F/port.c.obj
 .text.prvPortStartFirstTask
                0x0000000008008524       0x28 CMakeFiles/gimbal_task.elf.dir/Middlewares/Third_Party/FreeRTOS/Source/portable/GCC/ARM_CM4F/port.c.obj
 .text.vPortEnableVFP
                0x000000000800854c       0x14 CMakeFiles/gimbal_task.elf.dir/Middlewares/Third_Party/FreeRTOS/Source/portable/GCC/ARM_CM4F/port.c.obj
 .text.pxPortInitialiseStack
                0x0000000008008560       0x2c CMakeFiles/gimbal_task.elf.dir/Middlewares/Third_Party/FreeRTOS/Source/portable/GCC/ARM_CM4F/port.c.obj
                0x0000000008008560                pxPortInitialiseStack
 *fill*         0x000000000800858c        0x4 
 .text.SVC_Handler
                0x0000000008008590       0x24 CMakeFiles/gimbal_task.elf.dir/Middlewares/Third_Party/FreeRTOS/Source/portable/GCC/ARM_CM4F/port.c.obj
                0x0000000008008590                SVC_Handler
 .text.vPortEnterCritical
                0x00000000080085b4       0x44 CMakeFiles/gimbal_task.elf.dir/Middlewares/Third_Party/FreeRTOS/Source/portable/GCC/ARM_CM4F/port.c.obj
                0x00000000080085b4                vPortEnterCritical
 .text.vPortExitCritical
                0x00000000080085f8       0x2c CMakeFiles/gimbal_task.elf.dir/Middlewares/Third_Party/FreeRTOS/Source/portable/GCC/ARM_CM4F/port.c.obj
                0x00000000080085f8                vPortExitCritical
 *fill*         0x0000000008008624        0xc 
 .text.PendSV_Handler
                0x0000000008008630       0x64 CMakeFiles/gimbal_task.elf.dir/Middlewares/Third_Party/FreeRTOS/Source/portable/GCC/ARM_CM4F/port.c.obj
                0x0000000008008630                PendSV_Handler
 .text.SysTick_Handler
                0x0000000008008694       0x2c CMakeFiles/gimbal_task.elf.dir/Middlewares/Third_Party/FreeRTOS/Source/portable/GCC/ARM_CM4F/port.c.obj
                0x0000000008008694                SysTick_Handler
 .text.vPortSetupTimerInterrupt
                0x00000000080086c0       0x28 CMakeFiles/gimbal_task.elf.dir/Middlewares/Third_Party/FreeRTOS/Source/portable/GCC/ARM_CM4F/port.c.obj
                0x00000000080086c0                vPortSetupTimerInterrupt
 .text.xPortStartScheduler
                0x00000000080086e8      0x118 CMakeFiles/gimbal_task.elf.dir/Middlewares/Third_Party/FreeRTOS/Source/portable/GCC/ARM_CM4F/port.c.obj
                0x00000000080086e8                xPortStartScheduler
 .text.vPortValidateInterruptPriority
                0x0000000008008800       0x5c CMakeFiles/gimbal_task.elf.dir/Middlewares/Third_Party/FreeRTOS/Source/portable/GCC/ARM_CM4F/port.c.obj
                0x0000000008008800                vPortValidateInterruptPriority
 .text.prvHeapInit
                0x000000000800885c       0x64 CMakeFiles/gimbal_task.elf.dir/Middlewares/Third_Party/FreeRTOS/Source/portable/MemMang/heap_4.c.obj
 .text.prvInsertBlockIntoFreeList
                0x00000000080088c0       0x64 CMakeFiles/gimbal_task.elf.dir/Middlewares/Third_Party/FreeRTOS/Source/portable/MemMang/heap_4.c.obj
 .text.pvPortMalloc
                0x0000000008008924       0xfc CMakeFiles/gimbal_task.elf.dir/Middlewares/Third_Party/FreeRTOS/Source/portable/MemMang/heap_4.c.obj
                0x0000000008008924                pvPortMalloc
 .text.vPortFree
                0x0000000008008a20       0x7c CMakeFiles/gimbal_task.elf.dir/Middlewares/Third_Party/FreeRTOS/Source/portable/MemMang/heap_4.c.obj
                0x0000000008008a20                vPortFree
 .text.prvIsQueueFull
                0x0000000008008a9c       0x1e CMakeFiles/gimbal_task.elf.dir/Middlewares/Third_Party/FreeRTOS/Source/queue.c.obj
 .text.prvIsQueueEmpty
                0x0000000008008aba       0x1a CMakeFiles/gimbal_task.elf.dir/Middlewares/Third_Party/FreeRTOS/Source/queue.c.obj
 .text.prvCopyDataToQueue
                0x0000000008008ad4       0x76 CMakeFiles/gimbal_task.elf.dir/Middlewares/Third_Party/FreeRTOS/Source/queue.c.obj
 .text.prvCopyDataFromQueue
                0x0000000008008b4a       0x24 CMakeFiles/gimbal_task.elf.dir/Middlewares/Third_Party/FreeRTOS/Source/queue.c.obj
 .text.prvUnlockQueue
                0x0000000008008b6e       0x6e CMakeFiles/gimbal_task.elf.dir/Middlewares/Third_Party/FreeRTOS/Source/queue.c.obj
 .text.xQueueGenericReset
                0x0000000008008bdc       0x84 CMakeFiles/gimbal_task.elf.dir/Middlewares/Third_Party/FreeRTOS/Source/queue.c.obj
                0x0000000008008bdc                xQueueGenericReset
 .text.prvInitialiseNewQueue
                0x0000000008008c60       0x1c CMakeFiles/gimbal_task.elf.dir/Middlewares/Third_Party/FreeRTOS/Source/queue.c.obj
 .text.xQueueGenericCreateStatic
                0x0000000008008c7c       0x94 CMakeFiles/gimbal_task.elf.dir/Middlewares/Third_Party/FreeRTOS/Source/queue.c.obj
                0x0000000008008c7c                xQueueGenericCreateStatic
 .text.xQueueGenericSend
                0x0000000008008d10      0x188 CMakeFiles/gimbal_task.elf.dir/Middlewares/Third_Party/FreeRTOS/Source/queue.c.obj
                0x0000000008008d10                xQueueGenericSend
 .text.xQueueGenericSendFromISR
                0x0000000008008e98       0xce CMakeFiles/gimbal_task.elf.dir/Middlewares/Third_Party/FreeRTOS/Source/queue.c.obj
                0x0000000008008e98                xQueueGenericSendFromISR
 .text.xQueueReceive
                0x0000000008008f66      0x15e CMakeFiles/gimbal_task.elf.dir/Middlewares/Third_Party/FreeRTOS/Source/queue.c.obj
                0x0000000008008f66                xQueueReceive
 .text.vQueueAddToRegistry
                0x00000000080090c4       0x28 CMakeFiles/gimbal_task.elf.dir/Middlewares/Third_Party/FreeRTOS/Source/queue.c.obj
                0x00000000080090c4                vQueueAddToRegistry
 .text.vQueueWaitForMessageRestricted
                0x00000000080090ec       0x52 CMakeFiles/gimbal_task.elf.dir/Middlewares/Third_Party/FreeRTOS/Source/queue.c.obj
                0x00000000080090ec                vQueueWaitForMessageRestricted
 .text.prvSearchForNameWithinSingleList
                0x000000000800913e       0x64 CMakeFiles/gimbal_task.elf.dir/Middlewares/Third_Party/FreeRTOS/Source/tasks.c.obj
 *fill*         0x00000000080091a2        0x2 
 .text.prvResetNextTaskUnblockTime
                0x00000000080091a4       0x2c CMakeFiles/gimbal_task.elf.dir/Middlewares/Third_Party/FreeRTOS/Source/tasks.c.obj
 .text.prvInitialiseNewTask
                0x00000000080091d0      0x10a CMakeFiles/gimbal_task.elf.dir/Middlewares/Third_Party/FreeRTOS/Source/tasks.c.obj
 *fill*         0x00000000080092da        0x2 
 .text.prvInitialiseTaskLists
                0x00000000080092dc       0x68 CMakeFiles/gimbal_task.elf.dir/Middlewares/Third_Party/FreeRTOS/Source/tasks.c.obj
 .text.prvAddNewTaskToReadyList
                0x0000000008009344       0xa8 CMakeFiles/gimbal_task.elf.dir/Middlewares/Third_Party/FreeRTOS/Source/tasks.c.obj
 .text.prvDeleteTCB
                0x00000000080093ec       0x40 CMakeFiles/gimbal_task.elf.dir/Middlewares/Third_Party/FreeRTOS/Source/tasks.c.obj
 .text.prvCheckTasksWaitingTermination
                0x000000000800942c       0x4c CMakeFiles/gimbal_task.elf.dir/Middlewares/Third_Party/FreeRTOS/Source/tasks.c.obj
 .text.prvIdleTask
                0x0000000008009478       0x28 CMakeFiles/gimbal_task.elf.dir/Middlewares/Third_Party/FreeRTOS/Source/tasks.c.obj
 .text.prvAddCurrentTaskToDelayedList
                0x00000000080094a0       0xa0 CMakeFiles/gimbal_task.elf.dir/Middlewares/Third_Party/FreeRTOS/Source/tasks.c.obj
 .text.xTaskCreateStatic
                0x0000000008009540       0x7a CMakeFiles/gimbal_task.elf.dir/Middlewares/Third_Party/FreeRTOS/Source/tasks.c.obj
                0x0000000008009540                xTaskCreateStatic
 .text.xTaskCreate
                0x00000000080095ba       0x6a CMakeFiles/gimbal_task.elf.dir/Middlewares/Third_Party/FreeRTOS/Source/tasks.c.obj
                0x00000000080095ba                xTaskCreate
 .text.vTaskStartScheduler
                0x0000000008009624       0xac CMakeFiles/gimbal_task.elf.dir/Middlewares/Third_Party/FreeRTOS/Source/tasks.c.obj
                0x0000000008009624                vTaskStartScheduler
 .text.vTaskSuspendAll
                0x00000000080096d0       0x10 CMakeFiles/gimbal_task.elf.dir/Middlewares/Third_Party/FreeRTOS/Source/tasks.c.obj
                0x00000000080096d0                vTaskSuspendAll
 .text.xTaskGetTickCount
                0x00000000080096e0        0xc CMakeFiles/gimbal_task.elf.dir/Middlewares/Third_Party/FreeRTOS/Source/tasks.c.obj
                0x00000000080096e0                xTaskGetTickCount
 .text.pcTaskGetName
                0x00000000080096ec       0x28 CMakeFiles/gimbal_task.elf.dir/Middlewares/Third_Party/FreeRTOS/Source/tasks.c.obj
                0x00000000080096ec                pcTaskGetName
 .text.xTaskIncrementTick
                0x0000000008009714      0x118 CMakeFiles/gimbal_task.elf.dir/Middlewares/Third_Party/FreeRTOS/Source/tasks.c.obj
                0x0000000008009714                xTaskIncrementTick
 .text.xTaskResumeAll
                0x000000000800982c       0xf8 CMakeFiles/gimbal_task.elf.dir/Middlewares/Third_Party/FreeRTOS/Source/tasks.c.obj
                0x000000000800982c                xTaskResumeAll
 .text.vTaskDelay
                0x0000000008009924       0x4c CMakeFiles/gimbal_task.elf.dir/Middlewares/Third_Party/FreeRTOS/Source/tasks.c.obj
                0x0000000008009924                vTaskDelay
 .text.xTaskGetHandle
                0x0000000008009970       0x98 CMakeFiles/gimbal_task.elf.dir/Middlewares/Third_Party/FreeRTOS/Source/tasks.c.obj
                0x0000000008009970                xTaskGetHandle
 .text.vTaskSwitchContext
                0x0000000008009a08       0xa4 CMakeFiles/gimbal_task.elf.dir/Middlewares/Third_Party/FreeRTOS/Source/tasks.c.obj
                0x0000000008009a08                vTaskSwitchContext
 .text.vTaskPlaceOnEventList
                0x0000000008009aac       0x30 CMakeFiles/gimbal_task.elf.dir/Middlewares/Third_Party/FreeRTOS/Source/tasks.c.obj
                0x0000000008009aac                vTaskPlaceOnEventList
 .text.vTaskPlaceOnEventListRestricted
                0x0000000008009adc       0x38 CMakeFiles/gimbal_task.elf.dir/Middlewares/Third_Party/FreeRTOS/Source/tasks.c.obj
                0x0000000008009adc                vTaskPlaceOnEventListRestricted
 .text.xTaskRemoveFromEventList
                0x0000000008009b14       0x8c CMakeFiles/gimbal_task.elf.dir/Middlewares/Third_Party/FreeRTOS/Source/tasks.c.obj
                0x0000000008009b14                xTaskRemoveFromEventList
 .text.vTaskInternalSetTimeOutState
                0x0000000008009ba0       0x18 CMakeFiles/gimbal_task.elf.dir/Middlewares/Third_Party/FreeRTOS/Source/tasks.c.obj
                0x0000000008009ba0                vTaskInternalSetTimeOutState
 .text.xTaskCheckForTimeOut
                0x0000000008009bb8       0xa0 CMakeFiles/gimbal_task.elf.dir/Middlewares/Third_Party/FreeRTOS/Source/tasks.c.obj
                0x0000000008009bb8                xTaskCheckForTimeOut
 .text.vTaskMissedYield
                0x0000000008009c58        0xc CMakeFiles/gimbal_task.elf.dir/Middlewares/Third_Party/FreeRTOS/Source/tasks.c.obj
                0x0000000008009c58                vTaskMissedYield
 .text.xTaskGetSchedulerState
                0x0000000008009c64       0x20 CMakeFiles/gimbal_task.elf.dir/Middlewares/Third_Party/FreeRTOS/Source/tasks.c.obj
                0x0000000008009c64                xTaskGetSchedulerState
 .text.xTaskPriorityDisinherit
                0x0000000008009c84       0xb4 CMakeFiles/gimbal_task.elf.dir/Middlewares/Third_Party/FreeRTOS/Source/tasks.c.obj
                0x0000000008009c84                xTaskPriorityDisinherit
 .text.ulTaskNotifyTake
                0x0000000008009d38       0x80 CMakeFiles/gimbal_task.elf.dir/Middlewares/Third_Party/FreeRTOS/Source/tasks.c.obj
                0x0000000008009d38                ulTaskNotifyTake
 .text.prvGetNextExpireTime
                0x0000000008009db8       0x20 CMakeFiles/gimbal_task.elf.dir/Middlewares/Third_Party/FreeRTOS/Source/timers.c.obj
 .text.prvInsertTimerInActiveList
                0x0000000008009dd8       0x48 CMakeFiles/gimbal_task.elf.dir/Middlewares/Third_Party/FreeRTOS/Source/timers.c.obj
 .text.prvCheckForValidListAndQueue
                0x0000000008009e20       0x70 CMakeFiles/gimbal_task.elf.dir/Middlewares/Third_Party/FreeRTOS/Source/timers.c.obj
 .text.xTimerCreateTimerTask
                0x0000000008009e90       0x64 CMakeFiles/gimbal_task.elf.dir/Middlewares/Third_Party/FreeRTOS/Source/timers.c.obj
                0x0000000008009e90                xTimerCreateTimerTask
 .text.xTimerGenericCommand
                0x0000000008009ef4       0x6c CMakeFiles/gimbal_task.elf.dir/Middlewares/Third_Party/FreeRTOS/Source/timers.c.obj
                0x0000000008009ef4                xTimerGenericCommand
 .text.prvSwitchTimerLists
                0x0000000008009f60       0x7c CMakeFiles/gimbal_task.elf.dir/Middlewares/Third_Party/FreeRTOS/Source/timers.c.obj
 .text.prvSampleTimeNow
                0x0000000008009fdc       0x2c CMakeFiles/gimbal_task.elf.dir/Middlewares/Third_Party/FreeRTOS/Source/timers.c.obj
 .text.prvProcessExpiredTimer
                0x000000000800a008       0x6c CMakeFiles/gimbal_task.elf.dir/Middlewares/Third_Party/FreeRTOS/Source/timers.c.obj
 .text.prvProcessTimerOrBlockTask
                0x000000000800a074       0x74 CMakeFiles/gimbal_task.elf.dir/Middlewares/Third_Party/FreeRTOS/Source/timers.c.obj
 .text.prvProcessReceivedCommands
                0x000000000800a0e8      0x10c CMakeFiles/gimbal_task.elf.dir/Middlewares/Third_Party/FreeRTOS/Source/timers.c.obj
 .text.prvTimerTask
                0x000000000800a1f4       0x16 CMakeFiles/gimbal_task.elf.dir/Middlewares/Third_Party/FreeRTOS/Source/timers.c.obj
 *fill*         0x000000000800a20a        0x2 
 .text.MX_ADC1_Init
                0x000000000800a20c       0x70 CMakeFiles/gimbal_task.elf.dir/Src/adc.c.obj
                0x000000000800a20c                MX_ADC1_Init
 .text.MX_ADC3_Init
                0x000000000800a27c       0x70 CMakeFiles/gimbal_task.elf.dir/Src/adc.c.obj
                0x000000000800a27c                MX_ADC3_Init
 .text.HAL_ADC_MspInit
                0x000000000800a2ec       0x90 CMakeFiles/gimbal_task.elf.dir/Src/adc.c.obj
                0x000000000800a2ec                HAL_ADC_MspInit
 .text.MX_CAN1_Init
                0x000000000800a37c       0x40 CMakeFiles/gimbal_task.elf.dir/Src/can.c.obj
                0x000000000800a37c                MX_CAN1_Init
 .text.MX_CAN2_Init
                0x000000000800a3bc       0x40 CMakeFiles/gimbal_task.elf.dir/Src/can.c.obj
                0x000000000800a3bc                MX_CAN2_Init
 .text.HAL_CAN_MspInit
                0x000000000800a3fc      0x120 CMakeFiles/gimbal_task.elf.dir/Src/can.c.obj
                0x000000000800a3fc                HAL_CAN_MspInit
 .text.MX_CRC_Init
                0x000000000800a51c       0x20 CMakeFiles/gimbal_task.elf.dir/Src/crc.c.obj
                0x000000000800a51c                MX_CRC_Init
 .text.HAL_CRC_MspInit
                0x000000000800a53c       0x30 CMakeFiles/gimbal_task.elf.dir/Src/crc.c.obj
                0x000000000800a53c                HAL_CRC_MspInit
 .text.MX_DMA_Init
                0x000000000800a56c       0xb8 CMakeFiles/gimbal_task.elf.dir/Src/dma.c.obj
                0x000000000800a56c                MX_DMA_Init
 .text.test_task
                0x000000000800a624        0xe CMakeFiles/gimbal_task.elf.dir/Src/freertos.c.obj
                0x000000000800a624                test_task
 *fill*         0x000000000800a632        0x2 
 .text.vApplicationGetIdleTaskMemory
                0x000000000800a634       0x18 CMakeFiles/gimbal_task.elf.dir/Src/freertos.c.obj
                0x000000000800a634                vApplicationGetIdleTaskMemory
 .text.vApplicationGetTimerTaskMemory
                0x000000000800a64c       0x18 CMakeFiles/gimbal_task.elf.dir/Src/freertos.c.obj
                0x000000000800a64c                vApplicationGetTimerTaskMemory
 .text.MX_FREERTOS_Init
                0x000000000800a664       0xd4 CMakeFiles/gimbal_task.elf.dir/Src/freertos.c.obj
                0x000000000800a664                MX_FREERTOS_Init
 .text.MX_GPIO_Init
                0x000000000800a738      0x1cc CMakeFiles/gimbal_task.elf.dir/Src/gpio.c.obj
                0x000000000800a738                MX_GPIO_Init
 .text.MX_I2C1_Init
                0x000000000800a904       0x3c CMakeFiles/gimbal_task.elf.dir/Src/i2c.c.obj
                0x000000000800a904                MX_I2C1_Init
 .text.MX_I2C2_Init
                0x000000000800a940       0x3c CMakeFiles/gimbal_task.elf.dir/Src/i2c.c.obj
                0x000000000800a940                MX_I2C2_Init
 .text.MX_I2C3_Init
                0x000000000800a97c       0x3c CMakeFiles/gimbal_task.elf.dir/Src/i2c.c.obj
                0x000000000800a97c                MX_I2C3_Init
 .text.HAL_I2C_MspInit
                0x000000000800a9b8      0x1a4 CMakeFiles/gimbal_task.elf.dir/Src/i2c.c.obj
                0x000000000800a9b8                HAL_I2C_MspInit
 .text.HAL_TIM_PeriodElapsedCallback
                0x000000000800ab5c       0x18 CMakeFiles/gimbal_task.elf.dir/Src/main.c.obj
                0x000000000800ab5c                HAL_TIM_PeriodElapsedCallback
 .text.Error_Handler
                0x000000000800ab74        0x4 CMakeFiles/gimbal_task.elf.dir/Src/main.c.obj
                0x000000000800ab74                Error_Handler
 .text.SystemClock_Config
                0x000000000800ab78       0xa8 CMakeFiles/gimbal_task.elf.dir/Src/main.c.obj
                0x000000000800ab78                SystemClock_Config
 .text.main     0x000000000800ac20       0x80 CMakeFiles/gimbal_task.elf.dir/Src/main.c.obj
                0x000000000800ac20                main
 .text.MX_RNG_Init
                0x000000000800aca0       0x20 CMakeFiles/gimbal_task.elf.dir/Src/rng.c.obj
                0x000000000800aca0                MX_RNG_Init
 .text.HAL_RNG_MspInit
                0x000000000800acc0       0x30 CMakeFiles/gimbal_task.elf.dir/Src/rng.c.obj
                0x000000000800acc0                HAL_RNG_MspInit
 .text.MX_RTC_Init
                0x000000000800acf0       0x34 CMakeFiles/gimbal_task.elf.dir/Src/rtc.c.obj
                0x000000000800acf0                MX_RTC_Init
 .text.HAL_RTC_MspInit
                0x000000000800ad24       0x48 CMakeFiles/gimbal_task.elf.dir/Src/rtc.c.obj
                0x000000000800ad24                HAL_RTC_MspInit
 .text.MX_SPI1_Init
                0x000000000800ad6c       0x48 CMakeFiles/gimbal_task.elf.dir/Src/spi.c.obj
                0x000000000800ad6c                MX_SPI1_Init
 .text.MX_SPI2_Init
                0x000000000800adb4       0x48 CMakeFiles/gimbal_task.elf.dir/Src/spi.c.obj
                0x000000000800adb4                MX_SPI2_Init
 .text.HAL_SPI_MspInit
                0x000000000800adfc      0x188 CMakeFiles/gimbal_task.elf.dir/Src/spi.c.obj
                0x000000000800adfc                HAL_SPI_MspInit
 .text.HAL_MspInit
                0x000000000800af84       0x44 CMakeFiles/gimbal_task.elf.dir/Src/stm32f4xx_hal_msp.c.obj
                0x000000000800af84                HAL_MspInit
 .text.HAL_InitTick
                0x000000000800afc8       0xa4 CMakeFiles/gimbal_task.elf.dir/Src/stm32f4xx_hal_timebase_tim.c.obj
                0x000000000800afc8                HAL_InitTick
 .text.NMI_Handler
                0x000000000800b06c        0x2 CMakeFiles/gimbal_task.elf.dir/Src/stm32f4xx_it.c.obj
                0x000000000800b06c                NMI_Handler
 .text.HardFault_Handler
                0x000000000800b06e        0x2 CMakeFiles/gimbal_task.elf.dir/Src/stm32f4xx_it.c.obj
                0x000000000800b06e                HardFault_Handler
 .text.MemManage_Handler
                0x000000000800b070        0x2 CMakeFiles/gimbal_task.elf.dir/Src/stm32f4xx_it.c.obj
                0x000000000800b070                MemManage_Handler
 .text.BusFault_Handler
                0x000000000800b072        0x2 CMakeFiles/gimbal_task.elf.dir/Src/stm32f4xx_it.c.obj
                0x000000000800b072                BusFault_Handler
 .text.UsageFault_Handler
                0x000000000800b074        0x2 CMakeFiles/gimbal_task.elf.dir/Src/stm32f4xx_it.c.obj
                0x000000000800b074                UsageFault_Handler
 .text.DebugMon_Handler
                0x000000000800b076        0x2 CMakeFiles/gimbal_task.elf.dir/Src/stm32f4xx_it.c.obj
                0x000000000800b076                DebugMon_Handler
 .text.CAN1_RX0_IRQHandler
                0x000000000800b078       0x10 CMakeFiles/gimbal_task.elf.dir/Src/stm32f4xx_it.c.obj
                0x000000000800b078                CAN1_RX0_IRQHandler
 .text.CAN1_RX1_IRQHandler
                0x000000000800b088       0x10 CMakeFiles/gimbal_task.elf.dir/Src/stm32f4xx_it.c.obj
                0x000000000800b088                CAN1_RX1_IRQHandler
 .text.USART1_IRQHandler
                0x000000000800b098       0x10 CMakeFiles/gimbal_task.elf.dir/Src/stm32f4xx_it.c.obj
                0x000000000800b098                USART1_IRQHandler
 .text.TIM6_DAC_IRQHandler
                0x000000000800b0a8       0x10 CMakeFiles/gimbal_task.elf.dir/Src/stm32f4xx_it.c.obj
                0x000000000800b0a8                TIM6_DAC_IRQHandler
 .text.DMA2_Stream1_IRQHandler
                0x000000000800b0b8       0x10 CMakeFiles/gimbal_task.elf.dir/Src/stm32f4xx_it.c.obj
                0x000000000800b0b8                DMA2_Stream1_IRQHandler
 .text.OTG_FS_IRQHandler
                0x000000000800b0c8       0x10 CMakeFiles/gimbal_task.elf.dir/Src/stm32f4xx_it.c.obj
                0x000000000800b0c8                OTG_FS_IRQHandler
 .text.DMA2_Stream5_IRQHandler
                0x000000000800b0d8       0x10 CMakeFiles/gimbal_task.elf.dir/Src/stm32f4xx_it.c.obj
                0x000000000800b0d8                DMA2_Stream5_IRQHandler
 .text.DMA2_Stream6_IRQHandler
                0x000000000800b0e8       0x10 CMakeFiles/gimbal_task.elf.dir/Src/stm32f4xx_it.c.obj
                0x000000000800b0e8                DMA2_Stream6_IRQHandler
 .text.DMA2_Stream7_IRQHandler
                0x000000000800b0f8       0x10 CMakeFiles/gimbal_task.elf.dir/Src/stm32f4xx_it.c.obj
                0x000000000800b0f8                DMA2_Stream7_IRQHandler
 .text._sbrk    0x000000000800b108       0x48 CMakeFiles/gimbal_task.elf.dir/Src/sysmem.c.obj
                0x000000000800b108                _sbrk
 .text.SystemInit
                0x000000000800b150       0x14 CMakeFiles/gimbal_task.elf.dir/Src/system_stm32f4xx.c.obj
                0x000000000800b150                SystemInit
 .text.HAL_TIM_Base_MspInit
                0x000000000800b164       0xe4 CMakeFiles/gimbal_task.elf.dir/Src/tim.c.obj
                0x000000000800b164                HAL_TIM_Base_MspInit
 .text.HAL_TIM_MspPostInit
                0x000000000800b248      0x1d0 CMakeFiles/gimbal_task.elf.dir/Src/tim.c.obj
                0x000000000800b248                HAL_TIM_MspPostInit
 .text.MX_TIM1_Init
                0x000000000800b418      0x110 CMakeFiles/gimbal_task.elf.dir/Src/tim.c.obj
                0x000000000800b418                MX_TIM1_Init
 .text.MX_TIM3_Init
                0x000000000800b528       0xac CMakeFiles/gimbal_task.elf.dir/Src/tim.c.obj
                0x000000000800b528                MX_TIM3_Init
 .text.MX_TIM4_Init
                0x000000000800b5d4       0xb0 CMakeFiles/gimbal_task.elf.dir/Src/tim.c.obj
                0x000000000800b5d4                MX_TIM4_Init
 .text.MX_TIM5_Init
                0x000000000800b684       0xd4 CMakeFiles/gimbal_task.elf.dir/Src/tim.c.obj
                0x000000000800b684                MX_TIM5_Init
 .text.MX_TIM8_Init
                0x000000000800b758      0x100 CMakeFiles/gimbal_task.elf.dir/Src/tim.c.obj
                0x000000000800b758                MX_TIM8_Init
 .text.MX_TIM10_Init
                0x000000000800b858       0x74 CMakeFiles/gimbal_task.elf.dir/Src/tim.c.obj
                0x000000000800b858                MX_TIM10_Init
 .text.MX_USART1_UART_Init
                0x000000000800b8cc       0x34 CMakeFiles/gimbal_task.elf.dir/Src/usart.c.obj
                0x000000000800b8cc                MX_USART1_UART_Init
 .text.MX_USART3_UART_Init
                0x000000000800b900       0x3c CMakeFiles/gimbal_task.elf.dir/Src/usart.c.obj
                0x000000000800b900                MX_USART3_UART_Init
 .text.MX_USART6_UART_Init
                0x000000000800b93c       0x34 CMakeFiles/gimbal_task.elf.dir/Src/usart.c.obj
                0x000000000800b93c                MX_USART6_UART_Init
 .text.HAL_UART_MspInit
                0x000000000800b970      0x2c8 CMakeFiles/gimbal_task.elf.dir/Src/usart.c.obj
                0x000000000800b970                HAL_UART_MspInit
 .text.MX_USB_DEVICE_Init
                0x000000000800bc38       0x54 CMakeFiles/gimbal_task.elf.dir/Src/usb_device.c.obj
                0x000000000800bc38                MX_USB_DEVICE_Init
 .text.CDC_DeInit_FS
                0x000000000800bc8c        0x4 CMakeFiles/gimbal_task.elf.dir/Src/usbd_cdc_if.c.obj
 .text.CDC_Control_FS
                0x000000000800bc90        0x4 CMakeFiles/gimbal_task.elf.dir/Src/usbd_cdc_if.c.obj
 .text.CDC_TransmitCplt_FS
                0x000000000800bc94        0x4 CMakeFiles/gimbal_task.elf.dir/Src/usbd_cdc_if.c.obj
 .text.CDC_Receive_FS
                0x000000000800bc98       0x20 CMakeFiles/gimbal_task.elf.dir/Src/usbd_cdc_if.c.obj
 .text.CDC_Init_FS
                0x000000000800bcb8       0x28 CMakeFiles/gimbal_task.elf.dir/Src/usbd_cdc_if.c.obj
 .text.CDC_Transmit_FS
                0x000000000800bce0       0x2c CMakeFiles/gimbal_task.elf.dir/Src/usbd_cdc_if.c.obj
                0x000000000800bce0                CDC_Transmit_FS
 .text.HAL_PCD_MspInit
                0x000000000800bd0c       0x84 CMakeFiles/gimbal_task.elf.dir/Src/usbd_conf.c.obj
                0x000000000800bd0c                HAL_PCD_MspInit
 .text.HAL_PCD_SetupStageCallback
                0x000000000800bd90       0x10 CMakeFiles/gimbal_task.elf.dir/Src/usbd_conf.c.obj
                0x000000000800bd90                HAL_PCD_SetupStageCallback
 .text.HAL_PCD_DataOutStageCallback
                0x000000000800bda0       0x18 CMakeFiles/gimbal_task.elf.dir/Src/usbd_conf.c.obj
                0x000000000800bda0                HAL_PCD_DataOutStageCallback
 .text.HAL_PCD_DataInStageCallback
                0x000000000800bdb8       0x16 CMakeFiles/gimbal_task.elf.dir/Src/usbd_conf.c.obj
                0x000000000800bdb8                HAL_PCD_DataInStageCallback
 .text.HAL_PCD_SOFCallback
                0x000000000800bdce        0xc CMakeFiles/gimbal_task.elf.dir/Src/usbd_conf.c.obj
                0x000000000800bdce                HAL_PCD_SOFCallback
 .text.HAL_PCD_ResetCallback
                0x000000000800bdda       0x28 CMakeFiles/gimbal_task.elf.dir/Src/usbd_conf.c.obj
                0x000000000800bdda                HAL_PCD_ResetCallback
 *fill*         0x000000000800be02        0x2 
 .text.HAL_PCD_SuspendCallback
                0x000000000800be04       0x30 CMakeFiles/gimbal_task.elf.dir/Src/usbd_conf.c.obj
                0x000000000800be04                HAL_PCD_SuspendCallback